Component: ARM Compiler 5.06 update 6 (build 750) Tool: armlink [4d35ed]

==============================================================================

Section Cross References

    startup_stm32g031xx.o(RESET) refers to startup_stm32g031xx.o(STACK) for __initial_sp
    startup_stm32g031xx.o(RESET) refers to startup_stm32g031xx.o(.text) for Reset_Handler
    startup_stm32g031xx.o(RESET) refers to stm32g0xx_it.o(i.NMI_Handler) for NMI_Handler
    startup_stm32g031xx.o(RESET) refers to stm32g0xx_it.o(i.HardFault_Handler) for HardFault_Handler
    startup_stm32g031xx.o(RESET) refers to stm32g0xx_it.o(i.SVC_Handler) for SVC_Handler
    startup_stm32g031xx.o(RESET) refers to stm32g0xx_it.o(i.PendSV_Handler) for PendSV_Handler
    startup_stm32g031xx.o(RESET) refers to stm32g0xx_it.o(i.SysTick_Handler) for SysTick_Handler
    startup_stm32g031xx.o(RESET) refers to stm32g0xx_it.o(i.EXTI2_3_IRQHandler) for EXTI2_3_IRQHandler
    startup_stm32g031xx.o(.text) refers to system_stm32g0xx.o(i.SystemInit) for SystemInit
    startup_stm32g031xx.o(.text) refers to entry.o(.ARM.Collect$$$$00000000) for __main
    main.o(i.HAL_GPIO_EXTI_Falling_Callback) refers to printfb.o(i.__0printf$bare) for __2printf
    main.o(i.SystemClock_Config) refers to memseta.o(.text) for __aeabi_memclr4
    main.o(i.SystemClock_Config) refers to stm32g0xx_hal_pwr_ex.o(i.HAL_PWREx_ControlVoltageScaling) for HAL_PWREx_ControlVoltageScaling
    main.o(i.SystemClock_Config) refers to stm32g0xx_hal_rcc.o(i.HAL_RCC_OscConfig) for HAL_RCC_OscConfig
    main.o(i.SystemClock_Config) refers to stm32g0xx_hal_rcc.o(i.HAL_RCC_ClockConfig) for HAL_RCC_ClockConfig
    main.o(i.SystemClock_Config) refers to stm32g0xx_hal_rcc_ex.o(i.HAL_RCCEx_PeriphCLKConfig) for HAL_RCCEx_PeriphCLKConfig
    main.o(i.main) refers to stm32g0xx_hal.o(i.HAL_Init) for HAL_Init
    main.o(i.main) refers to main.o(i.SystemClock_Config) for SystemClock_Config
    main.o(i.main) refers to gpio.o(i.MX_GPIO_Init) for MX_GPIO_Init
    main.o(i.main) refers to usart.o(i.MX_LPUART1_UART_Init) for MX_LPUART1_UART_Init
    main.o(i.main) refers to printfb.o(i.__0printf$bare) for __2printf
    main.o(i.main) refers to gpio.o(i.LED_Blinking_5s) for LED_Blinking_5s
    main.o(i.main) refers to stm32g0xx_hal_gpio.o(i.HAL_GPIO_WritePin) for HAL_GPIO_WritePin
    main.o(i.main) refers to stm32g0xx_hal.o(i.HAL_Delay) for HAL_Delay
    gpio.o(i.LED_Blinking_5s) refers to stm32g0xx_hal_gpio.o(i.HAL_GPIO_TogglePin) for HAL_GPIO_TogglePin
    gpio.o(i.LED_Blinking_5s) refers to stm32g0xx_hal.o(i.HAL_Delay) for HAL_Delay
    gpio.o(i.LED_Blinking_5s) refers to stm32g0xx_hal_gpio.o(i.HAL_GPIO_WritePin) for HAL_GPIO_WritePin
    gpio.o(i.MX_GPIO_Init) refers to memseta.o(.text) for __aeabi_memclr4
    gpio.o(i.MX_GPIO_Init) refers to stm32g0xx_hal_gpio.o(i.HAL_GPIO_WritePin) for HAL_GPIO_WritePin
    gpio.o(i.MX_GPIO_Init) refers to stm32g0xx_hal_gpio.o(i.HAL_GPIO_Init) for HAL_GPIO_Init
    gpio.o(i.MX_GPIO_Init) refers to stm32g0xx_hal_cortex.o(i.HAL_NVIC_SetPriority) for HAL_NVIC_SetPriority
    gpio.o(i.MX_GPIO_Init) refers to stm32g0xx_hal_cortex.o(i.HAL_NVIC_EnableIRQ) for HAL_NVIC_EnableIRQ
    usart.o(i.HAL_UART_MspDeInit) refers to stm32g0xx_hal_gpio.o(i.HAL_GPIO_DeInit) for HAL_GPIO_DeInit
    usart.o(i.HAL_UART_MspInit) refers to memseta.o(.text) for __aeabi_memclr4
    usart.o(i.HAL_UART_MspInit) refers to stm32g0xx_hal_gpio.o(i.HAL_GPIO_Init) for HAL_GPIO_Init
    usart.o(i.MX_LPUART1_UART_Init) refers to stm32g0xx_hal_uart.o(i.HAL_UART_Init) for HAL_UART_Init
    usart.o(i.MX_LPUART1_UART_Init) refers to main.o(i.Error_Handler) for Error_Handler
    usart.o(i.MX_LPUART1_UART_Init) refers to stm32g0xx_hal_uart_ex.o(i.HAL_UARTEx_SetTxFifoThreshold) for HAL_UARTEx_SetTxFifoThreshold
    usart.o(i.MX_LPUART1_UART_Init) refers to stm32g0xx_hal_uart_ex.o(i.HAL_UARTEx_SetRxFifoThreshold) for HAL_UARTEx_SetRxFifoThreshold
    usart.o(i.MX_LPUART1_UART_Init) refers to stm32g0xx_hal_uart_ex.o(i.HAL_UARTEx_DisableFifoMode) for HAL_UARTEx_DisableFifoMode
    usart.o(i.MX_LPUART1_UART_Init) refers to usart.o(.bss) for .bss
    usart.o(i.UART_Out_Stop) refers to memseta.o(.text) for __aeabi_memclr4
    usart.o(i.UART_Out_Stop) refers to stm32g0xx_hal_gpio.o(i.HAL_GPIO_Init) for HAL_GPIO_Init
    usart.o(i.fputc) refers to stm32g0xx_hal_uart.o(i.HAL_UART_Transmit) for HAL_UART_Transmit
    usart.o(i.fputc) refers to usart.o(.bss) for .bss
    stm32g0xx_it.o(i.EXTI2_3_IRQHandler) refers to stm32g0xx_hal_gpio.o(i.HAL_GPIO_EXTI_IRQHandler) for HAL_GPIO_EXTI_IRQHandler
    stm32g0xx_it.o(i.SysTick_Handler) refers to stm32g0xx_hal.o(i.HAL_IncTick) for HAL_IncTick
    pwr.o(i.MX_PWR_GPIO_Init) refers to memseta.o(.text) for __aeabi_memclr4
    pwr.o(i.MX_PWR_GPIO_Init) refers to stm32g0xx_hal_gpio.o(i.HAL_GPIO_Init) for HAL_GPIO_Init
    pwr.o(i.MX_PWR_Init) refers to stm32g0xx_hal_pwr.o(i.HAL_PWR_EnterSTOPMode) for HAL_PWR_EnterSTOPMode
[...]
    stm32g0xx_hal_flash_ex.o(i.HAL_FLASHEx_Erase_IT) refers to stm32g0xx_hal_flash_ex.o(i.FLASH_MassErase) for FLASH_MassErase
    stm32g0xx_hal_flash_ex.o(i.HAL_FLASHEx_Erase_IT) refers to stm32g0xx_hal_flash.o(.bss) for pFlash
    stm32g0xx_hal_flash_ex.o(i.HAL_FLASHEx_OBGetConfig) refers to stm32g0xx_hal_flash_ex.o(i.FLASH_OB_GetRDP) for FLASH_OB_GetRDP
    stm32g0xx_hal_flash_ex.o(i.HAL_FLASHEx_OBGetConfig) refers to stm32g0xx_hal_flash_ex.o(i.FLASH_OB_GetUser) for FLASH_OB_GetUser
    stm32g0xx_hal_flash_ex.o(i.HAL_FLASHEx_OBProgram) refers to stm32g0xx_hal_flash_ex.o(i.FLASH_OB_GetUser) for FLASH_OB_GetUser
    stm32g0xx_hal_flash_ex.o(i.HAL_FLASHEx_OBProgram) refers to stm32g0xx_hal_flash_ex.o(i.FLASH_OB_GetRDP) for FLASH_OB_GetRDP
    stm32g0xx_hal_flash_ex.o(i.HAL_FLASHEx_OBProgram) refers to stm32g0xx_hal_flash_ex.o(i.FLASH_OB_OptrConfig) for FLASH_OB_OptrConfig
    stm32g0xx_hal_flash_ex.o(i.HAL_FLASHEx_OBProgram) refers to stm32g0xx_hal_flash.o(i.FLASH_WaitForLastOperation) for FLASH_WaitForLastOperation
    stm32g0xx_hal_flash_ex.o(i.HAL_FLASHEx_OBProgram) refers to stm32g0xx_hal_flash.o(.bss) for pFlash
    stm32g0xx_hal_dma.o(i.DMA_CalcDMAMUXChannelBaseAndMask) refers to uidiv.o(.text) for __aeabi_uidivmod
    stm32g0xx_hal_dma.o(i.HAL_DMA_DeInit) refers to uidiv.o(.text) for __aeabi_uidivmod
    stm32g0xx_hal_dma.o(i.HAL_DMA_DeInit) refers to stm32g0xx_hal_dma.o(i.DMA_CalcDMAMUXChannelBaseAndMask) for DMA_CalcDMAMUXChannelBaseAndMask
    stm32g0xx_hal_dma.o(i.HAL_DMA_DeInit) refers to stm32g0xx_hal_dma.o(i.DMA_CalcDMAMUXRequestGenBaseAndMask) for DMA_CalcDMAMUXRequestGenBaseAndMask
    stm32g0xx_hal_dma.o(i.HAL_DMA_Init) refers to uidiv.o(.text) for __aeabi_uidivmod
    stm32g0xx_hal_dma.o(i.HAL_DMA_Init) refers to stm32g0xx_hal_dma.o(i.DMA_CalcDMAMUXChannelBaseAndMask) for DMA_CalcDMAMUXChannelBaseAndMask
    stm32g0xx_hal_dma.o(i.HAL_DMA_Init) refers to stm32g0xx_hal_dma.o(i.DMA_CalcDMAMUXRequestGenBaseAndMask) for DMA_CalcDMAMUXRequestGenBaseAndMask
    stm32g0xx_hal_dma.o(i.HAL_DMA_PollForTransfer) refers to stm32g0xx_hal.o(i.HAL_GetTick) for HAL_GetTick
    stm32g0xx_hal_dma.o(i.HAL_DMA_Start) refers to stm32g0xx_hal_dma.o(i.DMA_SetConfig) for DMA_SetConfig
    stm32g0xx_hal_dma.o(i.HAL_DMA_Start_IT) refers to stm32g0xx_hal_dma.o(i.DMA_SetConfig) for DMA_SetConfig
    stm32g0xx_hal_dma.o(i.HAL_DMA_UnRegisterCallback) refers to stm32g0xx_hal_dma.o(i.__ARM_common_switch8) for __ARM_common_switch8
    stm32g0xx_hal_pwr.o(i.HAL_PWR_EnterSLEEPMode) refers to stm32g0xx_hal_pwr_ex.o(i.HAL_PWREx_EnableLowPowerRunMode) for HAL_PWREx_EnableLowPowerRunMode
    stm32g0xx_hal_pwr.o(i.HAL_PWR_EnterSLEEPMode) refers to stm32g0xx_hal_pwr_ex.o(i.HAL_PWREx_DisableLowPowerRunMode) for HAL_PWREx_DisableLowPowerRunMode
    stm32g0xx_hal_pwr.o(i.HAL_PWR_PVD_IRQHandler) refers to stm32g0xx_hal_pwr.o(i.HAL_PWR_PVD_Rising_Callback) for HAL_PWR_PVD_Rising_Callback
    stm32g0xx_hal_pwr.o(i.HAL_PWR_PVD_IRQHandler) refers to stm32g0xx_hal_pwr.o(i.HAL_PWR_PVD_Falling_Callback) for HAL_PWR_PVD_Falling_Callback
    stm32g0xx_hal_pwr_ex.o(i.HAL_PWREx_ControlVoltageScaling) refers to uidiv.o(.text) for __aeabi_uidivmod
    stm32g0xx_hal_pwr_ex.o(i.HAL_PWREx_ControlVoltageScaling) refers to system_stm32g0xx.o(.data) for SystemCoreClock
    stm32g0xx_hal_pwr_ex.o(i.HAL_PWREx_DisableGPIOPullDown) refers to stm32g0xx_hal_dma.o(i.__ARM_common_switch8) for __ARM_common_switch8
    stm32g0xx_hal_pwr_ex.o(i.HAL_PWREx_DisableGPIOPullUp) refers to stm32g0xx_hal_dma.o(i.__ARM_common_switch8) for __ARM_common_switch8
    stm32g0xx_hal_pwr_ex.o(i.HAL_PWREx_DisableLowPowerRunMode) refers to uidiv.o(.text) for __aeabi_uidivmod
    stm32g0xx_hal_pwr_ex.o(i.HAL_PWREx_DisableLowPowerRunMode) refers to system_stm32g0xx.o(.data) for SystemCoreClock
    stm32g0xx_hal_pwr_ex.o(i.HAL_PWREx_EnableGPIOPullDown) refers to stm32g0xx_hal_dma.o(i.__ARM_common_switch8) for __ARM_common_switch8
    stm32g0xx_hal_pwr_ex.o(i.HAL_PWREx_EnableGPIOPullUp) refers to stm32g0xx_hal_dma.o(i.__ARM_common_switch8) for __ARM_common_switch8
    stm32g0xx_hal_cortex.o(i.HAL_NVIC_SetPriority) refers to stm32g0xx_hal_cortex.o(i.__NVIC_SetPriority) for __NVIC_SetPriority
    stm32g0xx_hal_cortex.o(i.HAL_SYSTICK_Config) refers to stm32g0xx_hal_cortex.o(i.__NVIC_SetPriority) for __NVIC_SetPriority
    stm32g0xx_hal_cortex.o(i.HAL_SYSTICK_IRQHandler) refers to stm32g0xx_hal_cortex.o(i.HAL_SYSTICK_Callback) for HAL_SYSTICK_Callback
    stm32g0xx_hal.o(i.HAL_DeInit) refers to stm32g0xx_hal.o(i.HAL_MspDeInit) for HAL_MspDeInit
    stm32g0xx_hal.o(i.HAL_Delay) refers to stm32g0xx_hal.o(i.HAL_GetTick) for HAL_GetTick
    stm32g0xx_hal.o(i.HAL_Delay) refers to stm32g0xx_hal.o(.data) for .data
    stm32g0xx_hal.o(i.HAL_GetTick) refers to stm32g0xx_hal.o(.data) for .data
    stm32g0xx_hal.o(i.HAL_GetTickFreq) refers to stm32g0xx_hal.o(.data) for .data
    stm32g0xx_hal.o(i.HAL_GetTickPrio) refers to stm32g0xx_hal.o(.data) for .data
    stm32g0xx_hal.o(i.HAL_IncTick) refers to stm32g0xx_hal.o(.data) for .data
    stm32g0xx_hal.o(i.HAL_Init) refers to stm32g0xx_hal.o(i.HAL_InitTick) for HAL_InitTick
    stm32g0xx_hal.o(i.HAL_Init) refers to stm32g0xx_hal_msp.o(i.HAL_MspInit) for HAL_MspInit
    stm32g0xx_hal.o(i.HAL_InitTick) refers to uidiv.o(.text) for __aeabi_uidivmod
    stm32g0xx_hal.o(i.HAL_InitTick) refers to stm32g0xx_hal_cortex.o(i.HAL_SYSTICK_Config) for HAL_SYSTICK_Config
    stm32g0xx_hal.o(i.HAL_InitTick) refers to stm32g0xx_hal_cortex.o(i.HAL_NVIC_SetPriority) for HAL_NVIC_SetPriority
    stm32g0xx_hal.o(i.HAL_InitTick) refers to stm32g0xx_hal.o(.data) for .data
    stm32g0xx_hal.o(i.HAL_InitTick) refers to system_stm32g0xx.o(.data) for SystemCoreClock
    stm32g0xx_hal.o(i.HAL_SYSCFG_EnableVREFBUF) refers to stm32g0xx_hal.o(i.HAL_GetTick) for HAL_GetTick
    stm32g0xx_hal.o(i.HAL_SetTickFreq) refers to stm32g0xx_hal.o(i.HAL_InitTick) for HAL_InitTick
    stm32g0xx_hal.o(i.HAL_SetTickFreq) refers to stm32g0xx_hal.o(.data) for .data
    system_stm32g0xx.o(i.SystemCoreClockUpdate) refers to uidiv.o(.text) for __aeabi_uidivmod
    system_stm32g0xx.o(i.SystemCoreClockUpdate) refers to system_stm32g0xx.o(.data) for .data
    system_stm32g0xx.o(i.SystemCoreClockUpdate) refers to system_stm32g0xx.o(.constdata) for .constdata
    entry.o(.ARM.Collect$$$$00000000) refers (Special) to entry10a.o(.ARM.Collect$$$$0000000D) for __rt_final_cpp
    entry.o(.ARM.Collect$$$$00000000) refers (Special) to entry11a.o(.ARM.Collect$$$$0000000F) for __rt_final_exit
    entry.o(.ARM.Collect$$$$00000000) refers (Special) to entry7b.o(.ARM.Collect$$$$00000008) for _main_clock
    entry.o(.ARM.Collect$$$$00000000) refers (Special) to entry8b.o(.ARM.Collect$$$$0000000A) for _main_cpp_init
    entry.o(.ARM.Collect$$$$00000000) refers (Special) to entry9a.o(.ARM.Collect$$$$0000000B) for _main_init
    entry.o(.ARM.Collect$$$$00000000) refers (Special) to entry5.o(.ARM.Collect$$$$00000004) for _main_scatterload
    entry.o(.ARM.Collect$$$$00000000) refers (Special) to entry2.o(.ARM.Collect$$$$00000001) for _main_stk
    uldiv.o(.text) refers to llushr.o(.text) for __aeabi_llsr
    uldiv.o(.text) refers to llshl.o(.text) for __aeabi_llsl
    printfb.o(i.__0fprintf$bare) refers to printfb.o(i._printf_core) for _printf_core
    printfb.o(i.__0fprintf$bare) refers to usart.o(i.fputc) for fputc
    printfb.o(i.__0printf$bare) refers to printfb.o(i._printf_core) for _printf_core
    printfb.o(i.__0printf$bare) refers to usart.o(i.fputc) for fputc
    printfb.o(i.__0printf$bare) refers to stdout.o(.data) for __stdout
    printfb.o(i.__0snprintf$bare) refers to printfb.o(i._printf_core) for _printf_core
    printfb.o(i.__0snprintf$bare) refers to printfb.o(i._snputc) for _snputc
    printfb.o(i.__0sprintf$bare) refers to printfb.o(i._printf_core) for _printf_core
    printfb.o(i.__0sprintf$bare) refers to printfb.o(i._sputc) for _sputc
    printfb.o(i.__0vfprintf$bare) refers to printfb.o(i._printf_core) for _printf_core
    printfb.o(i.__0vfprintf$bare) refers to usart.o(i.fputc) for fputc
    printfb.o(i.__0vprintf$bare) refers to printfb.o(i._printf_core) for _printf_core
    printfb.o(i.__0vprintf$bare) refers to usart.o(i.fputc) for fputc
    printfb.o(i.__0vprintf$bare) refers to stdout.o(.data) for __stdout
    printfb.o(i.__0vsnprintf$bare) refers to printfb.o(i._printf_core) for _printf_core
    printfb.o(i.__0vsnprintf$bare) refers to printfb.o(i._snputc) for _snputc
    printfb.o(i.__0vsprintf$bare) refers to printfb.o(i._printf_core) for _printf_core
    printfb.o(i.__0vsprintf$bare) refers to printfb.o(i._sputc) for _sputc
    printf0.o(i.__0fprintf$0) refers to printf0.o(i._printf_core) for _printf_core
    printf0.o(i.__0fprintf$0) refers to usart.o(i.fputc) for fputc
    printf0.o(i.__0printf$0) refers to printf0.o(i._printf_core) for _printf_core
    printf0.o(i.__0printf$0) refers to usart.o(i.fputc) for fputc
    printf0.o(i.__0printf$0) refers to stdout.o(.data) for __stdout
    printf0.o(i.__0snprintf$0) refers to printf0.o(i._printf_core) for _printf_core
    printf0.o(i.__0snprintf$0) refers to printf0.o(i._snputc) for _snputc
    printf0.o(i.__0sprintf$0) refers to printf0.o(i._printf_core) for _printf_core
    printf0.o(i.__0sprintf$0) refers to printf0.o(i._sputc) for _sputc
    printf0.o(i.__0vfprintf$0) refers to printf0.o(i._printf_core) for _printf_core
    printf0.o(i.__0vfprintf$0) refers to usart.o(i.fputc) for fputc
    printf0.o(i.__0vprintf$0) refers to printf0.o(i._printf_core) for _printf_core
    printf0.o(i.__0vprintf$0) refers to usart.o(i.fputc) for fputc
    printf0.o(i.__0vprintf$0) refers to stdout.o(.data) for __stdout
    printf0.o(i.__0vsnprintf$0) refers to printf0.o(i._printf_core) for _printf_core
    printf0.o(i.__0vsnprintf$0) refers to printf0.o(i._snputc) for _snputc
    printf0.o(i.__0vsprintf$0) refers to printf0.o(i._printf_core) for _printf_core
    printf0.o(i.__0vsprintf$0) refers to printf0.o(i._sputc) for _sputc
    printf1.o(i.__0fprintf$1) refers to printf1.o(i._printf_core) for _printf_core
    printf1.o(i.__0fprintf$1) refers to usart.o(i.fputc) for fputc
    printf1.o(i.__0printf$1) refers to printf1.o(i._printf_core) for _printf_core
    printf1.o(i.__0printf$1) refers to usart.o(i.fputc) for fputc
    printf1.o(i.__0printf$1) refers to stdout.o(.data) for __stdout
    printf1.o(i.__0snprintf$1) refers to printf1.o(i._printf_core) for _printf_core
    printf1.o(i.__0snprintf$1) refers to printf1.o(i._snputc) for _snputc
    printf1.o(i.__0sprintf$1) refers to printf1.o(i._printf_core) for _printf_core
    printf1.o(i.__0sprintf$1) refers to printf1.o(i._sputc) for _sputc
    printf1.o(i.__0vfprintf$1) refers to printf1.o(i._printf_core) for _printf_core
    printf1.o(i.__0vfprintf$1) refers to usart.o(i.fputc) for fputc
    printf1.o(i.__0vprintf$1) refers to printf1.o(i._printf_core) for _printf_core
    printf1.o(i.__0vprintf$1) refers to usart.o(i.fputc) for fputc
    printf1.o(i.__0vprintf$1) refers to stdout.o(.data) for __stdout
    printf1.o(i.__0vsnprintf$1) refers to printf1.o(i._printf_core) for _printf_core
    printf1.o(i.__0vsnprintf$1) refers to printf1.o(i._snputc) for _snputc
    printf1.o(i.__0vsprintf$1) refers to printf1.o(i._printf_core) for _printf_core
    printf1.o(i.__0vsprintf$1) refers to printf1.o(i._sputc) for _sputc
    printf1.o(i._printf_core) refers to uidiv.o(.text) for __aeabi_uidivmod
    printf2.o(i.__0fprintf$2) refers to printf2.o(i._printf_core) for _printf_core
    printf2.o(i.__0fprintf$2) refers to usart.o(i.fputc) for fputc
    printf2.o(i.__0printf$2) refers to printf2.o(i._printf_core) for _printf_core
    printf2.o(i.__0printf$2) refers to usart.o(i.fputc) for fputc
    printf2.o(i.__0printf$2) refers to stdout.o(.data) for __stdout
    printf2.o(i.__0snprintf$2) refers to printf2.o(i._printf_core) for _printf_core
    printf2.o(i.__0snprintf$2) refers to printf2.o(i._snputc) for _snputc
    printf2.o(i.__0sprintf$2) refers to printf2.o(i._printf_core) for _printf_core
    printf2.o(i.__0sprintf$2) refers to printf2.o(i._sputc) for _sputc
    printf2.o(i.__0vfprintf$2) refers to printf2.o(i._printf_core) for _printf_core
    printf2.o(i.__0vfprintf$2) refers to usart.o(i.fputc) for fputc
    printf2.o(i.__0vprintf$2) refers to printf2.o(i._printf_core) for _printf_core
    printf2.o(i.__0vprintf$2) refers to usart.o(i.fputc) for fputc
    printf2.o(i.__0vprintf$2) refers to stdout.o(.data) for __stdout
    printf2.o(i.__0vsnprintf$2) refers to printf2.o(i._printf_core) for _printf_core
    printf2.o(i.__0vsnprintf$2) refers to printf2.o(i._snputc) for _snputc
    printf2.o(i.__0vsprintf$2) refers to printf2.o(i._printf_core) for _printf_core
    printf2.o(i.__0vsprintf$2) refers to printf2.o(i._sputc) for _sputc
    printf3.o(i.__0fprintf$3) refers to printf3.o(i._printf_core) for _printf_core
    printf3.o(i.__0fprintf$3) refers to usart.o(i.fputc) for fputc
    printf3.o(i.__0printf$3) refers to printf3.o(i._printf_core) for _printf_core
    printf3.o(i.__0printf$3) refers to usart.o(i.fputc) for fputc
    printf3.o(i.__0printf$3) refers to stdout.o(.data) for __stdout
    printf3.o(i.__0snprintf$3) refers to printf3.o(i._printf_core) for _printf_core
    printf3.o(i.__0snprintf$3) refers to printf3.o(i._snputc) for _snputc
    printf3.o(i.__0sprintf$3) refers to printf3.o(i._printf_core) for _printf_core
    printf3.o(i.__0sprintf$3) refers to printf3.o(i._sputc) for _sputc
    printf3.o(i.__0vfprintf$3) refers to printf3.o(i._printf_core) for _printf_core
    printf3.o(i.__0vfprintf$3) refers to usart.o(i.fputc) for fputc
    printf3.o(i.__0vprintf$3) refers to printf3.o(i._printf_core) for _printf_core
    printf3.o(i.__0vprintf$3) refers to usart.o(i.fputc) for fputc
    printf3.o(i.__0vprintf$3) refers to stdout.o(.data) for __stdout
    printf3.o(i.__0vsnprintf$3) refers to printf3.o(i._printf_core) for _printf_core
    printf3.o(i.__0vsnprintf$3) refers to printf3.o(i._snputc) for _snputc
    printf3.o(i.__0vsprintf$3) refers to printf3.o(i._printf_core) for _printf_core
    printf3.o(i.__0vsprintf$3) refers to printf3.o(i._sputc) for _sputc
    printf3.o(i._printf_core) refers to uidiv.o(.text) for __aeabi_uidivmod
    printf4.o(i.__0fprintf$4) refers to printf4.o(i._printf_core) for _printf_core
    printf4.o(i.__0fprintf$4) refers to usart.o(i.fputc) for fputc
    printf4.o(i.__0printf$4) refers to printf4.o(i._printf_core) for _printf_core
    printf4.o(i.__0printf$4) refers to usart.o(i.fputc) for fputc
    printf4.o(i.__0printf$4) refers to stdout.o(.data) for __stdout
    printf4.o(i.__0snprintf$4) refers to printf4.o(i._printf_core) for _printf_core
    printf4.o(i.__0snprintf$4) refers to printf4.o(i._snputc) for _snputc
    printf4.o(i.__0sprintf$4) refers to printf4.o(i._printf_core) for _printf_core
    printf4.o(i.__0sprintf$4) refers to printf4.o(i._sputc) for _sputc
    printf4.o(i.__0vfprintf$4) refers to printf4.o(i._printf_core) for _printf_core
    printf4.o(i.__0vfprintf$4) refers to usart.o(i.fputc) for fputc
    printf4.o(i.__0vprintf$4) refers to printf4.o(i._printf_core) for _printf_core
    printf4.o(i.__0vprintf$4) refers to usart.o(i.fputc) for fputc
    printf4.o(i.__0vprintf$4) refers to stdout.o(.data) for __stdout
    printf4.o(i.__0vsnprintf$4) refers to printf4.o(i._printf_core) for _printf_core
    printf4.o(i.__0vsnprintf$4) refers to printf4.o(i._snputc) for _snputc
    printf4.o(i.__0vsprintf$4) refers to printf4.o(i._printf_core) for _printf_core
    printf4.o(i.__0vsprintf$4) refers to printf4.o(i._sputc) for _sputc
    printf4.o(i._printf_core) refers to uldiv.o(.text) for __aeabi_uldivmod
    printf5.o(i.__0fprintf$5) refers to printf5.o(i._printf_core) for _printf_core
    printf5.o(i.__0fprintf$5) refers to usart.o(i.fputc) for fputc
    printf5.o(i.__0printf$5) refers to printf5.o(i._printf_core) for _printf_core
    printf5.o(i.__0printf$5) refers to usart.o(i.fputc) for fputc
    printf5.o(i.__0printf$5) refers to stdout.o(.data) for __stdout
    printf5.o(i.__0snprintf$5) refers to printf5.o(i._printf_core) for _printf_core
    printf5.o(i.__0snprintf$5) refers to printf5.o(i._snputc) for _snputc
    printf5.o(i.__0sprintf$5) refers to printf5.o(i._printf_core) for _printf_core
    printf5.o(i.__0sprintf$5) refers to printf5.o(i._sputc) for _sputc
    printf5.o(i.__0vfprintf$5) refers to printf5.o(i._printf_core) for _printf_core
    printf5.o(i.__0vfprintf$5) refers to usart.o(i.fputc) for fputc
    printf5.o(i.__0vprintf$5) refers to printf5.o(i._printf_core) for _printf_core
    printf5.o(i.__0vprintf$5) refers to usart.o(i.fputc) for fputc
    printf5.o(i.__0vprintf$5) refers to stdout.o(.data) for __stdout
    printf5.o(i.__0vsnprintf$5) refers to printf5.o(i._printf_core) for _printf_core
    printf5.o(i.__0vsnprintf$5) refers to printf5.o(i._snputc) for _snputc
    printf5.o(i.__0vsprintf$5) refers to printf5.o(i._printf_core) for _printf_core
    printf5.o(i.__0vsprintf$5) refers to printf5.o(i._sputc) for _sputc
    printf5.o(i._printf_core) refers to uldiv.o(.text) for __aeabi_uldivmod
    printf6.o(i.__0fprintf$6) refers to printf6.o(i._printf_core) for _printf_core
    printf6.o(i.__0fprintf$6) refers to usart.o(i.fputc) for fputc
    printf6.o(i.__0printf$6) refers to printf6.o(i._printf_core) for _printf_core
    printf6.o(i.__0printf$6) refers to usart.o(i.fputc) for fputc
    printf6.o(i.__0printf$6) refers to stdout.o(.data) for __stdout
    printf6.o(i.__0snprintf$6) refers to printf6.o(i._printf_core) for _printf_core
    printf6.o(i.__0snprintf$6) refers to printf6.o(i._snputc) for _snputc
    printf6.o(i.__0sprintf$6) refers to printf6.o(i._printf_core) for _printf_core
    printf6.o(i.__0sprintf$6) refers to printf6.o(i._sputc) for _sputc
    printf6.o(i.__0vfprintf$6) refers to printf6.o(i._printf_core) for _printf_core
    printf6.o(i.__0vfprintf$6) refers to usart.o(i.fputc) for fputc
    printf6.o(i.__0vprintf$6) refers to printf6.o(i._printf_core) for _printf_core
    printf6.o(i.__0vprintf$6) refers to usart.o(i.fputc) for fputc
    printf6.o(i.__0vprintf$6) refers to stdout.o(.data) for __stdout
    printf6.o(i.__0vsnprintf$6) refers to printf6.o(i._printf_core) for _printf_core
    printf6.o(i.__0vsnprintf$6) refers to printf6.o(i._snputc) for _snputc
    printf6.o(i.__0vsprintf$6) refers to printf6.o(i._printf_core) for _printf_core
    printf6.o(i.__0vsprintf$6) refers to printf6.o(i._sputc) for _sputc
    printf6.o(i._printf_core) refers to printf6.o(i._printf_pre_padding) for _printf_pre_padding
    printf6.o(i._printf_core) refers to printf6.o(i._printf_post_padding) for _printf_post_padding
    printf6.o(i._printf_core) refers to uidiv.o(.text) for __aeabi_uidivmod
    printf7.o(i.__0fprintf$7) refers to printf7.o(i._printf_core) for _printf_core
    printf7.o(i.__0fprintf$7) refers to usart.o(i.fputc) for fputc
    printf7.o(i.__0printf$7) refers to printf7.o(i._printf_core) for _printf_core
    printf7.o(i.__0printf$7) refers to usart.o(i.fputc) for fputc
    printf7.o(i.__0printf$7) refers to stdout.o(.data) for __stdout
    printf7.o(i.__0snprintf$7) refers to printf7.o(i._printf_core) for _printf_core
    printf7.o(i.__0snprintf$7) refers to printf7.o(i._snputc) for _snputc
    printf7.o(i.__0sprintf$7) refers to printf7.o(i._printf_core) for _printf_core
    printf7.o(i.__0sprintf$7) refers to printf7.o(i._sputc) for _sputc
    printf7.o(i.__0vfprintf$7) refers to printf7.o(i._printf_core) for _printf_core
    printf7.o(i.__0vfprintf$7) refers to usart.o(i.fputc) for fputc
    printf7.o(i.__0vprintf$7) refers to printf7.o(i._printf_core) for _printf_core
    printf7.o(i.__0vprintf$7) refers to usart.o(i.fputc) for fputc
    printf7.o(i.__0vprintf$7) refers to stdout.o(.data) for __stdout
    printf7.o(i.__0vsnprintf$7) refers to printf7.o(i._printf_core) for _printf_core
    printf7.o(i.__0vsnprintf$7) refers to printf7.o(i._snputc) for _snputc
    printf7.o(i.__0vsprintf$7) refers to printf7.o(i._printf_core) for _printf_core
    printf7.o(i.__0vsprintf$7) refers to printf7.o(i._sputc) for _sputc
    printf7.o(i._printf_core) refers to printf7.o(i._printf_pre_padding) for _printf_pre_padding
    printf7.o(i._printf_core) refers to printf7.o(i._printf_post_padding) for _printf_post_padding
    printf7.o(i._printf_core) refers to uldiv.o(.text) for __aeabi_uldivmod
    printf8.o(i.__0fprintf$8) refers to printf8.o(i._printf_core) for _printf_core
    printf8.o(i.__0fprintf$8) refers to usart.o(i.fputc) for fputc
    printf8.o(i.__0printf$8) refers to printf8.o(i._printf_core) for _printf_core
    printf8.o(i.__0printf$8) refers to usart.o(i.fputc) for fputc
    printf8.o(i.__0printf$8) refers to stdout.o(.data) for __stdout
    printf8.o(i.__0snprintf$8) refers to printf8.o(i._printf_core) for _printf_core
    printf8.o(i.__0snprintf$8) refers to printf8.o(i._snputc) for _snputc
    printf8.o(i.__0sprintf$8) refers to printf8.o(i._printf_core) for _printf_core
    printf8.o(i.__0sprintf$8) refers to printf8.o(i._sputc) for _sputc
    printf8.o(i.__0vfprintf$8) refers to printf8.o(i._printf_core) for _printf_core
    printf8.o(i.__0vfprintf$8) refers to usart.o(i.fputc) for fputc
    printf8.o(i.__0vprintf$8) refers to printf8.o(i._printf_core) for _printf_core
    printf8.o(i.__0vprintf$8) refers to usart.o(i.fputc) for fputc
    printf8.o(i.__0vprintf$8) refers to stdout.o(.data) for __stdout
    printf8.o(i.__0vsnprintf$8) refers to printf8.o(i._printf_core) for _printf_core
    printf8.o(i.__0vsnprintf$8) refers to printf8.o(i._snputc) for _snputc
    printf8.o(i.__0vsprintf$8) refers to printf8.o(i._printf_core) for _printf_core
    printf8.o(i.__0vsprintf$8) refers to printf8.o(i._sputc) for _sputc
    printf8.o(i._printf_core) refers to printf8.o(i._printf_pre_padding) for _printf_pre_padding
    printf8.o(i._printf_core) refers to printf8.o(i._printf_post_padding) for _printf_post_padding
    printf8.o(i._printf_core) refers to uldiv.o(.text) for __aeabi_uldivmod
    printfa.o(i.__0fprintf) refers (Special) to iusefp.o(.text) for __I$use$fp
    printfa.o(i.__0fprintf) refers to printfa.o(i._printf_core) for _printf_core
    printfa.o(i.__0fprintf) refers to usart.o(i.fputc) for fputc
    printfa.o(i.__0printf) refers (Special) to iusefp.o(.text) for __I$use$fp
    printfa.o(i.__0printf) refers to printfa.o(i._printf_core) for _printf_core
    printfa.o(i.__0printf) refers to usart.o(i.fputc) for fputc
    printfa.o(i.__0printf) refers to stdout.o(.data) for __stdout
    printfa.o(i.__0snprintf) refers (Special) to iusefp.o(.text) for __I$use$fp
    printfa.o(i.__0snprintf) refers to printfa.o(i._printf_core) for _printf_core
    printfa.o(i.__0snprintf) refers to printfa.o(i._snputc) for _snputc
    printfa.o(i.__0sprintf) refers (Special) to iusefp.o(.text) for __I$use$fp
    printfa.o(i.__0sprintf) refers to printfa.o(i._printf_core) for _printf_core
    printfa.o(i.__0sprintf) refers to printfa.o(i._sputc) for _sputc
    printfa.o(i.__0vfprintf) refers (Special) to iusefp.o(.text) for __I$use$fp
    printfa.o(i.__0vfprintf) refers to printfa.o(i._printf_core) for _printf_core
    printfa.o(i.__0vfprintf) refers to usart.o(i.fputc) for fputc
    printfa.o(i.__0vprintf) refers (Special) to iusefp.o(.text) for __I$use$fp
    printfa.o(i.__0vprintf) refers to printfa.o(i._printf_core) for _printf_core
    printfa.o(i.__0vprintf) refers to usart.o(i.fputc) for fputc
    printfa.o(i.__0vprintf) refers to stdout.o(.data) for __stdout
    printfa.o(i.__0vsnprintf) refers (Special) to iusefp.o(.text) for __I$use$fp
    printfa.o(i.__0vsnprintf) refers to printfa.o(i._printf_core) for _printf_core
    printfa.o(i.__0vsnprintf) refers to printfa.o(i._snputc) for _snputc
    printfa.o(i.__0vsprintf) refers (Special) to iusefp.o(.text) for __I$use$fp
    printfa.o(i.__0vsprintf) refers to printfa.o(i._printf_core) for _printf_core
    printfa.o(i.__0vsprintf) refers to printfa.o(i._sputc) for _sputc
    printfa.o(i._fp_digits) refers (Special) to iusefp.o(.text) for __I$use$fp
    printfa.o(i._fp_digits) refers to dmul.o(.text) for __aeabi_dmul
    printfa.o(i._fp_digits) refers to ddiv.o(.text) for __aeabi_ddiv
    printfa.o(i._fp_digits) refers to cdrcmple.o(.text) for __aeabi_cdrcmple
    printfa.o(i._fp_digits) refers to dadd.o(.text) for __aeabi_dadd
    printfa.o(i._fp_digits) refers to dfixul.o(.text) for __aeabi_d2ulz
    printfa.o(i._fp_digits) refers to uldiv.o(.text) for __aeabi_uldivmod
    printfa.o(i._printf_core) refers (Special) to iusefp.o(.text) for __I$use$fp
    printfa.o(i._printf_core) refers to printfa.o(i._printf_pre_padding) for _printf_pre_padding
    printfa.o(i._printf_core) refers to uldiv.o(.text) for __aeabi_uldivmod
    printfa.o(i._printf_core) refers to printfa.o(i._printf_post_padding) for _printf_post_padding
    printfa.o(i._printf_core) refers to printfa.o(i._fp_digits) for _fp_digits
    printfa.o(i._printf_core) refers to uidiv.o(.text) for __aeabi_uidivmod
    printfa.o(i._printf_post_padding) refers (Special) to iusefp.o(.text) for __I$use$fp
    printfa.o(i._printf_pre_padding) refers (Special) to iusefp.o(.text) for __I$use$fp
    printfa.o(i._snputc) refers (Special) to iusefp.o(.text) for __I$use$fp
    printfa.o(i._sputc) refers (Special) to iusefp.o(.text) for __I$use$fp
    entry2.o(.ARM.Collect$$$$00000001) refers to entry2.o(.ARM.Collect$$$$00002712) for __lit__00000000
    entry2.o(.ARM.Collect$$$$00002712) refers to startup_stm32g031xx.o(STACK) for __initial_sp
    entry2.o(__vectab_stack_and_reset_area) refers to startup_stm32g031xx.o(STACK) for __initial_sp
    entry2.o(__vectab_stack_and_reset_area) refers to entry.o(.ARM.Collect$$$$00000000) for __main
    entry5.o(.ARM.Collect$$$$00000004) refers to init.o(.text) for __scatterload
    entry9a.o(.ARM.Collect$$$$0000000B) refers to main.o(i.main) for main
    entry9b.o(.ARM.Collect$$$$0000000C) refers to main.o(i.main) for main
    dadd.o(.text) refers to llshl.o(.text) for __aeabi_llsl
    dadd.o(.text) refers to llsshr.o(.text) for __aeabi_lasr
    dadd.o(.text) refers to depilogue.o(.text) for _double_epilogue
    dmul.o(.text) refers to depilogue.o(.text) for _double_epilogue
    ddiv.o(.text) refers to depilogue.o(.text) for _double_round
    dfixul.o(.text) refers to llushr.o(.text) for __aeabi_llsr
    dfixul.o(.text) refers to llshl.o(.text) for __aeabi_llsl
    init.o(.text) refers to entry5.o(.ARM.Collect$$$$00000004) for __main_after_scatterload
    depilogue.o(.text) refers to depilogue.o(i.__ARM_clz) for __ARM_clz
    depilogue.o(.text) refers to llshl.o(.text) for __aeabi_llsl
    depilogue.o(.text) refers to llushr.o(.text) for __aeabi_llsr


==============================================================================

Removing Unused input sections from the image.

    Removing startup_stm32g031xx.o(HEAP), (512 bytes).
    Removing main.o(.rev16_text), (4 bytes).
    Removing main.o(.revsh_text), (4 bytes).
    Removing gpio.o(.rev16_text), (4 bytes).
    Removing gpio.o(.revsh_text), (4 bytes).
    Removing usart.o(.rev16_text), (4 bytes).
    Removing usart.o(.revsh_text), (4 bytes).
    Removing usart.o(i.HAL_UART_MspDeInit), (44 bytes).
    Removing usart.o(i.UART_Out_Stop), (80 bytes).
    Removing sys.o(.rev16_text), (4 bytes).
    Removing sys.o(.revsh_text), (4 bytes).
    Removing sys.o(i.MX_SYS_Init), (2 bytes).
    Removing stm32g0xx_it.o(.rev16_text), (4 bytes).
    Removing stm32g0xx_it.o(.revsh_text), (4 bytes).
    Removing stm32g0xx_hal_msp.o(.rev16_text), (4 bytes).
    Removing stm32g0xx_hal_msp.o(.revsh_text), (4 bytes).
    Removing pwr.o(.rev16_text), (4 bytes).
    Removing pwr.o(.revsh_text), (4 bytes).
    Removing pwr.o(i.MX_PWR_GPIO_Init), (216 bytes).
    Removing pwr.o(i.MX_PWR_Init), (24 bytes).
    Removing pwr.o(i.MX_PWR_SystemClock_Init), (82 bytes).
    Removing pwr.o(i.MX_PWR_SystemClock_fromSTOP), (82 bytes).
    Removing stm32g0xx_hal_gpio.o(.rev16_text), (4 bytes).
    Removing stm32g0xx_hal_gpio.o(.revsh_text), (4 bytes).
    Removing stm32g0xx_hal_gpio.o(i.HAL_GPIO_DeInit), (212 bytes).
    Removing stm32g0xx_hal_gpio.o(i.HAL_GPIO_EXTI_Falling_Callback), (2 bytes).
    Removing stm32g0xx_hal_gpio.o(i.HAL_GPIO_LockPin), (36 bytes).
    Removing stm32g0xx_hal_gpio.o(i.HAL_GPIO_ReadPin), (10 bytes).
    Removing stm32g0xx_hal_uart.o(.rev16_text), (4 bytes).
    Removing stm32g0xx_hal_uart.o(.revsh_text), (4 bytes).
    Removing stm32g0xx_hal_uart.o(i.HAL_HalfDuplex_EnableReceiver), (58 bytes).
    Removing stm32g0xx_hal_uart.o(i.HAL_HalfDuplex_EnableTransmitter), (58 bytes).
    Removing stm32g0xx_hal_uart.o(i.HAL_HalfDuplex_Init), (122 bytes).
    Removing stm32g0xx_hal_uart.o(i.HAL_LIN_Init), (152 bytes).
    Removing stm32g0xx_hal_uart.o(i.HAL_LIN_SendBreak), (48 bytes).
    Removing stm32g0xx_hal_uart.o(i.HAL_MultiProcessor_DisableMuteMode), (50 bytes).
    Removing stm32g0xx_hal_uart.o(i.HAL_MultiProcessor_EnableMuteMode), (50 bytes).
    Removing stm32g0xx_hal_uart.o(i.HAL_MultiProcessor_EnterMuteMode), (12 bytes).
    Removing stm32g0xx_hal_uart.o(i.HAL_MultiProcessor_Init), (148 bytes).
    Removing stm32g0xx_hal_uart.o(i.HAL_UART_Abort), (188 bytes).
    Removing stm32g0xx_hal_uart.o(i.HAL_UART_AbortCpltCallback), (2 bytes).
    Removing stm32g0xx_hal_uart.o(i.HAL_UART_AbortReceive), (120 bytes).
    Removing stm32g0xx_hal_uart.o(i.HAL_UART_AbortReceiveCpltCallback), (2 bytes).
    Removing stm32g0xx_hal_uart.o(i.HAL_UART_AbortReceive_IT), (132 bytes).
    Removing stm32g0xx_hal_uart.o(i.HAL_UART_AbortTransmit), (116 bytes).
    Removing stm32g0xx_hal_uart.o(i.HAL_UART_AbortTransmitCpltCallback), (2 bytes).
    Removing stm32g0xx_hal_uart.o(i.HAL_UART_AbortTransmit_IT), (128 bytes).
    Removing stm32g0xx_hal_uart.o(i.HAL_UART_Abort_IT), (232 bytes).
    Removing stm32g0xx_hal_uart.o(i.HAL_UART_DMAPause), (96 bytes).
    Removing stm32g0xx_hal_uart.o(i.HAL_UART_DMAResume), (90 bytes).
    Removing stm32g0xx_hal_uart.o(i.HAL_UART_DMAStop), (126 bytes).
    Removing stm32g0xx_hal_uart.o(i.HAL_UART_DeInit), (64 bytes).
    Removing stm32g0xx_hal_uart.o(i.HAL_UART_ErrorCallback), (2 bytes).
    Removing stm32g0xx_hal_uart.o(i.HAL_UART_GetError), (6 bytes).
    Removing stm32g0xx_hal_uart.o(i.HAL_UART_GetState), (12 bytes).
    Removing stm32g0xx_hal_uart.o(i.HAL_UART_IRQHandler), (388 bytes).
    Removing stm32g0xx_hal_uart.o(i.HAL_UART_MspDeInit), (2 bytes).
    Removing stm32g0xx_hal_uart.o(i.HAL_UART_MspInit), (2 bytes).
    Removing stm32g0xx_hal_uart.o(i.HAL_UART_Receive), (280 bytes).
    Removing stm32g0xx_hal_uart.o(i.HAL_UART_Receive_DMA), (188 bytes).
    Removing stm32g0xx_hal_uart.o(i.HAL_UART_Receive_IT), (276 bytes).
    Removing stm32g0xx_hal_uart.o(i.HAL_UART_RxCpltCallback), (2 bytes).
    Removing stm32g0xx_hal_uart.o(i.HAL_UART_RxHalfCpltCallback), (2 bytes).
    Removing stm32g0xx_hal_uart.o(i.HAL_UART_Transmit_DMA), (180 bytes).
    Removing stm32g0xx_hal_uart.o(i.HAL_UART_Transmit_IT), (172 bytes).
    Removing stm32g0xx_hal_uart.o(i.HAL_UART_TxCpltCallback), (2 bytes).
    Removing stm32g0xx_hal_uart.o(i.HAL_UART_TxHalfCpltCallback), (2 bytes).
    Removing stm32g0xx_hal_uart.o(i.UART_DMAAbortOnError), (20 bytes).
    Removing stm32g0xx_hal_uart.o(i.UART_DMAError), (78 bytes).
    Removing stm32g0xx_hal_uart.o(i.UART_DMAReceiveCplt), (64 bytes).
    Removing stm32g0xx_hal_uart.o(i.UART_DMARxAbortCallback), (62 bytes).
    Removing stm32g0xx_hal_uart.o(i.UART_DMARxHalfCplt), (10 bytes).
    Removing stm32g0xx_hal_uart.o(i.UART_DMARxOnlyAbortCallback), (38 bytes).
    Removing stm32g0xx_hal_uart.o(i.UART_DMATransmitCplt), (48 bytes).
    Removing stm32g0xx_hal_uart.o(i.UART_DMATxAbortCallback), (72 bytes).
    Removing stm32g0xx_hal_uart.o(i.UART_DMATxHalfCplt), (10 bytes).
    Removing stm32g0xx_hal_uart.o(i.UART_DMATxOnlyAbortCallback), (42 bytes).
    Removing stm32g0xx_hal_uart.o(i.UART_EndRxTransfer), (40 bytes).
    Removing stm32g0xx_hal_uart.o(i.UART_EndTxTransfer), (30 bytes).
    Removing stm32g0xx_hal_uart.o(i.UART_RxISR_16BIT), (94 bytes).
    Removing stm32g0xx_hal_uart.o(i.UART_RxISR_16BIT_FIFOEN), (160 bytes).
    Removing stm32g0xx_hal_uart.o(i.UART_RxISR_8BIT), (94 bytes).
    Removing stm32g0xx_hal_uart.o(i.UART_RxISR_8BIT_FIFOEN), (160 bytes).
    Removing stm32g0xx_hal_uart.o(i.UART_TxISR_16BIT), (66 bytes).
    Removing stm32g0xx_hal_uart.o(i.UART_TxISR_16BIT_FIFOEN), (88 bytes).
    Removing stm32g0xx_hal_uart.o(i.UART_TxISR_8BIT), (62 bytes).
    Removing stm32g0xx_hal_uart.o(i.UART_TxISR_8BIT_FIFOEN), (84 bytes).
    Removing stm32g0xx_hal_uart_ex.o(.rev16_text), (4 bytes).
    Removing stm32g0xx_hal_uart_ex.o(.revsh_text), (4 bytes).
    Removing stm32g0xx_hal_uart_ex.o(i.HAL_MultiProcessorEx_AddressLength_Set), (54 bytes).
    Removing stm32g0xx_hal_uart_ex.o(i.HAL_RS485Ex_Init), (148 bytes).
    Removing stm32g0xx_hal_uart_ex.o(i.HAL_UARTEx_DisableStopMode), (34 bytes).
    Removing stm32g0xx_hal_uart_ex.o(i.HAL_UARTEx_EnableFifoMode), (66 bytes).
    Removing stm32g0xx_hal_uart_ex.o(i.HAL_UARTEx_EnableStopMode), (34 bytes).
    Removing stm32g0xx_hal_uart_ex.o(i.HAL_UARTEx_RxFifoFullCallback), (2 bytes).
    Removing stm32g0xx_hal_uart_ex.o(i.HAL_UARTEx_StopModeWakeUpSourceConfig), (160 bytes).
    Removing stm32g0xx_hal_uart_ex.o(i.HAL_UARTEx_TxFifoEmptyCallback), (2 bytes).
    Removing stm32g0xx_hal_uart_ex.o(i.HAL_UARTEx_WakeupCallback), (2 bytes).
    Removing stm32g0xx_hal_rcc.o(.rev16_text), (4 bytes).
    Removing stm32g0xx_hal_rcc.o(.revsh_text), (4 bytes).
    Removing stm32g0xx_hal_rcc.o(i.HAL_RCC_CSSCallback), (2 bytes).
    Removing stm32g0xx_hal_rcc.o(i.HAL_RCC_DeInit), (164 bytes).
    Removing stm32g0xx_hal_rcc.o(i.HAL_RCC_DisableLSECSS), (16 bytes).
    Removing stm32g0xx_hal_rcc.o(i.HAL_RCC_EnableCSS), (20 bytes).
    Removing stm32g0xx_hal_rcc.o(i.HAL_RCC_EnableLSECSS), (16 bytes).
    Removing stm32g0xx_hal_rcc.o(i.HAL_RCC_GetClockConfig), (56 bytes).
    Removing stm32g0xx_hal_rcc.o(i.HAL_RCC_GetHCLKFreq), (12 bytes).
    Removing stm32g0xx_hal_rcc.o(i.HAL_RCC_GetOscConfig), (188 bytes).
    Removing stm32g0xx_hal_rcc.o(i.HAL_RCC_LSECSSCallback), (2 bytes).
    Removing stm32g0xx_hal_rcc.o(i.HAL_RCC_MCOConfig), (76 bytes).
    Removing stm32g0xx_hal_rcc.o(i.HAL_RCC_NMI_IRQHandler), (36 bytes).
    Removing stm32g0xx_hal_rcc_ex.o(.rev16_text), (4 bytes).
    Removing stm32g0xx_hal_rcc_ex.o(.revsh_text), (4 bytes).
    Removing stm32g0xx_hal_rcc_ex.o(i.HAL_RCCEx_DisableLSCO), (92 bytes).
    Removing stm32g0xx_hal_rcc_ex.o(i.HAL_RCCEx_EnableLSCO), (140 bytes).
    Removing stm32g0xx_hal_rcc_ex.o(i.HAL_RCCEx_GetPeriphCLKConfig), (96 bytes).
    Removing stm32g0xx_hal_rcc_ex.o(i.HAL_RCCEx_GetPeriphCLKFreq), (544 bytes).
    Removing stm32g0xx_hal_flash.o(.rev16_text), (4 bytes).
    Removing stm32g0xx_hal_flash.o(.revsh_text), (4 bytes).
    Removing stm32g0xx_hal_flash.o(i.FLASH_Program_DoubleWord), (28 bytes).
    Removing stm32g0xx_hal_flash.o(i.FLASH_Program_Fast), (52 bytes).
    Removing stm32g0xx_hal_flash.o(i.FLASH_WaitForLastOperation), (116 bytes).
    Removing stm32g0xx_hal_flash.o(i.HAL_FLASH_EndOfOperationCallback), (2 bytes).
    Removing stm32g0xx_hal_flash.o(i.HAL_FLASH_GetError), (12 bytes).
    Removing stm32g0xx_hal_flash.o(i.HAL_FLASH_IRQHandler), (188 bytes).
    Removing stm32g0xx_hal_flash.o(i.HAL_FLASH_Lock), (28 bytes).
    Removing stm32g0xx_hal_flash.o(i.HAL_FLASH_OB_Launch), (20 bytes).
    Removing stm32g0xx_hal_flash.o(i.HAL_FLASH_OB_Lock), (28 bytes).
    Removing stm32g0xx_hal_flash.o(i.HAL_FLASH_OB_Unlock), (40 bytes).
    Removing stm32g0xx_hal_flash.o(i.HAL_FLASH_OperationErrorCallback), (2 bytes).
    Removing stm32g0xx_hal_flash.o(i.HAL_FLASH_Program), (96 bytes).
    Removing stm32g0xx_hal_flash.o(i.HAL_FLASH_Program_IT), (112 bytes).
    Removing stm32g0xx_hal_flash.o(i.HAL_FLASH_Unlock), (40 bytes).
    Removing stm32g0xx_hal_flash.o(.bss), (24 bytes).
    Removing stm32g0xx_hal_flash_ex.o(.rev16_text), (4 bytes).
    Removing stm32g0xx_hal_flash_ex.o(.revsh_text), (4 bytes).
    Removing stm32g0xx_hal_flash_ex.o(i.FLASH_FlushCaches), (44 bytes).
    Removing stm32g0xx_hal_flash_ex.o(i.FLASH_MassErase), (20 bytes).
    Removing stm32g0xx_hal_flash_ex.o(i.FLASH_OB_GetRDP), (24 bytes).
    Removing stm32g0xx_hal_flash_ex.o(i.FLASH_OB_GetUser), (20 bytes).
    Removing stm32g0xx_hal_flash_ex.o(i.FLASH_OB_OptrConfig), (24 bytes).
    Removing stm32g0xx_hal_flash_ex.o(i.FLASH_PageErase), (32 bytes).
    Removing stm32g0xx_hal_flash_ex.o(i.HAL_FLASHEx_DisableDebugger), (20 bytes).
    Removing stm32g0xx_hal_flash_ex.o(i.HAL_FLASHEx_EnableDebugger), (20 bytes).
    Removing stm32g0xx_hal_flash_ex.o(i.HAL_FLASHEx_EnableSecMemProtection), (16 bytes).
    Removing stm32g0xx_hal_flash_ex.o(i.HAL_FLASHEx_Erase), (128 bytes).
    Removing stm32g0xx_hal_flash_ex.o(i.HAL_FLASHEx_Erase_IT), (96 bytes).
    Removing stm32g0xx_hal_flash_ex.o(i.HAL_FLASHEx_FlashEmptyCheck), (16 bytes).
    Removing stm32g0xx_hal_flash_ex.o(i.HAL_FLASHEx_ForceFlashEmpty), (20 bytes).
    Removing stm32g0xx_hal_flash_ex.o(i.HAL_FLASHEx_OBGetConfig), (160 bytes).
    Removing stm32g0xx_hal_flash_ex.o(i.HAL_FLASHEx_OBProgram), (268 bytes).
    Removing stm32g0xx_hal_dma.o(.rev16_text), (4 bytes).
    Removing stm32g0xx_hal_dma.o(.revsh_text), (4 bytes).
    Removing stm32g0xx_hal_dma.o(i.DMA_CalcDMAMUXChannelBaseAndMask), (48 bytes).
    Removing stm32g0xx_hal_dma.o(i.DMA_CalcDMAMUXRequestGenBaseAndMask), (36 bytes).
    Removing stm32g0xx_hal_dma.o(i.DMA_SetConfig), (72 bytes).
    Removing stm32g0xx_hal_dma.o(i.HAL_DMA_Abort), (116 bytes).
    Removing stm32g0xx_hal_dma.o(i.HAL_DMA_Abort_IT), (128 bytes).
    Removing stm32g0xx_hal_dma.o(i.HAL_DMA_DeInit), (132 bytes).
    Removing stm32g0xx_hal_dma.o(i.HAL_DMA_GetError), (4 bytes).
    Removing stm32g0xx_hal_dma.o(i.HAL_DMA_GetState), (6 bytes).
    Removing stm32g0xx_hal_dma.o(i.HAL_DMA_IRQHandler), (184 bytes).
    Removing stm32g0xx_hal_dma.o(i.HAL_DMA_Init), (160 bytes).
    Removing stm32g0xx_hal_dma.o(i.HAL_DMA_PollForTransfer), (272 bytes).
    Removing stm32g0xx_hal_dma.o(i.HAL_DMA_RegisterCallback), (72 bytes).
    Removing stm32g0xx_hal_dma.o(i.HAL_DMA_Start), (80 bytes).
    Removing stm32g0xx_hal_dma.o(i.HAL_DMA_Start_IT), (144 bytes).
    Removing stm32g0xx_hal_dma.o(i.HAL_DMA_UnRegisterCallback), (78 bytes).
    Removing stm32g0xx_hal_dma_ex.o(.rev16_text), (4 bytes).
    Removing stm32g0xx_hal_dma_ex.o(.revsh_text), (4 bytes).
    Removing stm32g0xx_hal_dma_ex.o(i.HAL_DMAEx_ConfigMuxRequestGenerator), (60 bytes).
    Removing stm32g0xx_hal_dma_ex.o(i.HAL_DMAEx_ConfigMuxSync), (78 bytes).
    Removing stm32g0xx_hal_dma_ex.o(i.HAL_DMAEx_DisableMuxRequestGenerator), (32 bytes).
    Removing stm32g0xx_hal_dma_ex.o(i.HAL_DMAEx_EnableMuxRequestGenerator), (32 bytes).
    Removing stm32g0xx_hal_dma_ex.o(i.HAL_DMAEx_MUX_IRQHandler), (104 bytes).
    Removing stm32g0xx_hal_pwr.o(.rev16_text), (4 bytes).
    Removing stm32g0xx_hal_pwr.o(.revsh_text), (4 bytes).
    Removing stm32g0xx_hal_pwr.o(i.HAL_PWR_ConfigPVD), (112 bytes).
    Removing stm32g0xx_hal_pwr.o(i.HAL_PWR_DeInit), (24 bytes).
    Removing stm32g0xx_hal_pwr.o(i.HAL_PWR_DisableBkUpAccess), (16 bytes).
    Removing stm32g0xx_hal_pwr.o(i.HAL_PWR_DisablePVD), (16 bytes).
    Removing stm32g0xx_hal_pwr.o(i.HAL_PWR_DisableSEVOnPend), (16 bytes).
    Removing stm32g0xx_hal_pwr.o(i.HAL_PWR_DisableSleepOnExit), (16 bytes).
    Removing stm32g0xx_hal_pwr.o(i.HAL_PWR_DisableWakeUpPin), (20 bytes).
    Removing stm32g0xx_hal_pwr.o(i.HAL_PWR_EnableBkUpAccess), (16 bytes).
    Removing stm32g0xx_hal_pwr.o(i.HAL_PWR_EnablePVD), (16 bytes).
    Removing stm32g0xx_hal_pwr.o(i.HAL_PWR_EnableSEVOnPend), (16 bytes).
    Removing stm32g0xx_hal_pwr.o(i.HAL_PWR_EnableSleepOnExit), (16 bytes).
    Removing stm32g0xx_hal_pwr.o(i.HAL_PWR_EnableWakeUpPin), (28 bytes).
    Removing stm32g0xx_hal_pwr.o(i.HAL_PWR_EnterSLEEPMode), (68 bytes).
    Removing stm32g0xx_hal_pwr.o(i.HAL_PWR_EnterSTANDBYMode), (36 bytes).
    Removing stm32g0xx_hal_pwr.o(i.HAL_PWR_EnterSTOPMode), (64 bytes).
    Removing stm32g0xx_hal_pwr.o(i.HAL_PWR_PVD_Falling_Callback), (2 bytes).
    Removing stm32g0xx_hal_pwr.o(i.HAL_PWR_PVD_IRQHandler), (40 bytes).
    Removing stm32g0xx_hal_pwr.o(i.HAL_PWR_PVD_Rising_Callback), (2 bytes).
    Removing stm32g0xx_hal_pwr_ex.o(.rev16_text), (4 bytes).
    Removing stm32g0xx_hal_pwr_ex.o(.revsh_text), (4 bytes).
    Removing stm32g0xx_hal_pwr_ex.o(i.HAL_PWREx_DisableBatteryCharging), (16 bytes).
    Removing stm32g0xx_hal_pwr_ex.o(i.HAL_PWREx_DisableFlashPowerDown), (16 bytes).
    Removing stm32g0xx_hal_pwr_ex.o(i.HAL_PWREx_DisableGPIOPullDown), (80 bytes).
    Removing stm32g0xx_hal_pwr_ex.o(i.HAL_PWREx_DisableGPIOPullUp), (80 bytes).
    Removing stm32g0xx_hal_pwr_ex.o(i.HAL_PWREx_DisableInternalWakeUpLine), (16 bytes).
    Removing stm32g0xx_hal_pwr_ex.o(i.HAL_PWREx_DisableLowPowerRunMode), (64 bytes).
    Removing stm32g0xx_hal_pwr_ex.o(i.HAL_PWREx_DisablePORMonitorSampling), (16 bytes).
    Removing stm32g0xx_hal_pwr_ex.o(i.HAL_PWREx_DisablePullUpPullDownConfig), (16 bytes).
    Removing stm32g0xx_hal_pwr_ex.o(i.HAL_PWREx_DisableSRAMRetention), (16 bytes).
    Removing stm32g0xx_hal_pwr_ex.o(i.HAL_PWREx_EnableBatteryCharging), (24 bytes).
    Removing stm32g0xx_hal_pwr_ex.o(i.HAL_PWREx_EnableFlashPowerDown), (16 bytes).
    Removing stm32g0xx_hal_pwr_ex.o(i.HAL_PWREx_EnableGPIOPullDown), (116 bytes).
    Removing stm32g0xx_hal_pwr_ex.o(i.HAL_PWREx_EnableGPIOPullUp), (116 bytes).
    Removing stm32g0xx_hal_pwr_ex.o(i.HAL_PWREx_EnableInternalWakeUpLine), (16 bytes).
    Removing stm32g0xx_hal_pwr_ex.o(i.HAL_PWREx_EnableLowPowerRunMode), (16 bytes).
    Removing stm32g0xx_hal_pwr_ex.o(i.HAL_PWREx_EnablePORMonitorSampling), (16 bytes).
    Removing stm32g0xx_hal_pwr_ex.o(i.HAL_PWREx_EnablePullUpPullDownConfig), (16 bytes).
    Removing stm32g0xx_hal_pwr_ex.o(i.HAL_PWREx_EnableSRAMRetention), (16 bytes).
    Removing stm32g0xx_hal_pwr_ex.o(i.HAL_PWREx_EnterSHUTDOWNMode), (36 bytes).
    Removing stm32g0xx_hal_pwr_ex.o(i.HAL_PWREx_GetVoltageRange), (16 bytes).
    Removing stm32g0xx_hal_cortex.o(.rev16_text), (4 bytes).
    Removing stm32g0xx_hal_cortex.o(.revsh_text), (4 bytes).
    Removing stm32g0xx_hal_cortex.o(i.HAL_MPU_ConfigRegion), (84 bytes).
    Removing stm32g0xx_hal_cortex.o(i.HAL_MPU_Disable), (16 bytes).
    Removing stm32g0xx_hal_cortex.o(i.HAL_MPU_Enable), (24 bytes).
    Removing stm32g0xx_hal_cortex.o(i.HAL_NVIC_ClearPendingIRQ), (24 bytes).
    Removing stm32g0xx_hal_cortex.o(i.HAL_NVIC_DisableIRQ), (32 bytes).
    Removing stm32g0xx_hal_cortex.o(i.HAL_NVIC_GetPendingIRQ), (32 bytes).
    Removing stm32g0xx_hal_cortex.o(i.HAL_NVIC_GetPriority), (52 bytes).
    Removing stm32g0xx_hal_cortex.o(i.HAL_NVIC_SetPendingIRQ), (24 bytes).
    Removing stm32g0xx_hal_cortex.o(i.HAL_NVIC_SystemReset), (28 bytes).
    Removing stm32g0xx_hal_cortex.o(i.HAL_SYSTICK_CLKSourceConfig), (24 bytes).
    Removing stm32g0xx_hal_cortex.o(i.HAL_SYSTICK_Callback), (2 bytes).
    Removing stm32g0xx_hal_cortex.o(i.HAL_SYSTICK_IRQHandler), (8 bytes).
    Removing stm32g0xx_hal.o(.rev16_text), (4 bytes).
    Removing stm32g0xx_hal.o(.revsh_text), (4 bytes).
    Removing stm32g0xx_hal.o(i.HAL_DBGMCU_DisableDBGStandbyMode), (16 bytes).
    Removing stm32g0xx_hal.o(i.HAL_DBGMCU_DisableDBGStopMode), (16 bytes).
    Removing stm32g0xx_hal.o(i.HAL_DBGMCU_EnableDBGStandbyMode), (16 bytes).
    Removing stm32g0xx_hal.o(i.HAL_DBGMCU_EnableDBGStopMode), (16 bytes).
    Removing stm32g0xx_hal.o(i.HAL_DeInit), (40 bytes).
    Removing stm32g0xx_hal.o(i.HAL_GetDEVID), (16 bytes).
    Removing stm32g0xx_hal.o(i.HAL_GetHalVersion), (8 bytes).
    Removing stm32g0xx_hal.o(i.HAL_GetREVID), (12 bytes).
    Removing stm32g0xx_hal.o(i.HAL_GetTickFreq), (12 bytes).
    Removing stm32g0xx_hal.o(i.HAL_GetTickPrio), (12 bytes).
    Removing stm32g0xx_hal.o(i.HAL_GetUIDw0), (12 bytes).
    Removing stm32g0xx_hal.o(i.HAL_GetUIDw1), (12 bytes).
    Removing stm32g0xx_hal.o(i.HAL_GetUIDw2), (12 bytes).
    Removing stm32g0xx_hal.o(i.HAL_MspDeInit), (2 bytes).
    Removing stm32g0xx_hal.o(i.HAL_MspInit), (2 bytes).
    Removing stm32g0xx_hal.o(i.HAL_ResumeTick), (16 bytes).
    Removing stm32g0xx_hal.o(i.HAL_SYSCFG_DisableClampingDiode), (16 bytes).
    Removing stm32g0xx_hal.o(i.HAL_SYSCFG_DisableIOAnalogSwitchBooster), (16 bytes).
    Removing stm32g0xx_hal.o(i.HAL_SYSCFG_DisableRemap), (16 bytes).
    Removing stm32g0xx_hal.o(i.HAL_SYSCFG_DisableVREFBUF), (16 bytes).
    Removing stm32g0xx_hal.o(i.HAL_SYSCFG_EnableClampingDiode), (16 bytes).
    Removing stm32g0xx_hal.o(i.HAL_SYSCFG_EnableIOAnalogSwitchBooster), (16 bytes).
    Removing stm32g0xx_hal.o(i.HAL_SYSCFG_EnableRemap), (16 bytes).
    Removing stm32g0xx_hal.o(i.HAL_SYSCFG_EnableVREFBUF), (48 bytes).
    Removing stm32g0xx_hal.o(i.HAL_SYSCFG_VREFBUF_HighImpedanceConfig), (20 bytes).
    Removing stm32g0xx_hal.o(i.HAL_SYSCFG_VREFBUF_TrimmingConfig), (20 bytes).
    Removing stm32g0xx_hal.o(i.HAL_SYSCFG_VREFBUF_VoltageScalingConfig), (20 bytes).
    Removing stm32g0xx_hal.o(i.HAL_SetTickFreq), (32 bytes).
    Removing stm32g0xx_hal.o(i.HAL_SuspendTick), (16 bytes).
    Removing stm32g0xx_hal_exti.o(.rev16_text), (4 bytes).
    Removing stm32g0xx_hal_exti.o(.revsh_text), (4 bytes).
    Removing stm32g0xx_hal_exti.o(i.HAL_EXTI_ClearConfigLine), (120 bytes).
    Removing stm32g0xx_hal_exti.o(i.HAL_EXTI_ClearPending), (40 bytes).
    Removing stm32g0xx_hal_exti.o(i.HAL_EXTI_GenerateSWI), (28 bytes).
    Removing stm32g0xx_hal_exti.o(i.HAL_EXTI_GetConfigLine), (168 bytes).
    Removing stm32g0xx_hal_exti.o(i.HAL_EXTI_GetHandle), (14 bytes).
    Removing stm32g0xx_hal_exti.o(i.HAL_EXTI_GetPending), (44 bytes).
    Removing stm32g0xx_hal_exti.o(i.HAL_EXTI_IRQHandler), (68 bytes).
    Removing stm32g0xx_hal_exti.o(i.HAL_EXTI_RegisterCallback), (30 bytes).
    Removing stm32g0xx_hal_exti.o(i.HAL_EXTI_SetConfigLine), (172 bytes).
    Removing stm32g0xx_hal_tim.o(.rev16_text), (4 bytes).
    Removing stm32g0xx_hal_tim.o(.revsh_text), (4 bytes).
    Removing stm32g0xx_hal_tim_ex.o(.rev16_text), (4 bytes).
    Removing stm32g0xx_hal_tim_ex.o(.revsh_text), (4 bytes).
    Removing system_stm32g0xx.o(.rev16_text), (4 bytes).
    Removing system_stm32g0xx.o(.revsh_text), (4 bytes).
    Removing system_stm32g0xx.o(i.SystemCoreClockUpdate), (144 bytes).
    Removing dadd.o(.text), (356 bytes).
    Removing dmul.o(.text), (208 bytes).
    Removing ddiv.o(.text), (240 bytes).
    Removing dfixul.o(.text), (64 bytes).
    Removing cdrcmple.o(.text), (40 bytes).
    Removing depilogue.o(.text), (190 bytes).
    Removing stm32g0xx_hal_dma.o(i.__ARM_common_switch8), (26 bytes).
    Removing depilogue.o(i.__ARM_clz), (46 bytes).

288 unused section(s) (total 15908 bytes) removed from the image.

==============================================================================

Image Symbol Table

    Local Symbols

    Symbol Name                              Value     Ov Type        Size  Object(Section)

    ../Core/Src/gpio.c                       0x00000000   Number         0  gpio.o ABSOLUTE
    ../Core/Src/main.c                       0x00000000   Number         0  main.o ABSOLUTE
    ../Core/Src/stm32g0xx_hal_msp.c          0x00000000   Number         0  stm32g0xx_hal_msp.o ABSOLUTE
    ../Core/Src/stm32g0xx_it.c               0x00000000   Number         0  stm32g0xx_it.o ABSOLUTE
    ../Core/Src/sys.c                        0x00000000   Number         0  sys.o ABSOLUTE
    ../Core/Src/system_stm32g0xx.c           0x00000000   Number         0  system_stm32g0xx.o ABSOLUTE
    ../Core/Src/usart.c                      0x00000000   Number         0  usart.o ABSOLUTE
    ../clib/microlib/division.c              0x00000000   Number         0  uldiv.o ABSOLUTE
    ../clib/microlib/division.c              0x00000000   Number         0  uidiv.o ABSOLUTE
    ../clib/microlib/init/entry.s            0x00000000   Number         0  entry11a.o ABSOLUTE
    ../clib/microlib/init/entry.s            0x00000000   Number         0  entry11b.o ABSOLUTE
    ../clib/microlib/init/entry.s            0x00000000   Number         0  entry10b.o ABSOLUTE
    ../clib/microlib/init/entry.s            0x00000000   Number         0  entry5.o ABSOLUTE
    ../clib/microlib/init/entry.s            0x00000000   Number         0  entry10a.o ABSOLUTE
    ../clib/microlib/init/entry.s            0x00000000   Number         0  entry9b.o ABSOLUTE
    ../clib/microlib/init/entry.s            0x00000000   Number         0  entry2.o ABSOLUTE
    ../clib/microlib/init/entry.s            0x00000000   Number         0  entry9a.o ABSOLUTE
    ../clib/microlib/init/entry.s            0x00000000   Number         0  entry8b.o ABSOLUTE
    ../clib/microlib/init/entry.s            0x00000000   Number         0  entry8a.o ABSOLUTE
    ../clib/microlib/init/entry.s            0x00000000   Number         0  entry.o ABSOLUTE
    ../clib/microlib/init/entry.s            0x00000000   Number         0  entry7b.o ABSOLUTE
    ../clib/microlib/init/entry.s            0x00000000   Number         0  entry7a.o ABSOLUTE
    ../clib/microlib/longlong.c              0x00000000   Number         0  llsshr.o ABSOLUTE
    ../clib/microlib/longlong.c              0x00000000   Number         0  llushr.o ABSOLUTE
    ../clib/microlib/longlong.c              0x00000000   Number         0  llshl.o ABSOLUTE
    ../clib/microlib/printf/printf.c         0x00000000   Number         0  printf0.o ABSOLUTE
    ../clib/microlib/printf/printf.c         0x00000000   Number         0  printfb.o ABSOLUTE
    ../clib/microlib/printf/printf.c         0x00000000   Number         0  printfa.o ABSOLUTE
    ../clib/microlib/printf/printf.c         0x00000000   Number         0  printf7.o ABSOLUTE
    ../clib/microlib/printf/printf.c         0x00000000   Number         0  printf8.o ABSOLUTE
    ../clib/microlib/printf/printf.c         0x00000000   Number         0  printf6.o ABSOLUTE
    ../clib/microlib/printf/printf.c         0x00000000   Number         0  printf5.o ABSOLUTE
    ../clib/microlib/printf/printf.c         0x00000000   Number         0  printf4.o ABSOLUTE
    ../clib/microlib/printf/printf.c         0x00000000   Number         0  printf3.o ABSOLUTE
    ../clib/microlib/printf/printf.c         0x00000000   Number         0  printf2.o ABSOLUTE
    ../clib/microlib/printf/printf.c         0x00000000   Number         0  printf1.o ABSOLUTE
    ../clib/microlib/stdio/streams.c         0x00000000   Number         0  stdout.o ABSOLUTE
    ../clib/microlib/string/memset.c         0x00000000   Number         0  memseta.o ABSOLUTE
    ../clib/microlib/stubs.s                 0x00000000   Number         0  iusefp.o ABSOLUTE
    ../fplib/microlib/fpadd.c                0x00000000   Number         0  dadd.o ABSOLUTE
    ../fplib/microlib/fpdiv.c                0x00000000   Number         0  ddiv.o ABSOLUTE
    ../fplib/microlib/fpepilogue.c           0x00000000   Number         0  depilogue.o ABSOLUTE
    ../fplib/microlib/fpfix.c                0x00000000   Number         0  dfixul.o ABSOLUTE
    ../fplib/microlib/fpmul.c                0x00000000   Number         0  dmul.o ABSOLUTE
    ..\Core\Src\gpio.c                       0x00000000   Number         0  gpio.o ABSOLUTE
    ..\Core\Src\main.c                       0x00000000   Number         0  main.o ABSOLUTE
    ..\Core\Src\pwr.c                        0x00000000   Number         0  pwr.o ABSOLUTE
    ..\Core\Src\stm32g0xx_hal_msp.c          0x00000000   Number         0  stm32g0xx_hal_msp.o ABSOLUTE
    ..\Core\Src\stm32g0xx_it.c               0x00000000   Number         0  stm32g0xx_it.o ABSOLUTE
    ..\Core\Src\sys.c                        0x00000000   Number         0  sys.o ABSOLUTE
    ..\Core\Src\system_stm32g0xx.c           0x00000000   Number         0  system_stm32g0xx.o ABSOLUTE
    ..\Core\Src\usart.c                      0x00000000   Number         0  usart.o ABSOLUTE
    ..\\Core\\Src\\pwr.c                     0x00000000   Number         0  pwr.o ABSOLUTE
    C:/Users/TANG/STM32Cube/Repository/STM32Cube_FW_G0_V1.3.0/Drivers/STM32G0xx_HAL_Driver/Src/stm32g0xx_hal.c 0x00000000   Number         0  stm32g0xx_hal.o ABSOLUTE
    C:/Users/TANG/STM32Cube/Repository/STM32Cube_FW_G0_V1.3.0/Drivers/STM32G0xx_HAL_Driver/Src/stm32g0xx_hal_cortex.c 0x00000000   Number         0  stm32g0xx_hal_cortex.o ABSOLUTE
    C:/Users/TANG/STM32Cube/Repository/STM32Cube_FW_G0_V1.3.0/Drivers/STM32G0xx_HAL_Driver/Src/stm32g0xx_hal_dma.c 0x00000000   Number         0  stm32g0xx_hal_dma.o ABSOLUTE
    C:/Users/TANG/STM32Cube/Repository/STM32Cube_FW_G0_V1.3.0/Drivers/STM32G0xx_HAL_Driver/Src/stm32g0xx_hal_dma_ex.c 0x00000000   Number         0  stm32g0xx_hal_dma_ex.o ABSOLUTE
    C:/Users/TANG/STM32Cube/Repository/STM32Cube_FW_G0_V1.3.0/Drivers/STM32G0xx_HAL_Driver/Src/stm32g0xx_hal_exti.c 0x00000000   Number         0  stm32g0xx_hal_exti.o ABSOLUTE
    C:/Users/TANG/STM32Cube/Repository/STM32Cube_FW_G0_V1.3.0/Drivers/STM32G0xx_HAL_Driver/Src/stm32g0xx_hal_flash.c 0x00000000   Number         0  stm32g0xx_hal_flash.o ABSOLUTE
    C:/Users/TANG/STM32Cube/Repository/STM32Cube_FW_G0_V1.3.0/Drivers/STM32G0xx_HAL_Driver/Src/stm32g0xx_hal_flash_ex.c 0x00000000   Number         0  stm32g0xx_hal_flash_ex.o ABSOLUTE
    C:/Users/TANG/STM32Cube/Repository/STM32Cube_FW_G0_V1.3.0/Drivers/STM32G0xx_HAL_Driver/Src/stm32g0xx_hal_gpio.c 0x00000000   Number         0  stm32g0xx_hal_gpio.o ABSOLUTE
    C:/Users/TANG/STM32Cube/Repository/STM32Cube_FW_G0_V1.3.0/Drivers/STM32G0xx_HAL_Driver/Src/stm32g0xx_hal_pwr.c 0x00000000   Number         0  stm32g0xx_hal_pwr.o ABSOLUTE
    C:/Users/TANG/STM32Cube/Repository/STM32Cube_FW_G0_V1.3.0/Drivers/STM32G0xx_HAL_Driver/Src/stm32g0xx_hal_pwr_ex.c 0x00000000   Number         0  stm32g0xx_hal_pwr_ex.o ABSOLUTE
    C:/Users/TANG/STM32Cube/Repository/STM32Cube_FW_G0_V1.3.0/Drivers/STM32G0xx_HAL_Driver/Src/stm32g0xx_hal_rcc.c 0x00000000   Number         0  stm32g0xx_hal_rcc.o ABSOLUTE
    C:/Users/TANG/STM32Cube/Repository/STM32Cube_FW_G0_V1.3.0/Drivers/STM32G0xx_HAL_Driver/Src/stm32g0xx_hal_rcc_ex.c 0x00000000   Number         0  stm32g0xx_hal_rcc_ex.o ABSOLUTE
    C:/Users/TANG/STM32Cube/Repository/STM32Cube_FW_G0_V1.3.0/Drivers/STM32G0xx_HAL_Driver/Src/stm32g0xx_hal_tim.c 0x00000000   Number         0  stm32g0xx_hal_tim.o ABSOLUTE
    C:/Users/TANG/STM32Cube/Repository/STM32Cube_FW_G0_V1.3.0/Drivers/STM32G0xx_HAL_Driver/Src/stm32g0xx_hal_tim_ex.c 0x00000000   Number         0  stm32g0xx_hal_tim_ex.o ABSOLUTE
    C:/Users/TANG/STM32Cube/Repository/STM32Cube_FW_G0_V1.3.0/Drivers/STM32G0xx_HAL_Driver/Src/stm32g0xx_hal_uart.c 0x00000000   Number         0  stm32g0xx_hal_uart.o ABSOLUTE
    C:/Users/TANG/STM32Cube/Repository/STM32Cube_FW_G0_V1.3.0/Drivers/STM32G0xx_HAL_Driver/Src/stm32g0xx_hal_uart_ex.c 0x00000000   Number         0  stm32g0xx_hal_uart_ex.o ABSOLUTE
    C:/Users/TANG/STM32Cube/Repository/STM32Cube_FW_G0_V1.3.0/Drivers/STM32G0xx_HAL_Driver/Src/stm32g0xx_ll_rcc.c 0x00000000   Number         0  stm32g0xx_ll_rcc.o ABSOLUTE
    C:\Users\TANG\STM32Cube\Repository\STM32Cube_FW_G0_V1.3.0\Drivers\STM32G0xx_HAL_Driver\Src\stm32g0xx_hal.c 0x00000000   Number         0  stm32g0xx_hal.o ABSOLUTE
    C:\Users\TANG\STM32Cube\Repository\STM32Cube_FW_G0_V1.3.0\Drivers\STM32G0xx_HAL_Driver\Src\stm32g0xx_hal_cortex.c 0x00000000   Number         0  stm32g0xx_hal_cortex.o ABSOLUTE
    C:\Users\TANG\STM32Cube\Repository\STM32Cube_FW_G0_V1.3.0\Drivers\STM32G0xx_HAL_Driver\Src\stm32g0xx_hal_dma.c 0x00000000   Number         0  stm32g0xx_hal_dma.o ABSOLUTE
    C:\Users\TANG\STM32Cube\Repository\STM32Cube_FW_G0_V1.3.0\Drivers\STM32G0xx_HAL_Driver\Src\stm32g0xx_hal_dma_ex.c 0x00000000   Number         0  stm32g0xx_hal_dma_ex.o ABSOLUTE
    C:\Users\TANG\STM32Cube\Repository\STM32Cube_FW_G0_V1.3.0\Drivers\STM32G0xx_HAL_Driver\Src\stm32g0xx_hal_exti.c 0x00000000   Number         0  stm32g0xx_hal_exti.o ABSOLUTE
    C:\Users\TANG\STM32Cube\Repository\STM32Cube_FW_G0_V1.3.0\Drivers\STM32G0xx_HAL_Driver\Src\stm32g0xx_hal_flash.c 0x00000000   Number         0  stm32g0xx_hal_flash.o ABSOLUTE
    C:\Users\TANG\STM32Cube\Repository\STM32Cube_FW_G0_V1.3.0\Drivers\STM32G0xx_HAL_Driver\Src\stm32g0xx_hal_flash_ex.c 0x00000000   Number         0  stm32g0xx_hal_flash_ex.o ABSOLUTE
    C:\Users\TANG\STM32Cube\Repository\STM32Cube_FW_G0_V1.3.0\Drivers\STM32G0xx_HAL_Driver\Src\stm32g0xx_hal_gpio.c 0x00000000   Number         0  stm32g0xx_hal_gpio.o ABSOLUTE
    C:\Users\TANG\STM32Cube\Repository\STM32Cube_FW_G0_V1.3.0\Drivers\STM32G0xx_HAL_Driver\Src\stm32g0xx_hal_pwr.c 0x00000000   Number         0  stm32g0xx_hal_pwr.o ABSOLUTE
    C:\Users\TANG\STM32Cube\Repository\STM32Cube_FW_G0_V1.3.0\Drivers\STM32G0xx_HAL_Driver\Src\stm32g0xx_hal_pwr_ex.c 0x00000000   Number         0  stm32g0xx_hal_pwr_ex.o ABSOLUTE
    C:\Users\TANG\STM32Cube\Repository\STM32Cube_FW_G0_V1.3.0\Drivers\STM32G0xx_HAL_Driver\Src\stm32g0xx_hal_rcc.c 0x00000000   Number         0  stm32g0xx_hal_rcc.o ABSOLUTE
    C:\Users\TANG\STM32Cube\Repository\STM32Cube_FW_G0_V1.3.0\Drivers\STM32G0xx_HAL_Driver\Src\stm32g0xx_hal_rcc_ex.c 0x00000000   Number         0  stm32g0xx_hal_rcc_ex.o ABSOLUTE
    C:\Users\TANG\STM32Cube\Repository\STM32Cube_FW_G0_V1.3.0\Drivers\STM32G0xx_HAL_Driver\Src\stm32g0xx_hal_tim.c 0x00000000   Number         0  stm32g0xx_hal_tim.o ABSOLUTE
    C:\Users\TANG\STM32Cube\Repository\STM32Cube_FW_G0_V1.3.0\Drivers\STM32G0xx_HAL_Driver\Src\stm32g0xx_hal_tim_ex.c 0x00000000   Number         0  stm32g0xx_hal_tim_ex.o ABSOLUTE
    C:\Users\TANG\STM32Cube\Repository\STM32Cube_FW_G0_V1.3.0\Drivers\STM32G0xx_HAL_Driver\Src\stm32g0xx_hal_uart.c 0x00000000   Number         0  stm32g0xx_hal_uart.o ABSOLUTE
    C:\Users\TANG\STM32Cube\Repository\STM32Cube_FW_G0_V1.3.0\Drivers\STM32G0xx_HAL_Driver\Src\stm32g0xx_hal_uart_ex.c 0x00000000   Number         0  stm32g0xx_hal_uart_ex.o ABSOLUTE
    cdrcmple.s                               0x00000000   Number         0  cdrcmple.o ABSOLUTE
    dc.s                                     0x00000000   Number         0  dc.o ABSOLUTE
    handlers.s                               0x00000000   Number         0  handlers.o ABSOLUTE
    init.s                                   0x00000000   Number         0  init.o ABSOLUTE
    startup_stm32g031xx.s                    0x00000000   Number         0  startup_stm32g031xx.o ABSOLUTE
    RESET                                    0x08000000   Section      192  startup_stm32g031xx.o(RESET)
    .ARM.Collect$$$$00000000                 0x080000c0   Section        0  entry.o(.ARM.Collect$$$$00000000)
    .ARM.Collect$$$$00000001                 0x080000c0   Section        4  entry2.o(.ARM.Collect$$$$00000001)
    .ARM.Collect$$$$00000004                 0x080000c4   Section        4  entry5.o(.ARM.Collect$$$$00000004)
    .ARM.Collect$$$$00000008                 0x080000c8   Section        0  entry7b.o(.ARM.Collect$$$$00000008)
    .ARM.Collect$$$$0000000A                 0x080000c8   Section        0  entry8b.o(.ARM.Collect$$$$0000000A)
    .ARM.Collect$$$$0000000B                 0x080000c8   Section        8  entry9a.o(.ARM.Collect$$$$0000000B)
    .ARM.Collect$$$$0000000D                 0x080000d0   Section        0  entry10a.o(.ARM.Collect$$$$0000000D)
    .ARM.Collect$$$$0000000F                 0x080000d0   Section        0  entry11a.o(.ARM.Collect$$$$0000000F)
    .ARM.Collect$$$$00002712                 0x080000d0   Section        4  entry2.o(.ARM.Collect$$$$00002712)
    __lit__00000000                          0x080000d0   Data           4  entry2.o(.ARM.Collect$$$$00002712)
    .text                                    0x080000d4   Section       28  startup_stm32g031xx.o(.text)
    .text                                    0x080000f0   Section        0  uidiv.o(.text)
    .text                                    0x0800011c   Section        0  uldiv.o(.text)
    .text                                    0x0800017c   Section        0  memseta.o(.text)
    .text                                    0x080001a0   Section        0  llshl.o(.text)
    .text                                    0x080001c0   Section        0  llushr.o(.text)
    .text                                    0x080001e4   Section       36  init.o(.text)
    i.EXTI2_3_IRQHandler                     0x08000208   Section        0  stm32g0xx_it.o(i.EXTI2_3_IRQHandler)
    i.Error_Handler                          0x08000212   Section        0  main.o(i.Error_Handler)
    i.HAL_Delay                              0x08000214   Section        0  stm32g0xx_hal.o(i.HAL_Delay)
    i.HAL_GPIO_EXTI_Falling_Callback         0x08000238   Section        0  main.o(i.HAL_GPIO_EXTI_Falling_Callback)
    i.HAL_GPIO_EXTI_IRQHandler               0x08000258   Section        0  stm32g0xx_hal_gpio.o(i.HAL_GPIO_EXTI_IRQHandler)
    i.HAL_GPIO_EXTI_Rising_Callback          0x08000280   Section        0  stm32g0xx_hal_gpio.o(i.HAL_GPIO_EXTI_Rising_Callback)
    i.HAL_GPIO_Init                          0x08000284   Section        0  stm32g0xx_hal_gpio.o(i.HAL_GPIO_Init)
    i.HAL_GPIO_TogglePin                     0x080003b8   Section        0  stm32g0xx_hal_gpio.o(i.HAL_GPIO_TogglePin)
    i.HAL_GPIO_WritePin                      0x080003c6   Section        0  stm32g0xx_hal_gpio.o(i.HAL_GPIO_WritePin)
    i.HAL_GetTick                            0x080003d4   Section        0  stm32g0xx_hal.o(i.HAL_GetTick)
    i.HAL_IncTick                            0x080003e0   Section        0  stm32g0xx_hal.o(i.HAL_IncTick)
    i.HAL_Init                               0x080003f0   Section        0  stm32g0xx_hal.o(i.HAL_Init)
    i.HAL_InitTick                           0x08000418   Section        0  stm32g0xx_hal.o(i.HAL_InitTick)
    i.HAL_MspInit                            0x08000460   Section        0  stm32g0xx_hal_msp.o(i.HAL_MspInit)
    i.HAL_NVIC_EnableIRQ                     0x0800048c   Section        0  stm32g0xx_hal_cortex.o(i.HAL_NVIC_EnableIRQ)
    i.HAL_NVIC_SetPriority                   0x080004a4   Section        0  stm32g0xx_hal_cortex.o(i.HAL_NVIC_SetPriority)
    i.HAL_PWREx_ControlVoltageScaling        0x080004ac   Section        0  stm32g0xx_hal_pwr_ex.o(i.HAL_PWREx_ControlVoltageScaling)
    i.HAL_RCCEx_PeriphCLKConfig              0x080004f8   Section        0  stm32g0xx_hal_rcc_ex.o(i.HAL_RCCEx_PeriphCLKConfig)
    i.HAL_RCC_ClockConfig                    0x080006a8   Section        0  stm32g0xx_hal_rcc.o(i.HAL_RCC_ClockConfig)
    i.HAL_RCC_GetPCLK1Freq                   0x08000800   Section        0  stm32g0xx_hal_rcc.o(i.HAL_RCC_GetPCLK1Freq)
    i.HAL_RCC_GetSysClockFreq                0x08000828   Section        0  stm32g0xx_hal_rcc.o(i.HAL_RCC_GetSysClockFreq)
    i.HAL_RCC_OscConfig                      0x080008b4   Section        0  stm32g0xx_hal_rcc.o(i.HAL_RCC_OscConfig)
    i.HAL_SYSTICK_Config                     0x08000ca4   Section        0  stm32g0xx_hal_cortex.o(i.HAL_SYSTICK_Config)
    i.HAL_UARTEx_DisableFifoMode             0x08000cd4   Section        0  stm32g0xx_hal_uart_ex.o(i.HAL_UARTEx_DisableFifoMode)
    i.HAL_UARTEx_SetRxFifoThreshold          0x08000d16   Section        0  stm32g0xx_hal_uart_ex.o(i.HAL_UARTEx_SetRxFifoThreshold)
    i.HAL_UARTEx_SetTxFifoThreshold          0x08000d64   Section        0  stm32g0xx_hal_uart_ex.o(i.HAL_UARTEx_SetTxFifoThreshold)
    i.HAL_UART_Init                          0x08000db0   Section        0  stm32g0xx_hal_uart.o(i.HAL_UART_Init)
    i.HAL_UART_MspInit                       0x08000e20   Section        0  usart.o(i.HAL_UART_MspInit)
    i.HAL_UART_Transmit                      0x08000e7c   Section        0  stm32g0xx_hal_uart.o(i.HAL_UART_Transmit)
    i.HardFault_Handler                      0x08000f5c   Section        0  stm32g0xx_it.o(i.HardFault_Handler)
    i.LED_Blinking_5s                        0x08000f60   Section        0  gpio.o(i.LED_Blinking_5s)
    i.MX_GPIO_Init                           0x08000f8c   Section        0  gpio.o(i.MX_GPIO_Init)
    i.MX_LPUART1_UART_Init                   0x08001018   Section        0  usart.o(i.MX_LPUART1_UART_Init)
    i.NMI_Handler                            0x08001080   Section        0  stm32g0xx_it.o(i.NMI_Handler)
    i.PendSV_Handler                         0x08001082   Section        0  stm32g0xx_it.o(i.PendSV_Handler)
    i.SVC_Handler                            0x08001084   Section        0  stm32g0xx_it.o(i.SVC_Handler)
    i.SysTick_Handler                        0x08001086   Section        0  stm32g0xx_it.o(i.SysTick_Handler)
    i.SystemClock_Config                     0x0800108e   Section        0  main.o(i.SystemClock_Config)
    i.SystemInit                             0x08001104   Section        0  system_stm32g0xx.o(i.SystemInit)
    i.UARTEx_SetNbDataToProcess              0x08001114   Section        0  stm32g0xx_hal_uart_ex.o(i.UARTEx_SetNbDataToProcess)
    UARTEx_SetNbDataToProcess                0x08001115   Thumb Code    80  stm32g0xx_hal_uart_ex.o(i.UARTEx_SetNbDataToProcess)
    i.UART_AdvFeatureConfig                  0x08001174   Section        0  stm32g0xx_hal_uart.o(i.UART_AdvFeatureConfig)
    i.UART_CheckIdleState                    0x08001240   Section        0  stm32g0xx_hal_uart.o(i.UART_CheckIdleState)
    i.UART_SetConfig                         0x080012a4   Section        0  stm32g0xx_hal_uart.o(i.UART_SetConfig)
    i.UART_WaitOnFlagUntilTimeout            0x080018dc   Section        0  stm32g0xx_hal_uart.o(i.UART_WaitOnFlagUntilTimeout)
    i.__0printf$bare                         0x08001944   Section        0  printfb.o(i.__0printf$bare)
    i.__NVIC_SetPriority                     0x08001958   Section        0  stm32g0xx_hal_cortex.o(i.__NVIC_SetPriority)
    __NVIC_SetPriority                       0x08001959   Thumb Code    60  stm32g0xx_hal_cortex.o(i.__NVIC_SetPriority)
    i.__scatterload_copy                     0x0800199c   Section       14  handlers.o(i.__scatterload_copy)
    i.__scatterload_null                     0x080019aa   Section        2  handlers.o(i.__scatterload_null)
    i.__scatterload_zeroinit                 0x080019ac   Section       14  handlers.o(i.__scatterload_zeroinit)
    i._printf_core                           0x080019ba   Section        0  printfb.o(i._printf_core)
    _printf_core                             0x080019bb   Thumb Code    30  printfb.o(i._printf_core)
    i.fputc                                  0x080019d8   Section        0  usart.o(i.fputc)
    i.main                                   0x080019f4   Section        0  main.o(i.main)
    .constdata                               0x08001a54   Section       64  system_stm32g0xx.o(.constdata)
    .constdata                               0x08001a94   Section       32  system_stm32g0xx.o(.constdata)
    .data                                    0x20000000   Section       12  stm32g0xx_hal.o(.data)
    .data                                    0x2000000c   Section        4  system_stm32g0xx.o(.data)
    .data                                    0x20000010   Section        4  stdout.o(.data)
    .bss                                     0x20000014   Section      140  usart.o(.bss)
    STACK                                    0x200000a0   Section     1024  startup_stm32g031xx.o(STACK)

    Global Symbols

    Symbol Name                              Value     Ov Type        Size  Object(Section)

    BuildAttributes$$THM_ISAv3M$S$PE$A:L22$X:L11$S22$IEEE1$IW$USESV6$~STKCKD$USESV7$~SHL$OSPACE$ROPI$EBA8$MICROLIB$REQ8$PRES8$EABIv2 0x00000000   Number         0  anon$$obj.o ABSOLUTE
    __ARM_use_no_argv                        0x00000000   Number         0  main.o ABSOLUTE
    __cpp_initialize__aeabi_                  - Undefined Weak Reference
    __cxa_finalize                            - Undefined Weak Reference
    __decompress                              - Undefined Weak Reference
    _clock_init                               - Undefined Weak Reference
    _microlib_exit                            - Undefined Weak Reference
    __Vectors_Size                           0x000000c0   Number         0  startup_stm32g031xx.o ABSOLUTE
    __Vectors                                0x08000000   Data           4  startup_stm32g031xx.o(RESET)
    __Vectors_End                            0x080000c0   Data           0  startup_stm32g031xx.o(RESET)
    __main                                   0x080000c1   Thumb Code     0  entry.o(.ARM.Collect$$$$00000000)
    _main_stk                                0x080000c1   Thumb Code     0  entry2.o(.ARM.Collect$$$$00000001)
    _main_scatterload                        0x080000c5   Thumb Code     0  entry5.o(.ARM.Collect$$$$00000004)
    __main_after_scatterload                 0x080000c9   Thumb Code     0  entry5.o(.ARM.Collect$$$$00000004)
    _main_clock                              0x080000c9   Thumb Code     0  entry7b.o(.ARM.Collect$$$$00000008)
    _main_cpp_init                           0x080000c9   Thumb Code     0  entry8b.o(.ARM.Collect$$$$0000000A)
    _main_init                               0x080000c9   Thumb Code     0  entry9a.o(.ARM.Collect$$$$0000000B)
    __rt_final_cpp                           0x080000d1   Thumb Code     0  entry10a.o(.ARM.Collect$$$$0000000D)
    __rt_final_exit                          0x080000d1   Thumb Code     0  entry11a.o(.ARM.Collect$$$$0000000F)
    Reset_Handler                            0x080000d5   Thumb Code     8  startup_stm32g031xx.o(.text)
    ADC1_IRQHandler                          0x080000e7   Thumb Code     0  startup_stm32g031xx.o(.text)
    DMA1_Ch4_5_DMAMUX1_OVR_IRQHandler        0x080000e7   Thumb Code     0  startup_stm32g031xx.o(.text)
    DMA1_Channel1_IRQHandler                 0x080000e7   Thumb Code     0  startup_stm32g031xx.o(.text)
    DMA1_Channel2_3_IRQHandler               0x080000e7   Thumb Code     0  startup_stm32g031xx.o(.text)
    EXTI0_1_IRQHandler                       0x080000e7   Thumb Code     0  startup_stm32g031xx.o(.text)
    EXTI4_15_IRQHandler                      0x080000e7   Thumb Code     0  startup_stm32g031xx.o(.text)
    FLASH_IRQHandler                         0x080000e7   Thumb Code     0  startup_stm32g031xx.o(.text)
    I2C1_IRQHandler                          0x080000e7   Thumb Code     0  startup_stm32g031xx.o(.text)
    I2C2_IRQHandler                          0x080000e7   Thumb Code     0  startup_stm32g031xx.o(.text)
    LPTIM1_IRQHandler                        0x080000e7   Thumb Code     0  startup_stm32g031xx.o(.text)
    LPTIM2_IRQHandler                        0x080000e7   Thumb Code     0  startup_stm32g031xx.o(.text)
    LPUART1_IRQHandler                       0x080000e7   Thumb Code     0  startup_stm32g031xx.o(.text)
    PVD_IRQHandler                           0x080000e7   Thumb Code     0  startup_stm32g031xx.o(.text)
    RCC_IRQHandler                           0x080000e7   Thumb Code     0  startup_stm32g031xx.o(.text)
    RTC_TAMP_IRQHandler                      0x080000e7   Thumb Code     0  startup_stm32g031xx.o(.text)
    SPI1_IRQHandler                          0x080000e7   Thumb Code     0  startup_stm32g031xx.o(.text)
    SPI2_IRQHandler                          0x080000e7   Thumb Code     0  startup_stm32g031xx.o(.text)
    TIM14_IRQHandler                         0x080000e7   Thumb Code     0  startup_stm32g031xx.o(.text)
    TIM16_IRQHandler                         0x080000e7   Thumb Code     0  startup_stm32g031xx.o(.text)
    TIM17_IRQHandler                         0x080000e7   Thumb Code     0  startup_stm32g031xx.o(.text)
    TIM1_BRK_UP_TRG_COM_IRQHandler           0x080000e7   Thumb Code     0  startup_stm32g031xx.o(.text)
    TIM1_CC_IRQHandler                       0x080000e7   Thumb Code     0  startup_stm32g031xx.o(.text)
    TIM2_IRQHandler                          0x080000e7   Thumb Code     0  startup_stm32g031xx.o(.text)
    TIM3_IRQHandler                          0x080000e7   Thumb Code     0  startup_stm32g031xx.o(.text)
    USART1_IRQHandler                        0x080000e7   Thumb Code     0  startup_stm32g031xx.o(.text)
    USART2_IRQHandler                        0x080000e7   Thumb Code     0  startup_stm32g031xx.o(.text)
    WWDG_IRQHandler                          0x080000e7   Thumb Code     0  startup_stm32g031xx.o(.text)
    __aeabi_uidiv                            0x080000f1   Thumb Code     0  uidiv.o(.text)
    __aeabi_uidivmod                         0x080000f1   Thumb Code    44  uidiv.o(.text)
    __aeabi_uldivmod                         0x0800011d   Thumb Code    96  uldiv.o(.text)
    __aeabi_memset                           0x0800017d   Thumb Code    14  memseta.o(.text)
    __aeabi_memset4                          0x0800017d   Thumb Code     0  memseta.o(.text)
    __aeabi_memset8                          0x0800017d   Thumb Code     0  memseta.o(.text)
    __aeabi_memclr                           0x0800018b   Thumb Code     4  memseta.o(.text)
    __aeabi_memclr4                          0x0800018b   Thumb Code     0  memseta.o(.text)
    __aeabi_memclr8                          0x0800018b   Thumb Code     0  memseta.o(.text)
    _memset$wrapper                          0x0800018f   Thumb Code    18  memseta.o(.text)
    __aeabi_llsl                             0x080001a1   Thumb Code    32  llshl.o(.text)
    _ll_shift_l                              0x080001a1   Thumb Code     0  llshl.o(.text)
    __aeabi_llsr                             0x080001c1   Thumb Code    34  llushr.o(.text)
    _ll_ushift_r                             0x080001c1   Thumb Code     0  llushr.o(.text)
    __scatterload                            0x080001e5   Thumb Code    28  init.o(.text)
    __scatterload_rt2                        0x080001e5   Thumb Code     0  init.o(.text)
    EXTI2_3_IRQHandler                       0x08000209   Thumb Code    10  stm32g0xx_it.o(i.EXTI2_3_IRQHandler)
    Error_Handler                            0x08000213   Thumb Code     2  main.o(i.Error_Handler)
    HAL_Delay                                0x08000215   Thumb Code    32  stm32g0xx_hal.o(i.HAL_Delay)
    HAL_GPIO_EXTI_Falling_Callback           0x08000239   Thumb Code    14  main.o(i.HAL_GPIO_EXTI_Falling_Callback)
    HAL_GPIO_EXTI_IRQHandler                 0x08000259   Thumb Code    36  stm32g0xx_hal_gpio.o(i.HAL_GPIO_EXTI_IRQHandler)
    HAL_GPIO_EXTI_Rising_Callback            0x08000281   Thumb Code     2  stm32g0xx_hal_gpio.o(i.HAL_GPIO_EXTI_Rising_Callback)
    HAL_GPIO_Init                            0x08000285   Thumb Code   292  stm32g0xx_hal_gpio.o(i.HAL_GPIO_Init)
    HAL_GPIO_TogglePin                       0x080003b9   Thumb Code    14  stm32g0xx_hal_gpio.o(i.HAL_GPIO_TogglePin)
    HAL_GPIO_WritePin                        0x080003c7   Thumb Code    12  stm32g0xx_hal_gpio.o(i.HAL_GPIO_WritePin)
    HAL_GetTick                              0x080003d5   Thumb Code     6  stm32g0xx_hal.o(i.HAL_GetTick)
    HAL_IncTick                              0x080003e1   Thumb Code    12  stm32g0xx_hal.o(i.HAL_IncTick)
    HAL_Init                                 0x080003f1   Thumb Code    36  stm32g0xx_hal.o(i.HAL_Init)
    HAL_InitTick                             0x08000419   Thumb Code    64  stm32g0xx_hal.o(i.HAL_InitTick)
    HAL_MspInit                              0x08000461   Thumb Code    38  stm32g0xx_hal_msp.o(i.HAL_MspInit)
    HAL_NVIC_EnableIRQ                       0x0800048d   Thumb Code    18  stm32g0xx_hal_cortex.o(i.HAL_NVIC_EnableIRQ)
    HAL_NVIC_SetPriority                     0x080004a5   Thumb Code     8  stm32g0xx_hal_cortex.o(i.HAL_NVIC_SetPriority)
    HAL_PWREx_ControlVoltageScaling          0x080004ad   Thumb Code    62  stm32g0xx_hal_pwr_ex.o(i.HAL_PWREx_ControlVoltageScaling)
    HAL_RCCEx_PeriphCLKConfig                0x080004f9   Thumb Code   420  stm32g0xx_hal_rcc_ex.o(i.HAL_RCCEx_PeriphCLKConfig)
    HAL_RCC_ClockConfig                      0x080006a9   Thumb Code   318  stm32g0xx_hal_rcc.o(i.HAL_RCC_ClockConfig)
    HAL_RCC_GetPCLK1Freq                     0x08000801   Thumb Code    26  stm32g0xx_hal_rcc.o(i.HAL_RCC_GetPCLK1Freq)
    HAL_RCC_GetSysClockFreq                  0x08000829   Thumb Code   130  stm32g0xx_hal_rcc.o(i.HAL_RCC_GetSysClockFreq)
    HAL_RCC_OscConfig                        0x080008b5   Thumb Code   970  stm32g0xx_hal_rcc.o(i.HAL_RCC_OscConfig)
    HAL_SYSTICK_Config                       0x08000ca5   Thumb Code    38  stm32g0xx_hal_cortex.o(i.HAL_SYSTICK_Config)
    HAL_UARTEx_DisableFifoMode               0x08000cd5   Thumb Code    66  stm32g0xx_hal_uart_ex.o(i.HAL_UARTEx_DisableFifoMode)
    HAL_UARTEx_SetRxFifoThreshold            0x08000d17   Thumb Code    78  stm32g0xx_hal_uart_ex.o(i.HAL_UARTEx_SetRxFifoThreshold)
    HAL_UARTEx_SetTxFifoThreshold            0x08000d65   Thumb Code    76  stm32g0xx_hal_uart_ex.o(i.HAL_UARTEx_SetTxFifoThreshold)
    HAL_UART_Init                            0x08000db1   Thumb Code   112  stm32g0xx_hal_uart.o(i.HAL_UART_Init)
    HAL_UART_MspInit                         0x08000e21   Thumb Code    84  usart.o(i.HAL_UART_MspInit)
    HAL_UART_Transmit                        0x08000e7d   Thumb Code   224  stm32g0xx_hal_uart.o(i.HAL_UART_Transmit)
    HardFault_Handler                        0x08000f5d   Thumb Code     2  stm32g0xx_it.o(i.HardFault_Handler)
    LED_Blinking_5s                          0x08000f61   Thumb Code    38  gpio.o(i.LED_Blinking_5s)
    MX_GPIO_Init                             0x08000f8d   Thumb Code   124  gpio.o(i.MX_GPIO_Init)
    MX_LPUART1_UART_Init                     0x08001019   Thumb Code    96  usart.o(i.MX_LPUART1_UART_Init)
    NMI_Handler                              0x08001081   Thumb Code     2  stm32g0xx_it.o(i.NMI_Handler)
    PendSV_Handler                           0x08001083   Thumb Code     2  stm32g0xx_it.o(i.PendSV_Handler)
    SVC_Handler                              0x08001085   Thumb Code     2  stm32g0xx_it.o(i.SVC_Handler)
    SysTick_Handler                          0x08001087   Thumb Code     8  stm32g0xx_it.o(i.SysTick_Handler)
    SystemClock_Config                       0x0800108f   Thumb Code   116  main.o(i.SystemClock_Config)
    SystemInit                               0x08001105   Thumb Code    10  system_stm32g0xx.o(i.SystemInit)
    UART_AdvFeatureConfig                    0x08001175   Thumb Code   202  stm32g0xx_hal_uart.o(i.UART_AdvFeatureConfig)
    UART_CheckIdleState                      0x08001241   Thumb Code    94  stm32g0xx_hal_uart.o(i.UART_CheckIdleState)
    UART_SetConfig                           0x080012a5   Thumb Code  1582  stm32g0xx_hal_uart.o(i.UART_SetConfig)
    UART_WaitOnFlagUntilTimeout              0x080018dd   Thumb Code   102  stm32g0xx_hal_uart.o(i.UART_WaitOnFlagUntilTimeout)
    __0printf$bare                           0x08001945   Thumb Code    12  printfb.o(i.__0printf$bare)
    __1printf$bare                           0x08001945   Thumb Code     0  printfb.o(i.__0printf$bare)
    __2printf                                0x08001945   Thumb Code     0  printfb.o(i.__0printf$bare)
    __scatterload_copy                       0x0800199d   Thumb Code    14  handlers.o(i.__scatterload_copy)
    __scatterload_null                       0x080019ab   Thumb Code     2  handlers.o(i.__scatterload_null)
    __scatterload_zeroinit                   0x080019ad   Thumb Code    14  handlers.o(i.__scatterload_zeroinit)
    fputc                                    0x080019d9   Thumb Code    18  usart.o(i.fputc)
    main                                     0x080019f5   Thumb Code    62  main.o(i.main)
    AHBPrescTable                            0x08001a54   Data          64  system_stm32g0xx.o(.constdata)
    APBPrescTable                            0x08001a94   Data          32  system_stm32g0xx.o(.constdata)
    Region$$Table$$Base                      0x08001ab4   Number         0  anon$$obj.o(Region$$Table)
    Region$$Table$$Limit                     0x08001ad4   Number         0  anon$$obj.o(Region$$Table)
    uwTickPrio                               0x20000000   Data           4  stm32g0xx_hal.o(.data)
    uwTickFreq                               0x20000004   Data           4  stm32g0xx_hal.o(.data)
    uwTick                                   0x20000008   Data           4  stm32g0xx_hal.o(.data)
    SystemCoreClock                          0x2000000c   Data           4  system_stm32g0xx.o(.data)
    __stdout                                 0x20000010   Data           4  stdout.o(.data)
    hlpuart1                                 0x20000014   Data         140  usart.o(.bss)
    __initial_sp                             0x200004a0   Data           0  startup_stm32g031xx.o(STACK)



==============================================================================

Memory Map of the image

  Image Entry point : 0x080000c1

  Load Region LR_IROM1 (Base: 0x08000000, Size: 0x00001ae8, Max: 0x00010000, ABSOLUTE)

    Execution Region ER_IROM1 (Exec base: 0x08000000, Load base: 0x08000000, Size: 0x00001ad4, Max: 0x00010000, ABSOLUTE)

    Exec Addr    Load Addr    Size         Type   Attr      Idx    E Section Name        Object

    0x08000000   0x08000000   0x000000c0   Data   RO            3    RESET               startup_stm32g031xx.o
    0x080000c0   0x080000c0   0x00000000   Code   RO         2134  * .ARM.Collect$$$$00000000  mc_p.l(entry.o)
    0x080000c0   0x080000c0   0x00000004   Code   RO         2403    .ARM.Collect$$$$00000001  mc_p.l(entry2.o)
    0x080000c4   0x080000c4   0x00000004   Code   RO         2406    .ARM.Collect$$$$00000004  mc_p.l(entry5.o)
    0x080000c8   0x080000c8   0x00000000   Code   RO         2408    .ARM.Collect$$$$00000008  mc_p.l(entry7b.o)
    0x080000c8   0x080000c8   0x00000000   Code   RO         2410    .ARM.Collect$$$$0000000A  mc_p.l(entry8b.o)
    0x080000c8   0x080000c8   0x00000008   Code   RO         2411    .ARM.Collect$$$$0000000B  mc_p.l(entry9a.o)
    0x080000d0   0x080000d0   0x00000000   Code   RO         2413    .ARM.Collect$$$$0000000D  mc_p.l(entry10a.o)
    0x080000d0   0x080000d0   0x00000000   Code   RO         2415    .ARM.Collect$$$$0000000F  mc_p.l(entry11a.o)
    0x080000d0   0x080000d0   0x00000004   Code   RO         2404    .ARM.Collect$$$$00002712  mc_p.l(entry2.o)
    0x080000d4   0x080000d4   0x0000001c   Code   RO            4    .text               startup_stm32g031xx.o
    0x080000f0   0x080000f0   0x0000002c   Code   RO         2137    .text               mc_p.l(uidiv.o)
    0x0800011c   0x0800011c   0x00000060   Code   RO         2139    .text               mc_p.l(uldiv.o)
    0x0800017c   0x0800017c   0x00000024   Code   RO         2141    .text               mc_p.l(memseta.o)
    0x080001a0   0x080001a0   0x00000020   Code   RO         2418    .text               mc_p.l(llshl.o)
    0x080001c0   0x080001c0   0x00000022   Code   RO         2420    .text               mc_p.l(llushr.o)
    0x080001e2   0x080001e2   0x00000002   PAD
    0x080001e4   0x080001e4   0x00000024   Code   RO         2433    .text               mc_p.l(init.o)
    0x08000208   0x08000208   0x0000000a   Code   RO          260    i.EXTI2_3_IRQHandler  stm32g0xx_it.o
    0x08000212   0x08000212   0x00000002   Code   RO           12    i.Error_Handler     main.o
    0x08000214   0x08000214   0x00000024   Code   RO         1787    i.HAL_Delay         stm32g0xx_hal.o
    0x08000238   0x08000238   0x00000020   Code   RO           13    i.HAL_GPIO_EXTI_Falling_Callback  main.o
    0x08000258   0x08000258   0x00000028   Code   RO          373    i.HAL_GPIO_EXTI_IRQHandler  stm32g0xx_hal_gpio.o
    0x08000280   0x08000280   0x00000002   Code   RO          374    i.HAL_GPIO_EXTI_Rising_Callback  stm32g0xx_hal_gpio.o
    0x08000282   0x08000282   0x00000002   PAD
    0x08000284   0x08000284   0x00000134   Code   RO          375    i.HAL_GPIO_Init     stm32g0xx_hal_gpio.o
    0x080003b8   0x080003b8   0x0000000e   Code   RO          378    i.HAL_GPIO_TogglePin  stm32g0xx_hal_gpio.o
    0x080003c6   0x080003c6   0x0000000c   Code   RO          379    i.HAL_GPIO_WritePin  stm32g0xx_hal_gpio.o
    0x080003d2   0x080003d2   0x00000002   PAD
    0x080003d4   0x080003d4   0x0000000c   Code   RO         1791    i.HAL_GetTick       stm32g0xx_hal.o
    0x080003e0   0x080003e0   0x00000010   Code   RO         1797    i.HAL_IncTick       stm32g0xx_hal.o
    0x080003f0   0x080003f0   0x00000028   Code   RO         1798    i.HAL_Init          stm32g0xx_hal.o
    0x08000418   0x08000418   0x00000048   Code   RO         1799    i.HAL_InitTick      stm32g0xx_hal.o
    0x08000460   0x08000460   0x0000002c   Code   RO          313    i.HAL_MspInit       stm32g0xx_hal_msp.o
    0x0800048c   0x0800048c   0x00000018   Code   RO         1675    i.HAL_NVIC_EnableIRQ  stm32g0xx_hal_cortex.o
    0x080004a4   0x080004a4   0x00000008   Code   RO         1679    i.HAL_NVIC_SetPriority  stm32g0xx_hal_cortex.o
    0x080004ac   0x080004ac   0x0000004c   Code   RO         1530    i.HAL_PWREx_ControlVoltageScaling  stm32g0xx_hal_pwr_ex.o
    0x080004f8   0x080004f8   0x000001b0   Code   RO         1013    i.HAL_RCCEx_PeriphCLKConfig  stm32g0xx_hal_rcc_ex.o
    0x080006a8   0x080006a8   0x00000158   Code   RO          903    i.HAL_RCC_ClockConfig  stm32g0xx_hal_rcc.o
    0x08000800   0x08000800   0x00000028   Code   RO          911    i.HAL_RCC_GetPCLK1Freq  stm32g0xx_hal_rcc.o
    0x08000828   0x08000828   0x0000008c   Code   RO          912    i.HAL_RCC_GetSysClockFreq  stm32g0xx_hal_rcc.o
    0x080008b4   0x080008b4   0x000003f0   Code   RO          916    i.HAL_RCC_OscConfig  stm32g0xx_hal_rcc.o
    0x08000ca4   0x08000ca4   0x00000030   Code   RO         1683    i.HAL_SYSTICK_Config  stm32g0xx_hal_cortex.o
    0x08000cd4   0x08000cd4   0x00000042   Code   RO          813    i.HAL_UARTEx_DisableFifoMode  stm32g0xx_hal_uart_ex.o
    0x08000d16   0x08000d16   0x0000004e   Code   RO          818    i.HAL_UARTEx_SetRxFifoThreshold  stm32g0xx_hal_uart_ex.o
    0x08000d64   0x08000d64   0x0000004c   Code   RO          819    i.HAL_UARTEx_SetTxFifoThreshold  stm32g0xx_hal_uart_ex.o
    0x08000db0   0x08000db0   0x00000070   Code   RO          465    i.HAL_UART_Init     stm32g0xx_hal_uart.o
    0x08000e20   0x08000e20   0x0000005c   Code   RO          188    i.HAL_UART_MspInit  usart.o
    0x08000e7c   0x08000e7c   0x000000e0   Code   RO          473    i.HAL_UART_Transmit  stm32g0xx_hal_uart.o
    0x08000f5c   0x08000f5c   0x00000002   Code   RO          261    i.HardFault_Handler  stm32g0xx_it.o
    0x08000f5e   0x08000f5e   0x00000002   PAD
    0x08000f60   0x08000f60   0x0000002c   Code   RO          161    i.LED_Blinking_5s   gpio.o
    0x08000f8c   0x08000f8c   0x0000008c   Code   RO          162    i.MX_GPIO_Init      gpio.o
    0x08001018   0x08001018   0x00000068   Code   RO          189    i.MX_LPUART1_UART_Init  usart.o
    0x08001080   0x08001080   0x00000002   Code   RO          262    i.NMI_Handler       stm32g0xx_it.o
    0x08001082   0x08001082   0x00000002   Code   RO          263    i.PendSV_Handler    stm32g0xx_it.o
    0x08001084   0x08001084   0x00000002   Code   RO          264    i.SVC_Handler       stm32g0xx_it.o
    0x08001086   0x08001086   0x00000008   Code   RO          265    i.SysTick_Handler   stm32g0xx_it.o
    0x0800108e   0x0800108e   0x00000074   Code   RO           14    i.SystemClock_Config  main.o
    0x08001102   0x08001102   0x00000002   PAD
    0x08001104   0x08001104   0x00000010   Code   RO         2103    i.SystemInit        system_stm32g0xx.o
    0x08001114   0x08001114   0x00000060   Code   RO          823    i.UARTEx_SetNbDataToProcess  stm32g0xx_hal_uart_ex.o
    0x08001174   0x08001174   0x000000ca   Code   RO          478    i.UART_AdvFeatureConfig  stm32g0xx_hal_uart.o
    0x0800123e   0x0800123e   0x00000002   PAD
    0x08001240   0x08001240   0x00000064   Code   RO          479    i.UART_CheckIdleState  stm32g0xx_hal_uart.o
    0x080012a4   0x080012a4   0x00000638   Code   RO          496    i.UART_SetConfig    stm32g0xx_hal_uart.o
    0x080018dc   0x080018dc   0x00000066   Code   RO          501    i.UART_WaitOnFlagUntilTimeout  stm32g0xx_hal_uart.o
    0x08001942   0x08001942   0x00000002   PAD
    0x08001944   0x08001944   0x00000014   Code   RO         2144    i.__0printf$bare    mc_p.l(printfb.o)
    0x08001958   0x08001958   0x00000044   Code   RO         1685    i.__NVIC_SetPriority  stm32g0xx_hal_cortex.o
    0x0800199c   0x0800199c   0x0000000e   Code   RO         2443    i.__scatterload_copy  mc_p.l(handlers.o)
    0x080019aa   0x080019aa   0x00000002   Code   RO         2444    i.__scatterload_null  mc_p.l(handlers.o)
    0x080019ac   0x080019ac   0x0000000e   Code   RO         2445    i.__scatterload_zeroinit  mc_p.l(handlers.o)
    0x080019ba   0x080019ba   0x0000001e   Code   RO         2151    i._printf_core      mc_p.l(printfb.o)
    0x080019d8   0x080019d8   0x0000001c   Code   RO          191    i.fputc             usart.o
    0x080019f4   0x080019f4   0x00000060   Code   RO           15    i.main              main.o
    0x08001a54   0x08001a54   0x00000040   Data   RO         2104    .constdata          system_stm32g0xx.o
    0x08001a94   0x08001a94   0x00000020   Data   RO         2105    .constdata          system_stm32g0xx.o
    0x08001ab4   0x08001ab4   0x00000020   Data   RO         2441    Region$$Table       anon$$obj.o


    Execution Region RW_IRAM1 (Exec base: 0x20000000, Load base: 0x08001ad4, Size: 0x000004a0, Max: 0x00002000, ABSOLUTE)

    Exec Addr    Load Addr    Size         Type   Attr      Idx    E Section Name        Object

    0x20000000   0x08001ad4   0x0000000c   Data   RW         1816    .data               stm32g0xx_hal.o
    0x2000000c   0x08001ae0   0x00000004   Data   RW         2106    .data               system_stm32g0xx.o
    0x20000010   0x08001ae4   0x00000004   Data   RW         2417    .data               mc_p.l(stdout.o)
    0x20000014        -       0x0000008c   Zero   RW          192    .bss                usart.o
    0x200000a0        -       0x00000400   Zero   RW            1    STACK               startup_stm32g031xx.o


==============================================================================

Image component sizes


      Code (inc. data)   RO Data    RW Data    ZI Data      Debug   Object Name

       184         22          0          0          0       1445   gpio.o
       246         52          0          0          0     376113   main.o
        28          8        192          0       1024        632   startup_stm32g031xx.o
       176         26          0         12          0       4161   stm32g0xx_hal.o
       148         24          0          0          0      12449   stm32g0xx_hal_cortex.o
       376         20          0          0          0       4300   stm32g0xx_hal_gpio.o
        44          6          0          0          0        838   stm32g0xx_hal_msp.o
        76         14          0          0          0        790   stm32g0xx_hal_pwr_ex.o
      1532         88          0          0          0      22913   stm32g0xx_hal_rcc.o
       432         12          0          0          0       1848   stm32g0xx_hal_rcc_ex.o
      2332         48          0          0          0       7693   stm32g0xx_hal_uart.o
       316         16          0          0          0       3925   stm32g0xx_hal_uart_ex.o
        26          0          0          0          0       2608   stm32g0xx_it.o
        16          6         96          4          0       1203   system_stm32g0xx.o
       224         26          0          0        140       2213   usart.o

    ----------------------------------------------------------------------
      6168        368        320         16       1164     443131   Object Totals
         0          0         32          0          0          0   (incl. Generated)
        12          0          0          0          0          0   (incl. Padding)

    ----------------------------------------------------------------------

      Code (inc. data)   RO Data    RW Data    ZI Data      Debug   Library Member Name

         0          0          0          0          0          0   entry.o
         0          0          0          0          0          0   entry10a.o
         0          0          0          0          0          0   entry11a.o
         8          4          0          0          0          0   entry2.o
         4          0          0          0          0          0   entry5.o
         0          0          0          0          0          0   entry7b.o
         0          0          0          0          0          0   entry8b.o
         8          4          0          0          0          0   entry9a.o
        30          0          0          0          0          0   handlers.o
        36          8          0          0          0         68   init.o
        32          0          0          0          0         68   llshl.o
        34          0          0          0          0         68   llushr.o
        36          0          0          0          0        100   memseta.o
        50          8          0          0          0        144   printfb.o
         0          0          0          4          0          0   stdout.o
        44          0          0          0          0         72   uidiv.o
        96          0          0          0          0         84   uldiv.o

    ----------------------------------------------------------------------
       380         24          0          4          0        604   Library Totals
         2          0          0          0          0          0   (incl. Padding)

    ----------------------------------------------------------------------

      Code (inc. data)   RO Data    RW Data    ZI Data      Debug   Library Name

       378         24          0          4          0        604   mc_p.l

    ----------------------------------------------------------------------
       380         24          0          4          0        604   Library Totals

    ----------------------------------------------------------------------

==============================================================================


      Code (inc. data)   RO Data    RW Data    ZI Data      Debug   

      6548        392        320         20       1164     441731   Grand Totals
      6548        392        320         20       1164     441731   ELF Image Totals
      6548        392        320         20          0          0   ROM Totals

==============================================================================

    Total RO  Size (Code + RO Data)                 6868 (   6.71kB)
    Total RW  Size (RW Data + ZI Data)              1184 (   1.16kB)
    Total ROM Size (Code + RO Data + RW Data)       6888 (   6.73kB)

==============================================================================

