Component: ARM Compiler 5.06 update 6 (build 750) Tool: armlink [4d35ed]

==============================================================================

Section Cross References

    startup_stm32g031xx.o(RESET) refers to startup_stm32g031xx.o(STACK) for __initial_sp
    startup_stm32g031xx.o(RESET) refers to startup_stm32g031xx.o(.text) for Reset_Handler
    startup_stm32g031xx.o(RESET) refers to stm32g0xx_it.o(i.NMI_Handler) for NMI_Handler
    startup_stm32g031xx.o(RESET) refers to stm32g0xx_it.o(i.HardFault_Handler) for HardFault_Handler
    startup_stm32g031xx.o(RESET) refers to stm32g0xx_it.o(i.SVC_Handler) for SVC_Handler
    startup_stm32g031xx.o(RESET) refers to stm32g0xx_it.o(i.PendSV_Handler) for PendSV_Handler
    startup_stm32g031xx.o(RESET) refers to stm32g0xx_it.o(i.SysTick_Handler) for SysTick_Handler
    startup_stm32g031xx.o(RESET) refers to stm32g0xx_it.o(i.EXTI2_3_IRQHandler) for EXTI2_3_IRQHandler
    startup_stm32g031xx.o(.text) refers to system_stm32g0xx.o(i.SystemInit) for SystemInit
    startup_stm32g031xx.o(.text) refers to entry.o(.ARM.Collect$$$$00000000) for __main
    bootloader.o(i.Bootloader_JumpToSysMem) refers to stm32g0xx_hal_rcc.o(i.HAL_RCC_DeInit) for HAL_RCC_DeInit
    bootloader.o(i.Bootloader_JumpToSysMem) refers to stm32g0xx_hal.o(i.HAL_DeInit) for HAL_DeInit
    main.o(i.SystemClock_Config) refers to memseta.o(.text) for __aeabi_memclr4
    main.o(i.SystemClock_Config) refers to stm32g0xx_hal_pwr_ex.o(i.HAL_PWREx_ControlVoltageScaling) for HAL_PWREx_ControlVoltageScaling
    main.o(i.SystemClock_Config) refers to stm32g0xx_hal_rcc.o(i.HAL_RCC_OscConfig) for HAL_RCC_OscConfig
    main.o(i.SystemClock_Config) refers to stm32g0xx_hal_rcc.o(i.HAL_RCC_ClockConfig) for HAL_RCC_ClockConfig
    main.o(i.System_On_test) refers to stm32g0xx_hal_gpio.o(i.HAL_GPIO_WritePin) for HAL_GPIO_WritePin
    main.o(i.System_On_test) refers to stm32g0xx_hal.o(i.HAL_Delay) for HAL_Delay
    main.o(i.main) refers to stm32g0xx_hal.o(i.HAL_Init) for HAL_Init
    main.o(i.main) refers to main.o(i.SystemClock_Config) for SystemClock_Config
    main.o(i.main) refers to gpio.o(i.MX_GPIO_Init) for MX_GPIO_Init
    main.o(i.main) refers to usart.o(i.MX_USART2_UART_Init) for MX_USART2_UART_Init
    main.o(i.main) refers to crc.o(i.MX_CRC_Init) for MX_CRC_Init
    main.o(i.main) refers to flash_if.o(i.FLASH_If_Init) for FLASH_If_Init
    main.o(i.main) refers to menu.o(i.Main_Menu) for Main_Menu
    gpio.o(i.MX_GPIO_Init) refers to memseta.o(.text) for __aeabi_memclr4
    gpio.o(i.MX_GPIO_Init) refers to stm32g0xx_hal_gpio.o(i.HAL_GPIO_WritePin) for HAL_GPIO_WritePin
    gpio.o(i.MX_GPIO_Init) refers to stm32g0xx_hal_gpio.o(i.HAL_GPIO_Init) for HAL_GPIO_Init
    gpio.o(i.MX_GPIO_Init) refers to stm32g0xx_hal_cortex.o(i.HAL_NVIC_SetPriority) for HAL_NVIC_SetPriority
    gpio.o(i.MX_GPIO_Init) refers to stm32g0xx_hal_cortex.o(i.HAL_NVIC_EnableIRQ) for HAL_NVIC_EnableIRQ
    crc.o(i.MX_CRC_Init) refers to stm32g0xx_hal_crc.o(i.HAL_CRC_Init) for HAL_CRC_Init
    crc.o(i.MX_CRC_Init) refers to main.o(i.Error_Handler) for Error_Handler
    crc.o(i.MX_CRC_Init) refers to crc.o(.bss) for .bss
    usart.o(i.HAL_UART_MspDeInit) refers to stm32g0xx_hal_gpio.o(i.HAL_GPIO_DeInit) for HAL_GPIO_DeInit
    usart.o(i.HAL_UART_MspInit) refers to memseta.o(.text) for __aeabi_memclr4
    usart.o(i.HAL_UART_MspInit) refers to stm32g0xx_hal_gpio.o(i.HAL_GPIO_Init) for HAL_GPIO_Init
    usart.o(i.MX_USART2_UART_Init) refers to stm32g0xx_hal_uart.o(i.HAL_UART_Init) for HAL_UART_Init
    usart.o(i.MX_USART2_UART_Init) refers to main.o(i.Error_Handler) for Error_Handler
    usart.o(i.MX_USART2_UART_Init) refers to usart.o(.bss) for .bss
    usart.o(i.fputc) refers to stm32g0xx_hal_uart.o(i.HAL_UART_Transmit) for HAL_UART_Transmit
    usart.o(i.fputc) refers to usart.o(.bss) for .bss
    stm32g0xx_it.o(i.EXTI2_3_IRQHandler) refers to stm32g0xx_hal_gpio.o(i.HAL_GPIO_EXTI_IRQHandler) for HAL_GPIO_EXTI_IRQHandler
    stm32g0xx_it.o(i.SysTick_Handler) refers to stm32g0xx_hal.o(i.HAL_IncTick) for HAL_IncTick
    stm32g0xx_hal_gpio.o(i.HAL_GPIO_EXTI_IRQHandler) refers to stm32g0xx_hal_gpio.o(i.HAL_GPIO_EXTI_Rising_Callback) for HAL_GPIO_EXTI_Rising_Callback
    stm32g0xx_hal_gpio.o(i.HAL_GPIO_EXTI_IRQHandler) refers to main.o(i.HAL_GPIO_EXTI_Falling_Callback) for HAL_GPIO_EXTI_Falling_Callback
    stm32g0xx_hal_crc.o(i.CRC_Handle_16) refers to uread4.o(.text) for __aeabi_uread4
    stm32g0xx_hal_crc.o(i.CRC_Handle_8) refers to uread4.o(.text) for __aeabi_uread4
    stm32g0xx_hal_crc.o(i.HAL_CRC_Accumulate) refers to stm32g0xx_hal_crc.o(i.CRC_Handle_8) for CRC_Handle_8
    stm32g0xx_hal_crc.o(i.HAL_CRC_Accumulate) refers to stm32g0xx_hal_crc.o(i.CRC_Handle_16) for CRC_Handle_16
    stm32g0xx_hal_crc.o(i.HAL_CRC_Calculate) refers to stm32g0xx_hal_crc.o(i.CRC_Handle_8) for CRC_Handle_8
    stm32g0xx_hal_crc.o(i.HAL_CRC_Calculate) refers to stm32g0xx_hal_crc.o(i.CRC_Handle_16) for CRC_Handle_16
[...]
    stm32g0xx_hal_rcc.o(i.HAL_RCC_DeInit) refers to stm32g0xx_hal.o(.data) for uwTickPrio
    stm32g0xx_hal_rcc.o(i.HAL_RCC_GetHCLKFreq) refers to system_stm32g0xx.o(.data) for SystemCoreClock
    stm32g0xx_hal_rcc.o(i.HAL_RCC_GetPCLK1Freq) refers to system_stm32g0xx.o(.data) for SystemCoreClock
    stm32g0xx_hal_rcc.o(i.HAL_RCC_GetPCLK1Freq) refers to system_stm32g0xx.o(.constdata) for APBPrescTable
    stm32g0xx_hal_rcc.o(i.HAL_RCC_GetSysClockFreq) refers to uidiv.o(.text) for __aeabi_uidivmod
    stm32g0xx_hal_rcc.o(i.HAL_RCC_MCOConfig) refers to stm32g0xx_hal_gpio.o(i.HAL_GPIO_Init) for HAL_GPIO_Init
    stm32g0xx_hal_rcc.o(i.HAL_RCC_NMI_IRQHandler) refers to stm32g0xx_hal_rcc.o(i.HAL_RCC_CSSCallback) for HAL_RCC_CSSCallback
    stm32g0xx_hal_rcc.o(i.HAL_RCC_NMI_IRQHandler) refers to stm32g0xx_hal_rcc.o(i.HAL_RCC_LSECSSCallback) for HAL_RCC_LSECSSCallback
    stm32g0xx_hal_rcc.o(i.HAL_RCC_OscConfig) refers to stm32g0xx_hal.o(i.HAL_GetTick) for HAL_GetTick
    stm32g0xx_hal_rcc.o(i.HAL_RCC_OscConfig) refers to uidiv.o(.text) for __aeabi_uidivmod
    stm32g0xx_hal_rcc.o(i.HAL_RCC_OscConfig) refers to stm32g0xx_hal.o(i.HAL_InitTick) for HAL_InitTick
    stm32g0xx_hal_rcc.o(i.HAL_RCC_OscConfig) refers to system_stm32g0xx.o(.data) for SystemCoreClock
    stm32g0xx_hal_rcc.o(i.HAL_RCC_OscConfig) refers to stm32g0xx_hal.o(.data) for uwTickPrio
    stm32g0xx_hal_rcc_ex.o(i.HAL_RCCEx_DisableLSCO) refers to stm32g0xx_hal_pwr.o(i.HAL_PWR_EnableBkUpAccess) for HAL_PWR_EnableBkUpAccess
    stm32g0xx_hal_rcc_ex.o(i.HAL_RCCEx_DisableLSCO) refers to stm32g0xx_hal_pwr.o(i.HAL_PWR_DisableBkUpAccess) for HAL_PWR_DisableBkUpAccess
    stm32g0xx_hal_rcc_ex.o(i.HAL_RCCEx_EnableLSCO) refers to stm32g0xx_hal_gpio.o(i.HAL_GPIO_Init) for HAL_GPIO_Init
    stm32g0xx_hal_rcc_ex.o(i.HAL_RCCEx_EnableLSCO) refers to stm32g0xx_hal_pwr.o(i.HAL_PWR_EnableBkUpAccess) for HAL_PWR_EnableBkUpAccess
    stm32g0xx_hal_rcc_ex.o(i.HAL_RCCEx_EnableLSCO) refers to stm32g0xx_hal_pwr.o(i.HAL_PWR_DisableBkUpAccess) for HAL_PWR_DisableBkUpAccess
    stm32g0xx_hal_rcc_ex.o(i.HAL_RCCEx_GetPeriphCLKFreq) refers to uidiv.o(.text) for __aeabi_uidivmod
    stm32g0xx_hal_rcc_ex.o(i.HAL_RCCEx_GetPeriphCLKFreq) refers to stm32g0xx_hal_rcc.o(i.HAL_RCC_GetSysClockFreq) for HAL_RCC_GetSysClockFreq
    stm32g0xx_hal_rcc_ex.o(i.HAL_RCCEx_GetPeriphCLKFreq) refers to stm32g0xx_hal_rcc.o(i.HAL_RCC_GetPCLK1Freq) for HAL_RCC_GetPCLK1Freq
    stm32g0xx_hal_rcc_ex.o(i.HAL_RCCEx_PeriphCLKConfig) refers to stm32g0xx_hal.o(i.HAL_GetTick) for HAL_GetTick
    stm32g0xx_hal_flash.o(i.FLASH_WaitForLastOperation) refers to stm32g0xx_hal.o(i.HAL_GetTick) for HAL_GetTick
    stm32g0xx_hal_flash.o(i.FLASH_WaitForLastOperation) refers to stm32g0xx_hal_flash.o(.bss) for .bss
    stm32g0xx_hal_flash.o(i.HAL_FLASH_GetError) refers to stm32g0xx_hal_flash.o(.bss) for .bss
    stm32g0xx_hal_flash.o(i.HAL_FLASH_IRQHandler) refers to stm32g0xx_hal_flash.o(i.HAL_FLASH_OperationErrorCallback) for HAL_FLASH_OperationErrorCallback
    stm32g0xx_hal_flash.o(i.HAL_FLASH_IRQHandler) refers to stm32g0xx_hal_flash_ex.o(i.FLASH_PageErase) for FLASH_PageErase
    stm32g0xx_hal_flash.o(i.HAL_FLASH_IRQHandler) refers to stm32g0xx_hal_flash.o(i.HAL_FLASH_EndOfOperationCallback) for HAL_FLASH_EndOfOperationCallback
    stm32g0xx_hal_flash.o(i.HAL_FLASH_IRQHandler) refers to stm32g0xx_hal_flash.o(.bss) for .bss
    stm32g0xx_hal_flash.o(i.HAL_FLASH_Program) refers to stm32g0xx_hal_flash.o(i.FLASH_WaitForLastOperation) for FLASH_WaitForLastOperation
    stm32g0xx_hal_flash.o(i.HAL_FLASH_Program) refers to stm32g0xx_hal_flash.o(i.FLASH_Program_Fast) for FLASH_Program_Fast
    stm32g0xx_hal_flash.o(i.HAL_FLASH_Program) refers to stm32g0xx_hal_flash.o(i.FLASH_Program_DoubleWord) for FLASH_Program_DoubleWord
    stm32g0xx_hal_flash.o(i.HAL_FLASH_Program) refers to stm32g0xx_hal_flash.o(.bss) for .bss
    stm32g0xx_hal_flash.o(i.HAL_FLASH_Program_IT) refers to stm32g0xx_hal_flash.o(i.FLASH_WaitForLastOperation) for FLASH_WaitForLastOperation
    stm32g0xx_hal_flash.o(i.HAL_FLASH_Program_IT) refers to stm32g0xx_hal_flash.o(i.FLASH_Program_Fast) for FLASH_Program_Fast
    stm32g0xx_hal_flash.o(i.HAL_FLASH_Program_IT) refers to stm32g0xx_hal_flash.o(i.FLASH_Program_DoubleWord) for FLASH_Program_DoubleWord
    stm32g0xx_hal_flash.o(i.HAL_FLASH_Program_IT) refers to stm32g0xx_hal_flash.o(.bss) for .bss
    stm32g0xx_hal_flash_ex.o(i.HAL_FLASHEx_Erase) refers to stm32g0xx_hal_flash.o(i.FLASH_WaitForLastOperation) for FLASH_WaitForLastOperation
    stm32g0xx_hal_flash_ex.o(i.HAL_FLASHEx_Erase) refers to stm32g0xx_hal_flash_ex.o(i.FLASH_MassErase) for FLASH_MassErase
    stm32g0xx_hal_flash_ex.o(i.HAL_FLASHEx_Erase) refers to stm32g0xx_hal_flash_ex.o(i.FLASH_PageErase) for FLASH_PageErase
    stm32g0xx_hal_flash_ex.o(i.HAL_FLASHEx_Erase) refers to stm32g0xx_hal_flash.o(.bss) for pFlash
    stm32g0xx_hal_flash_ex.o(i.HAL_FLASHEx_Erase_IT) refers to stm32g0xx_hal_flash.o(i.FLASH_WaitForLastOperation) for FLASH_WaitForLastOperation
    stm32g0xx_hal_flash_ex.o(i.HAL_FLASHEx_Erase_IT) refers to stm32g0xx_hal_flash_ex.o(i.FLASH_PageErase) for FLASH_PageErase
    stm32g0xx_hal_flash_ex.o(i.HAL_FLASHEx_Erase_IT) refers to stm32g0xx_hal_flash_ex.o(i.FLASH_MassErase) for FLASH_MassErase
    stm32g0xx_hal_flash_ex.o(i.HAL_FLASHEx_Erase_IT) refers to stm32g0xx_hal_flash.o(.bss) for pFlash
    stm32g0xx_hal_flash_ex.o(i.HAL_FLASHEx_OBGetConfig) refers to stm32g0xx_hal_flash_ex.o(i.FLASH_OB_GetRDP) for FLASH_OB_GetRDP
    stm32g0xx_hal_flash_ex.o(i.HAL_FLASHEx_OBGetConfig) refers to stm32g0xx_hal_flash_ex.o(i.FLASH_OB_GetUser) for FLASH_OB_GetUser
    stm32g0xx_hal_flash_ex.o(i.HAL_FLASHEx_OBProgram) refers to stm32g0xx_hal_flash_ex.o(i.FLASH_OB_GetUser) for FLASH_OB_GetUser
    stm32g0xx_hal_flash_ex.o(i.HAL_FLASHEx_OBProgram) refers to stm32g0xx_hal_flash_ex.o(i.FLASH_OB_GetRDP) for FLASH_OB_GetRDP
    stm32g0xx_hal_flash_ex.o(i.HAL_FLASHEx_OBProgram) refers to stm32g0xx_hal_flash_ex.o(i.FLASH_OB_OptrConfig) for FLASH_OB_OptrConfig
    stm32g0xx_hal_flash_ex.o(i.HAL_FLASHEx_OBProgram) refers to stm32g0xx_hal_flash.o(i.FLASH_WaitForLastOperation) for FLASH_WaitForLastOperation
    stm32g0xx_hal_flash_ex.o(i.HAL_FLASHEx_OBProgram) refers to stm32g0xx_hal_flash.o(.bss) for pFlash
    stm32g0xx_hal_dma.o(i.DMA_CalcDMAMUXChannelBaseAndMask) refers to uidiv.o(.text) for __aeabi_uidivmod
    stm32g0xx_hal_dma.o(i.HAL_DMA_DeInit) refers to uidiv.o(.text) for __aeabi_uidivmod
    stm32g0xx_hal_dma.o(i.HAL_DMA_DeInit) refers to stm32g0xx_hal_dma.o(i.DMA_CalcDMAMUXChannelBaseAndMask) for DMA_CalcDMAMUXChannelBaseAndMask
    stm32g0xx_hal_dma.o(i.HAL_DMA_DeInit) refers to stm32g0xx_hal_dma.o(i.DMA_CalcDMAMUXRequestGenBaseAndMask) for DMA_CalcDMAMUXRequestGenBaseAndMask
    stm32g0xx_hal_dma.o(i.HAL_DMA_Init) refers to uidiv.o(.text) for __aeabi_uidivmod
    stm32g0xx_hal_dma.o(i.HAL_DMA_Init) refers to stm32g0xx_hal_dma.o(i.DMA_CalcDMAMUXChannelBaseAndMask) for DMA_CalcDMAMUXChannelBaseAndMask
    stm32g0xx_hal_dma.o(i.HAL_DMA_Init) refers to stm32g0xx_hal_dma.o(i.DMA_CalcDMAMUXRequestGenBaseAndMask) for DMA_CalcDMAMUXRequestGenBaseAndMask
    stm32g0xx_hal_dma.o(i.HAL_DMA_PollForTransfer) refers to stm32g0xx_hal.o(i.HAL_GetTick) for HAL_GetTick
    stm32g0xx_hal_dma.o(i.HAL_DMA_Start) refers to stm32g0xx_hal_dma.o(i.DMA_SetConfig) for DMA_SetConfig
    stm32g0xx_hal_dma.o(i.HAL_DMA_Start_IT) refers to stm32g0xx_hal_dma.o(i.DMA_SetConfig) for DMA_SetConfig
    stm32g0xx_hal_dma.o(i.HAL_DMA_UnRegisterCallback) refers to stm32g0xx_hal_dma.o(i.__ARM_common_switch8) for __ARM_common_switch8
    stm32g0xx_hal_pwr.o(i.HAL_PWR_EnterSLEEPMode) refers to stm32g0xx_hal_pwr_ex.o(i.HAL_PWREx_EnableLowPowerRunMode) for HAL_PWREx_EnableLowPowerRunMode
    stm32g0xx_hal_pwr.o(i.HAL_PWR_EnterSLEEPMode) refers to stm32g0xx_hal_pwr_ex.o(i.HAL_PWREx_DisableLowPowerRunMode) for HAL_PWREx_DisableLowPowerRunMode
    stm32g0xx_hal_pwr.o(i.HAL_PWR_PVD_IRQHandler) refers to stm32g0xx_hal_pwr.o(i.HAL_PWR_PVD_Rising_Callback) for HAL_PWR_PVD_Rising_Callback
    stm32g0xx_hal_pwr.o(i.HAL_PWR_PVD_IRQHandler) refers to stm32g0xx_hal_pwr.o(i.HAL_PWR_PVD_Falling_Callback) for HAL_PWR_PVD_Falling_Callback
    stm32g0xx_hal_pwr_ex.o(i.HAL_PWREx_ControlVoltageScaling) refers to uidiv.o(.text) for __aeabi_uidivmod
    stm32g0xx_hal_pwr_ex.o(i.HAL_PWREx_ControlVoltageScaling) refers to system_stm32g0xx.o(.data) for SystemCoreClock
    stm32g0xx_hal_pwr_ex.o(i.HAL_PWREx_DisableGPIOPullDown) refers to stm32g0xx_hal_dma.o(i.__ARM_common_switch8) for __ARM_common_switch8
    stm32g0xx_hal_pwr_ex.o(i.HAL_PWREx_DisableGPIOPullUp) refers to stm32g0xx_hal_dma.o(i.__ARM_common_switch8) for __ARM_common_switch8
    stm32g0xx_hal_pwr_ex.o(i.HAL_PWREx_DisableLowPowerRunMode) refers to uidiv.o(.text) for __aeabi_uidivmod
    stm32g0xx_hal_pwr_ex.o(i.HAL_PWREx_DisableLowPowerRunMode) refers to system_stm32g0xx.o(.data) for SystemCoreClock
    stm32g0xx_hal_pwr_ex.o(i.HAL_PWREx_EnableGPIOPullDown) refers to stm32g0xx_hal_dma.o(i.__ARM_common_switch8) for __ARM_common_switch8
    stm32g0xx_hal_pwr_ex.o(i.HAL_PWREx_EnableGPIOPullUp) refers to stm32g0xx_hal_dma.o(i.__ARM_common_switch8) for __ARM_common_switch8
    stm32g0xx_hal_cortex.o(i.HAL_NVIC_SetPriority) refers to stm32g0xx_hal_cortex.o(i.__NVIC_SetPriority) for __NVIC_SetPriority
    stm32g0xx_hal_cortex.o(i.HAL_SYSTICK_Config) refers to stm32g0xx_hal_cortex.o(i.__NVIC_SetPriority) for __NVIC_SetPriority
    stm32g0xx_hal_cortex.o(i.HAL_SYSTICK_IRQHandler) refers to stm32g0xx_hal_cortex.o(i.HAL_SYSTICK_Callback) for HAL_SYSTICK_Callback
    stm32g0xx_hal.o(i.HAL_DeInit) refers to stm32g0xx_hal.o(i.HAL_MspDeInit) for HAL_MspDeInit
    stm32g0xx_hal.o(i.HAL_Delay) refers to stm32g0xx_hal.o(i.HAL_GetTick) for HAL_GetTick
    stm32g0xx_hal.o(i.HAL_Delay) refers to stm32g0xx_hal.o(.data) for .data
    stm32g0xx_hal.o(i.HAL_GetTick) refers to stm32g0xx_hal.o(.data) for .data
    stm32g0xx_hal.o(i.HAL_GetTickFreq) refers to stm32g0xx_hal.o(.data) for .data
    stm32g0xx_hal.o(i.HAL_GetTickPrio) refers to stm32g0xx_hal.o(.data) for .data
    stm32g0xx_hal.o(i.HAL_IncTick) refers to stm32g0xx_hal.o(.data) for .data
    stm32g0xx_hal.o(i.HAL_Init) refers to stm32g0xx_hal.o(i.HAL_InitTick) for HAL_InitTick
    stm32g0xx_hal.o(i.HAL_Init) refers to stm32g0xx_hal_msp.o(i.HAL_MspInit) for HAL_MspInit
    stm32g0xx_hal.o(i.HAL_InitTick) refers to uidiv.o(.text) for __aeabi_uidivmod
    stm32g0xx_hal.o(i.HAL_InitTick) refers to stm32g0xx_hal_cortex.o(i.HAL_SYSTICK_Config) for HAL_SYSTICK_Config
    stm32g0xx_hal.o(i.HAL_InitTick) refers to stm32g0xx_hal_cortex.o(i.HAL_NVIC_SetPriority) for HAL_NVIC_SetPriority
    stm32g0xx_hal.o(i.HAL_InitTick) refers to stm32g0xx_hal.o(.data) for .data
    stm32g0xx_hal.o(i.HAL_InitTick) refers to system_stm32g0xx.o(.data) for SystemCoreClock
    stm32g0xx_hal.o(i.HAL_SYSCFG_EnableVREFBUF) refers to stm32g0xx_hal.o(i.HAL_GetTick) for HAL_GetTick
    stm32g0xx_hal.o(i.HAL_SetTickFreq) refers to stm32g0xx_hal.o(i.HAL_InitTick) for HAL_InitTick
    stm32g0xx_hal.o(i.HAL_SetTickFreq) refers to stm32g0xx_hal.o(.data) for .data
    system_stm32g0xx.o(i.SystemCoreClockUpdate) refers to uidiv.o(.text) for __aeabi_uidivmod
    system_stm32g0xx.o(i.SystemCoreClockUpdate) refers to system_stm32g0xx.o(.data) for .data
    system_stm32g0xx.o(i.SystemCoreClockUpdate) refers to system_stm32g0xx.o(.constdata) for .constdata
    common.o(i.Int2Str) refers to uidiv.o(.text) for __aeabi_uidivmod
    common.o(i.Serial_PutByte) refers to stm32g0xx_hal_uart.o(i.HAL_UART_Transmit) for HAL_UART_Transmit
    common.o(i.Serial_PutByte) refers to usart.o(.bss) for huart2
    common.o(i.Serial_PutString) refers to stm32g0xx_hal_uart.o(i.HAL_UART_Transmit) for HAL_UART_Transmit
    common.o(i.Serial_PutString) refers to usart.o(.bss) for huart2
    flash_if.o(i.FLASH_If_Erase) refers to stm32g0xx_hal_flash.o(i.HAL_FLASH_Unlock) for HAL_FLASH_Unlock
    flash_if.o(i.FLASH_If_Erase) refers to stm32g0xx_hal_flash_ex.o(i.HAL_FLASHEx_Erase) for HAL_FLASHEx_Erase
    flash_if.o(i.FLASH_If_Erase) refers to main.o(i.Error_Handler) for Error_Handler
    flash_if.o(i.FLASH_If_Erase) refers to stm32g0xx_hal_flash.o(i.HAL_FLASH_Lock) for HAL_FLASH_Lock
    flash_if.o(i.FLASH_If_Init) refers to stm32g0xx_hal_flash.o(i.HAL_FLASH_Unlock) for HAL_FLASH_Unlock
    flash_if.o(i.FLASH_If_Init) refers to stm32g0xx_hal_flash.o(i.HAL_FLASH_Lock) for HAL_FLASH_Lock
    flash_if.o(i.FLASH_If_Write) refers to stm32g0xx_hal_flash.o(i.HAL_FLASH_Unlock) for HAL_FLASH_Unlock
    flash_if.o(i.FLASH_If_Write) refers to stm32g0xx_hal_flash.o(i.HAL_FLASH_Program) for HAL_FLASH_Program
    flash_if.o(i.FLASH_If_Write) refers to stm32g0xx_hal_flash.o(i.HAL_FLASH_Lock) for HAL_FLASH_Lock
    menu.o(i.Main_Menu) refers to common.o(i.Serial_PutString) for Serial_PutString
    menu.o(i.Main_Menu) refers to stm32g0xx_hal_uart.o(i.HAL_UART_Receive) for HAL_UART_Receive
    menu.o(i.Main_Menu) refers to menu.o(i.SerialDownload) for SerialDownload
    menu.o(i.Main_Menu) refers to menu.o(i.SerialUpload) for SerialUpload
    menu.o(i.Main_Menu) refers to flash_if.o(i.FLASH_If_Erase) for FLASH_If_Erase
    menu.o(i.Main_Menu) refers to usart.o(.bss) for huart2
    menu.o(i.Main_Menu) refers to menu.o(.conststring) for .conststring
    menu.o(i.Main_Menu) refers to menu.o(.data) for .data
    menu.o(i.SerialDownload) refers to common.o(i.Serial_PutString) for Serial_PutString
    menu.o(i.SerialDownload) refers to ymodem.o(i.Ymodem_Receive) for Ymodem_Receive
    menu.o(i.SerialDownload) refers to common.o(i.Int2Str) for Int2Str
    menu.o(i.SerialDownload) refers to menu.o(.conststring) for .conststring
    menu.o(i.SerialDownload) refers to menu.o(.bss) for .bss
    menu.o(i.SerialUpload) refers to common.o(i.Serial_PutString) for Serial_PutString
    menu.o(i.SerialUpload) refers to stm32g0xx_hal_uart.o(i.HAL_UART_Receive) for HAL_UART_Receive
    menu.o(i.SerialUpload) refers to ymodem.o(i.Ymodem_Transmit) for Ymodem_Transmit
    menu.o(i.SerialUpload) refers to usart.o(.bss) for huart2
    ymodem.o(i.Cal_CRC16) refers to ymodem.o(i.UpdateCRC16) for UpdateCRC16
    ymodem.o(i.ReceivePacket) refers to stm32g0xx_hal_uart.o(i.HAL_UART_Receive) for HAL_UART_Receive
    ymodem.o(i.ReceivePacket) refers to stm32g0xx_hal_crc.o(i.HAL_CRC_Calculate) for HAL_CRC_Calculate
    ymodem.o(i.ReceivePacket) refers to usart.o(.bss) for huart2
    ymodem.o(i.ReceivePacket) refers to crc.o(.bss) for hcrc
    ymodem.o(i.Ymodem_Receive) refers to ymodem.o(i.ReceivePacket) for ReceivePacket
    ymodem.o(i.Ymodem_Receive) refers to common.o(i.Serial_PutByte) for Serial_PutByte
    ymodem.o(i.Ymodem_Receive) refers to flash_if.o(i.FLASH_If_Write) for FLASH_If_Write
    ymodem.o(i.Ymodem_Receive) refers to common.o(i.Str2Int) for Str2Int
    ymodem.o(i.Ymodem_Receive) refers to stm32g0xx_hal_uart.o(i.HAL_UART_Transmit) for HAL_UART_Transmit
    ymodem.o(i.Ymodem_Receive) refers to flash_if.o(i.FLASH_If_Erase) for FLASH_If_Erase
    ymodem.o(i.Ymodem_Receive) refers to ymodem.o(.bss) for .bss
    ymodem.o(i.Ymodem_Receive) refers to menu.o(.bss) for aFileName
    ymodem.o(i.Ymodem_Receive) refers to usart.o(.bss) for huart2
    ymodem.o(i.Ymodem_Transmit) refers to common.o(i.Int2Str) for Int2Str
    ymodem.o(i.Ymodem_Transmit) refers to stm32g0xx_hal_uart.o(i.HAL_UART_Transmit) for HAL_UART_Transmit
    ymodem.o(i.Ymodem_Transmit) refers to stm32g0xx_hal_crc.o(i.HAL_CRC_Calculate) for HAL_CRC_Calculate
    ymodem.o(i.Ymodem_Transmit) refers to common.o(i.Serial_PutByte) for Serial_PutByte
    ymodem.o(i.Ymodem_Transmit) refers to stm32g0xx_hal_uart.o(i.HAL_UART_Receive) for HAL_UART_Receive
    ymodem.o(i.Ymodem_Transmit) refers to stm32g0xx_hal.o(i.HAL_Delay) for HAL_Delay
    ymodem.o(i.Ymodem_Transmit) refers to ymodem.o(.bss) for .bss
    ymodem.o(i.Ymodem_Transmit) refers to usart.o(.bss) for huart2
    ymodem.o(i.Ymodem_Transmit) refers to crc.o(.bss) for hcrc
    entry.o(.ARM.Collect$$$$00000000) refers (Special) to entry10a.o(.ARM.Collect$$$$0000000D) for __rt_final_cpp
    entry.o(.ARM.Collect$$$$00000000) refers (Special) to entry11a.o(.ARM.Collect$$$$0000000F) for __rt_final_exit
    entry.o(.ARM.Collect$$$$00000000) refers (Special) to entry7b.o(.ARM.Collect$$$$00000008) for _main_clock
    entry.o(.ARM.Collect$$$$00000000) refers (Special) to entry8b.o(.ARM.Collect$$$$0000000A) for _main_cpp_init
    entry.o(.ARM.Collect$$$$00000000) refers (Special) to entry9a.o(.ARM.Collect$$$$0000000B) for _main_init
    entry.o(.ARM.Collect$$$$00000000) refers (Special) to entry5.o(.ARM.Collect$$$$00000004) for _main_scatterload
    entry.o(.ARM.Collect$$$$00000000) refers (Special) to entry2.o(.ARM.Collect$$$$00000001) for _main_stk
    uldiv.o(.text) refers to llushr.o(.text) for __aeabi_llsr
    uldiv.o(.text) refers to llshl.o(.text) for __aeabi_llsl
    entry2.o(.ARM.Collect$$$$00000001) refers to entry2.o(.ARM.Collect$$$$00002712) for __lit__00000000
    entry2.o(.ARM.Collect$$$$00002712) refers to startup_stm32g031xx.o(STACK) for __initial_sp
    entry2.o(__vectab_stack_and_reset_area) refers to startup_stm32g031xx.o(STACK) for __initial_sp
    entry2.o(__vectab_stack_and_reset_area) refers to entry.o(.ARM.Collect$$$$00000000) for __main
    entry5.o(.ARM.Collect$$$$00000004) refers to init.o(.text) for __scatterload
    entry9a.o(.ARM.Collect$$$$0000000B) refers to main.o(i.main) for main
    entry9b.o(.ARM.Collect$$$$0000000C) refers to main.o(i.main) for main
    init.o(.text) refers to entry5.o(.ARM.Collect$$$$00000004) for __main_after_scatterload


==============================================================================

Removing Unused input sections from the image.

    Removing startup_stm32g031xx.o(HEAP), (512 bytes).
    Removing bootloader.o(.rev16_text), (4 bytes).
    Removing bootloader.o(.revsh_text), (4 bytes).
    Removing bootloader.o(i.Bootloader_JumpToSysMem), (80 bytes).
    Removing main.o(.rev16_text), (4 bytes).
    Removing main.o(.revsh_text), (4 bytes).
    Removing main.o(i.System_On_test), (56 bytes).
    Removing gpio.o(.rev16_text), (4 bytes).
    Removing gpio.o(.revsh_text), (4 bytes).
    Removing crc.o(.rev16_text), (4 bytes).
    Removing crc.o(.revsh_text), (4 bytes).
    Removing crc.o(i.HAL_CRC_MspDeInit), (28 bytes).
    Removing usart.o(.rev16_text), (4 bytes).
    Removing usart.o(.revsh_text), (4 bytes).
    Removing usart.o(i.HAL_UART_MspDeInit), (44 bytes).
    Removing usart.o(i.UART2_SendByte), (16 bytes).
    Removing usart.o(i.UART2_SendString), (28 bytes).
    Removing usart.o(i.fputc), (28 bytes).
    Removing stm32g0xx_it.o(.rev16_text), (4 bytes).
    Removing stm32g0xx_it.o(.revsh_text), (4 bytes).
    Removing stm32g0xx_hal_msp.o(.rev16_text), (4 bytes).
    Removing stm32g0xx_hal_msp.o(.revsh_text), (4 bytes).
    Removing stm32g0xx_hal_gpio.o(.rev16_text), (4 bytes).
    Removing stm32g0xx_hal_gpio.o(.revsh_text), (4 bytes).
    Removing stm32g0xx_hal_gpio.o(i.HAL_GPIO_DeInit), (212 bytes).
    Removing stm32g0xx_hal_gpio.o(i.HAL_GPIO_EXTI_Falling_Callback), (2 bytes).
    Removing stm32g0xx_hal_gpio.o(i.HAL_GPIO_LockPin), (36 bytes).
    Removing stm32g0xx_hal_gpio.o(i.HAL_GPIO_ReadPin), (10 bytes).
    Removing stm32g0xx_hal_gpio.o(i.HAL_GPIO_TogglePin), (14 bytes).
    Removing stm32g0xx_hal_crc.o(.rev16_text), (4 bytes).
    Removing stm32g0xx_hal_crc.o(.revsh_text), (4 bytes).
    Removing stm32g0xx_hal_crc.o(i.HAL_CRC_Accumulate), (66 bytes).
    Removing stm32g0xx_hal_crc.o(i.HAL_CRC_DeInit), (52 bytes).
    Removing stm32g0xx_hal_crc.o(i.HAL_CRC_GetState), (4 bytes).
    Removing stm32g0xx_hal_crc.o(i.HAL_CRC_MspDeInit), (2 bytes).
    Removing stm32g0xx_hal_crc.o(i.HAL_CRC_MspInit), (2 bytes).
    Removing stm32g0xx_hal_crc_ex.o(.rev16_text), (4 bytes).
    Removing stm32g0xx_hal_crc_ex.o(.revsh_text), (4 bytes).
    Removing stm32g0xx_hal_crc_ex.o(i.HAL_CRCEx_Input_Data_Reverse), (26 bytes).
    Removing stm32g0xx_hal_crc_ex.o(i.HAL_CRCEx_Output_Data_Reverse), (26 bytes).
    Removing stm32g0xx_hal_tim.o(.rev16_text), (4 bytes).
    Removing stm32g0xx_hal_tim.o(.revsh_text), (4 bytes).
    Removing stm32g0xx_hal_tim_ex.o(.rev16_text), (4 bytes).
    Removing stm32g0xx_hal_tim_ex.o(.revsh_text), (4 bytes).
    Removing stm32g0xx_hal_uart.o(.rev16_text), (4 bytes).
    Removing stm32g0xx_hal_uart.o(.revsh_text), (4 bytes).
    Removing stm32g0xx_hal_uart.o(i.HAL_HalfDuplex_EnableReceiver), (58 bytes).
    Removing stm32g0xx_hal_uart.o(i.HAL_HalfDuplex_EnableTransmitter), (58 bytes).
    Removing stm32g0xx_hal_uart.o(i.HAL_HalfDuplex_Init), (122 bytes).
    Removing stm32g0xx_hal_uart.o(i.HAL_LIN_Init), (152 bytes).
    Removing stm32g0xx_hal_uart.o(i.HAL_LIN_SendBreak), (48 bytes).
    Removing stm32g0xx_hal_uart.o(i.HAL_MultiProcessor_DisableMuteMode), (50 bytes).
    Removing stm32g0xx_hal_uart.o(i.HAL_MultiProcessor_EnableMuteMode), (50 bytes).
    Removing stm32g0xx_hal_uart.o(i.HAL_MultiProcessor_EnterMuteMode), (12 bytes).
    Removing stm32g0xx_hal_uart.o(i.HAL_MultiProcessor_Init), (148 bytes).
    Removing stm32g0xx_hal_uart.o(i.HAL_UART_Abort), (188 bytes).
    Removing stm32g0xx_hal_uart.o(i.HAL_UART_AbortCpltCallback), (2 bytes).
    Removing stm32g0xx_hal_uart.o(i.HAL_UART_AbortReceive), (120 bytes).
    Removing stm32g0xx_hal_uart.o(i.HAL_UART_AbortReceiveCpltCallback), (2 bytes).
    Removing stm32g0xx_hal_uart.o(i.HAL_UART_AbortReceive_IT), (132 bytes).
    Removing stm32g0xx_hal_uart.o(i.HAL_UART_AbortTransmit), (116 bytes).
    Removing stm32g0xx_hal_uart.o(i.HAL_UART_AbortTransmitCpltCallback), (2 bytes).
    Removing stm32g0xx_hal_uart.o(i.HAL_UART_AbortTransmit_IT), (128 bytes).
    Removing stm32g0xx_hal_uart.o(i.HAL_UART_Abort_IT), (232 bytes).
    Removing stm32g0xx_hal_uart.o(i.HAL_UART_DMAPause), (96 bytes).
    Removing stm32g0xx_hal_uart.o(i.HAL_UART_DMAResume), (90 bytes).
    Removing stm32g0xx_hal_uart.o(i.HAL_UART_DMAStop), (126 bytes).
    Removing stm32g0xx_hal_uart.o(i.HAL_UART_DeInit), (64 bytes).
    Removing stm32g0xx_hal_uart.o(i.HAL_UART_ErrorCallback), (2 bytes).
    Removing stm32g0xx_hal_uart.o(i.HAL_UART_GetError), (6 bytes).
    Removing stm32g0xx_hal_uart.o(i.HAL_UART_GetState), (12 bytes).
    Removing stm32g0xx_hal_uart.o(i.HAL_UART_IRQHandler), (388 bytes).
    Removing stm32g0xx_hal_uart.o(i.HAL_UART_MspDeInit), (2 bytes).
    Removing stm32g0xx_hal_uart.o(i.HAL_UART_MspInit), (2 bytes).
    Removing stm32g0xx_hal_uart.o(i.HAL_UART_Receive_DMA), (188 bytes).
    Removing stm32g0xx_hal_uart.o(i.HAL_UART_Receive_IT), (276 bytes).
    Removing stm32g0xx_hal_uart.o(i.HAL_UART_RxCpltCallback), (2 bytes).
    Removing stm32g0xx_hal_uart.o(i.HAL_UART_RxHalfCpltCallback), (2 bytes).
    Removing stm32g0xx_hal_uart.o(i.HAL_UART_Transmit_DMA), (180 bytes).
    Removing stm32g0xx_hal_uart.o(i.HAL_UART_Transmit_IT), (172 bytes).
    Removing stm32g0xx_hal_uart.o(i.HAL_UART_TxCpltCallback), (2 bytes).
    Removing stm32g0xx_hal_uart.o(i.HAL_UART_TxHalfCpltCallback), (2 bytes).
    Removing stm32g0xx_hal_uart.o(i.UART_DMAAbortOnError), (20 bytes).
    Removing stm32g0xx_hal_uart.o(i.UART_DMAError), (78 bytes).
    Removing stm32g0xx_hal_uart.o(i.UART_DMAReceiveCplt), (64 bytes).
    Removing stm32g0xx_hal_uart.o(i.UART_DMARxAbortCallback), (62 bytes).
    Removing stm32g0xx_hal_uart.o(i.UART_DMARxHalfCplt), (10 bytes).
    Removing stm32g0xx_hal_uart.o(i.UART_DMARxOnlyAbortCallback), (38 bytes).
    Removing stm32g0xx_hal_uart.o(i.UART_DMATransmitCplt), (48 bytes).
    Removing stm32g0xx_hal_uart.o(i.UART_DMATxAbortCallback), (72 bytes).
    Removing stm32g0xx_hal_uart.o(i.UART_DMATxHalfCplt), (10 bytes).
    Removing stm32g0xx_hal_uart.o(i.UART_DMATxOnlyAbortCallback), (42 bytes).
    Removing stm32g0xx_hal_uart.o(i.UART_EndRxTransfer), (40 bytes).
    Removing stm32g0xx_hal_uart.o(i.UART_EndTxTransfer), (30 bytes).
    Removing stm32g0xx_hal_uart.o(i.UART_RxISR_16BIT), (94 bytes).
    Removing stm32g0xx_hal_uart.o(i.UART_RxISR_16BIT_FIFOEN), (160 bytes).
    Removing stm32g0xx_hal_uart.o(i.UART_RxISR_8BIT), (94 bytes).
    Removing stm32g0xx_hal_uart.o(i.UART_RxISR_8BIT_FIFOEN), (160 bytes).
    Removing stm32g0xx_hal_uart.o(i.UART_TxISR_16BIT), (66 bytes).
    Removing stm32g0xx_hal_uart.o(i.UART_TxISR_16BIT_FIFOEN), (88 bytes).
    Removing stm32g0xx_hal_uart.o(i.UART_TxISR_8BIT), (62 bytes).
    Removing stm32g0xx_hal_uart.o(i.UART_TxISR_8BIT_FIFOEN), (84 bytes).
    Removing stm32g0xx_hal_uart_ex.o(.rev16_text), (4 bytes).
    Removing stm32g0xx_hal_uart_ex.o(.revsh_text), (4 bytes).
    Removing stm32g0xx_hal_uart_ex.o(i.HAL_MultiProcessorEx_AddressLength_Set), (54 bytes).
    Removing stm32g0xx_hal_uart_ex.o(i.HAL_RS485Ex_Init), (148 bytes).
    Removing stm32g0xx_hal_uart_ex.o(i.HAL_UARTEx_DisableFifoMode), (66 bytes).
    Removing stm32g0xx_hal_uart_ex.o(i.HAL_UARTEx_DisableStopMode), (34 bytes).
    Removing stm32g0xx_hal_uart_ex.o(i.HAL_UARTEx_EnableFifoMode), (66 bytes).
    Removing stm32g0xx_hal_uart_ex.o(i.HAL_UARTEx_EnableStopMode), (34 bytes).
    Removing stm32g0xx_hal_uart_ex.o(i.HAL_UARTEx_RxFifoFullCallback), (2 bytes).
    Removing stm32g0xx_hal_uart_ex.o(i.HAL_UARTEx_SetRxFifoThreshold), (78 bytes).
    Removing stm32g0xx_hal_uart_ex.o(i.HAL_UARTEx_SetTxFifoThreshold), (76 bytes).
    Removing stm32g0xx_hal_uart_ex.o(i.HAL_UARTEx_StopModeWakeUpSourceConfig), (160 bytes).
    Removing stm32g0xx_hal_uart_ex.o(i.HAL_UARTEx_TxFifoEmptyCallback), (2 bytes).
    Removing stm32g0xx_hal_uart_ex.o(i.HAL_UARTEx_WakeupCallback), (2 bytes).
    Removing stm32g0xx_hal_uart_ex.o(i.UARTEx_SetNbDataToProcess), (96 bytes).
    Removing stm32g0xx_hal_rcc.o(.rev16_text), (4 bytes).
    Removing stm32g0xx_hal_rcc.o(.revsh_text), (4 bytes).
    Removing stm32g0xx_hal_rcc.o(i.HAL_RCC_CSSCallback), (2 bytes).
    Removing stm32g0xx_hal_rcc.o(i.HAL_RCC_DeInit), (164 bytes).
    Removing stm32g0xx_hal_rcc.o(i.HAL_RCC_DisableLSECSS), (16 bytes).
    Removing stm32g0xx_hal_rcc.o(i.HAL_RCC_EnableCSS), (20 bytes).
    Removing stm32g0xx_hal_rcc.o(i.HAL_RCC_EnableLSECSS), (16 bytes).
    Removing stm32g0xx_hal_rcc.o(i.HAL_RCC_GetClockConfig), (56 bytes).
    Removing stm32g0xx_hal_rcc.o(i.HAL_RCC_GetHCLKFreq), (12 bytes).
    Removing stm32g0xx_hal_rcc.o(i.HAL_RCC_GetOscConfig), (188 bytes).
    Removing stm32g0xx_hal_rcc.o(i.HAL_RCC_LSECSSCallback), (2 bytes).
    Removing stm32g0xx_hal_rcc.o(i.HAL_RCC_MCOConfig), (76 bytes).
    Removing stm32g0xx_hal_rcc.o(i.HAL_RCC_NMI_IRQHandler), (36 bytes).
    Removing stm32g0xx_hal_rcc_ex.o(.rev16_text), (4 bytes).
    Removing stm32g0xx_hal_rcc_ex.o(.revsh_text), (4 bytes).
    Removing stm32g0xx_hal_rcc_ex.o(i.HAL_RCCEx_DisableLSCO), (92 bytes).
    Removing stm32g0xx_hal_rcc_ex.o(i.HAL_RCCEx_EnableLSCO), (140 bytes).
    Removing stm32g0xx_hal_rcc_ex.o(i.HAL_RCCEx_GetPeriphCLKConfig), (96 bytes).
    Removing stm32g0xx_hal_rcc_ex.o(i.HAL_RCCEx_GetPeriphCLKFreq), (544 bytes).
    Removing stm32g0xx_hal_rcc_ex.o(i.HAL_RCCEx_PeriphCLKConfig), (432 bytes).
    Removing stm32g0xx_hal_flash.o(.rev16_text), (4 bytes).
    Removing stm32g0xx_hal_flash.o(.revsh_text), (4 bytes).
    Removing stm32g0xx_hal_flash.o(i.HAL_FLASH_EndOfOperationCallback), (2 bytes).
    Removing stm32g0xx_hal_flash.o(i.HAL_FLASH_GetError), (12 bytes).
    Removing stm32g0xx_hal_flash.o(i.HAL_FLASH_IRQHandler), (188 bytes).
    Removing stm32g0xx_hal_flash.o(i.HAL_FLASH_OB_Launch), (20 bytes).
    Removing stm32g0xx_hal_flash.o(i.HAL_FLASH_OB_Lock), (28 bytes).
    Removing stm32g0xx_hal_flash.o(i.HAL_FLASH_OB_Unlock), (40 bytes).
    Removing stm32g0xx_hal_flash.o(i.HAL_FLASH_OperationErrorCallback), (2 bytes).
    Removing stm32g0xx_hal_flash.o(i.HAL_FLASH_Program_IT), (112 bytes).
    Removing stm32g0xx_hal_flash_ex.o(.rev16_text), (4 bytes).
    Removing stm32g0xx_hal_flash_ex.o(.revsh_text), (4 bytes).
    Removing stm32g0xx_hal_flash_ex.o(i.FLASH_FlushCaches), (44 bytes).
    Removing stm32g0xx_hal_flash_ex.o(i.FLASH_OB_GetRDP), (24 bytes).
    Removing stm32g0xx_hal_flash_ex.o(i.FLASH_OB_GetUser), (20 bytes).
    Removing stm32g0xx_hal_flash_ex.o(i.FLASH_OB_OptrConfig), (24 bytes).
    Removing stm32g0xx_hal_flash_ex.o(i.HAL_FLASHEx_DisableDebugger), (20 bytes).
    Removing stm32g0xx_hal_flash_ex.o(i.HAL_FLASHEx_EnableDebugger), (20 bytes).
    Removing stm32g0xx_hal_flash_ex.o(i.HAL_FLASHEx_EnableSecMemProtection), (16 bytes).
    Removing stm32g0xx_hal_flash_ex.o(i.HAL_FLASHEx_Erase_IT), (96 bytes).
    Removing stm32g0xx_hal_flash_ex.o(i.HAL_FLASHEx_FlashEmptyCheck), (16 bytes).
    Removing stm32g0xx_hal_flash_ex.o(i.HAL_FLASHEx_ForceFlashEmpty), (20 bytes).
    Removing stm32g0xx_hal_flash_ex.o(i.HAL_FLASHEx_OBGetConfig), (160 bytes).
    Removing stm32g0xx_hal_flash_ex.o(i.HAL_FLASHEx_OBProgram), (268 bytes).
    Removing stm32g0xx_hal_dma.o(.rev16_text), (4 bytes).
    Removing stm32g0xx_hal_dma.o(.revsh_text), (4 bytes).
    Removing stm32g0xx_hal_dma.o(i.DMA_CalcDMAMUXChannelBaseAndMask), (48 bytes).
    Removing stm32g0xx_hal_dma.o(i.DMA_CalcDMAMUXRequestGenBaseAndMask), (36 bytes).
    Removing stm32g0xx_hal_dma.o(i.DMA_SetConfig), (72 bytes).
    Removing stm32g0xx_hal_dma.o(i.HAL_DMA_Abort), (116 bytes).
    Removing stm32g0xx_hal_dma.o(i.HAL_DMA_Abort_IT), (128 bytes).
    Removing stm32g0xx_hal_dma.o(i.HAL_DMA_DeInit), (132 bytes).
    Removing stm32g0xx_hal_dma.o(i.HAL_DMA_GetError), (4 bytes).
    Removing stm32g0xx_hal_dma.o(i.HAL_DMA_GetState), (6 bytes).
    Removing stm32g0xx_hal_dma.o(i.HAL_DMA_IRQHandler), (184 bytes).
    Removing stm32g0xx_hal_dma.o(i.HAL_DMA_Init), (160 bytes).
    Removing stm32g0xx_hal_dma.o(i.HAL_DMA_PollForTransfer), (272 bytes).
    Removing stm32g0xx_hal_dma.o(i.HAL_DMA_RegisterCallback), (72 bytes).
    Removing stm32g0xx_hal_dma.o(i.HAL_DMA_Start), (80 bytes).
    Removing stm32g0xx_hal_dma.o(i.HAL_DMA_Start_IT), (144 bytes).
    Removing stm32g0xx_hal_dma.o(i.HAL_DMA_UnRegisterCallback), (78 bytes).
    Removing stm32g0xx_hal_dma_ex.o(.rev16_text), (4 bytes).
    Removing stm32g0xx_hal_dma_ex.o(.revsh_text), (4 bytes).
    Removing stm32g0xx_hal_dma_ex.o(i.HAL_DMAEx_ConfigMuxRequestGenerator), (60 bytes).
    Removing stm32g0xx_hal_dma_ex.o(i.HAL_DMAEx_ConfigMuxSync), (78 bytes).
    Removing stm32g0xx_hal_dma_ex.o(i.HAL_DMAEx_DisableMuxRequestGenerator), (32 bytes).
    Removing stm32g0xx_hal_dma_ex.o(i.HAL_DMAEx_EnableMuxRequestGenerator), (32 bytes).
    Removing stm32g0xx_hal_dma_ex.o(i.HAL_DMAEx_MUX_IRQHandler), (104 bytes).
    Removing stm32g0xx_hal_pwr.o(.rev16_text), (4 bytes).
    Removing stm32g0xx_hal_pwr.o(.revsh_text), (4 bytes).
    Removing stm32g0xx_hal_pwr.o(i.HAL_PWR_ConfigPVD), (112 bytes).
    Removing stm32g0xx_hal_pwr.o(i.HAL_PWR_DeInit), (24 bytes).
    Removing stm32g0xx_hal_pwr.o(i.HAL_PWR_DisableBkUpAccess), (16 bytes).
    Removing stm32g0xx_hal_pwr.o(i.HAL_PWR_DisablePVD), (16 bytes).
    Removing stm32g0xx_hal_pwr.o(i.HAL_PWR_DisableSEVOnPend), (16 bytes).
    Removing stm32g0xx_hal_pwr.o(i.HAL_PWR_DisableSleepOnExit), (16 bytes).
    Removing stm32g0xx_hal_pwr.o(i.HAL_PWR_DisableWakeUpPin), (20 bytes).
    Removing stm32g0xx_hal_pwr.o(i.HAL_PWR_EnableBkUpAccess), (16 bytes).
    Removing stm32g0xx_hal_pwr.o(i.HAL_PWR_EnablePVD), (16 bytes).
    Removing stm32g0xx_hal_pwr.o(i.HAL_PWR_EnableSEVOnPend), (16 bytes).
    Removing stm32g0xx_hal_pwr.o(i.HAL_PWR_EnableSleepOnExit), (16 bytes).
    Removing stm32g0xx_hal_pwr.o(i.HAL_PWR_EnableWakeUpPin), (28 bytes).
    Removing stm32g0xx_hal_pwr.o(i.HAL_PWR_EnterSLEEPMode), (68 bytes).
    Removing stm32g0xx_hal_pwr.o(i.HAL_PWR_EnterSTANDBYMode), (36 bytes).
    Removing stm32g0xx_hal_pwr.o(i.HAL_PWR_EnterSTOPMode), (64 bytes).
    Removing stm32g0xx_hal_pwr.o(i.HAL_PWR_PVD_Falling_Callback), (2 bytes).
    Removing stm32g0xx_hal_pwr.o(i.HAL_PWR_PVD_IRQHandler), (40 bytes).
    Removing stm32g0xx_hal_pwr.o(i.HAL_PWR_PVD_Rising_Callback), (2 bytes).
    Removing stm32g0xx_hal_pwr_ex.o(.rev16_text), (4 bytes).
    Removing stm32g0xx_hal_pwr_ex.o(.revsh_text), (4 bytes).
    Removing stm32g0xx_hal_pwr_ex.o(i.HAL_PWREx_DisableBatteryCharging), (16 bytes).
    Removing stm32g0xx_hal_pwr_ex.o(i.HAL_PWREx_DisableFlashPowerDown), (16 bytes).
    Removing stm32g0xx_hal_pwr_ex.o(i.HAL_PWREx_DisableGPIOPullDown), (80 bytes).
    Removing stm32g0xx_hal_pwr_ex.o(i.HAL_PWREx_DisableGPIOPullUp), (80 bytes).
    Removing stm32g0xx_hal_pwr_ex.o(i.HAL_PWREx_DisableInternalWakeUpLine), (16 bytes).
    Removing stm32g0xx_hal_pwr_ex.o(i.HAL_PWREx_DisableLowPowerRunMode), (64 bytes).
    Removing stm32g0xx_hal_pwr_ex.o(i.HAL_PWREx_DisablePORMonitorSampling), (16 bytes).
    Removing stm32g0xx_hal_pwr_ex.o(i.HAL_PWREx_DisablePullUpPullDownConfig), (16 bytes).
    Removing stm32g0xx_hal_pwr_ex.o(i.HAL_PWREx_DisableSRAMRetention), (16 bytes).
    Removing stm32g0xx_hal_pwr_ex.o(i.HAL_PWREx_EnableBatteryCharging), (24 bytes).
    Removing stm32g0xx_hal_pwr_ex.o(i.HAL_PWREx_EnableFlashPowerDown), (16 bytes).
    Removing stm32g0xx_hal_pwr_ex.o(i.HAL_PWREx_EnableGPIOPullDown), (116 bytes).
    Removing stm32g0xx_hal_pwr_ex.o(i.HAL_PWREx_EnableGPIOPullUp), (116 bytes).
    Removing stm32g0xx_hal_pwr_ex.o(i.HAL_PWREx_EnableInternalWakeUpLine), (16 bytes).
    Removing stm32g0xx_hal_pwr_ex.o(i.HAL_PWREx_EnableLowPowerRunMode), (16 bytes).
    Removing stm32g0xx_hal_pwr_ex.o(i.HAL_PWREx_EnablePORMonitorSampling), (16 bytes).
    Removing stm32g0xx_hal_pwr_ex.o(i.HAL_PWREx_EnablePullUpPullDownConfig), (16 bytes).
    Removing stm32g0xx_hal_pwr_ex.o(i.HAL_PWREx_EnableSRAMRetention), (16 bytes).
    Removing stm32g0xx_hal_pwr_ex.o(i.HAL_PWREx_EnterSHUTDOWNMode), (36 bytes).
    Removing stm32g0xx_hal_pwr_ex.o(i.HAL_PWREx_GetVoltageRange), (16 bytes).
    Removing stm32g0xx_hal_cortex.o(.rev16_text), (4 bytes).
    Removing stm32g0xx_hal_cortex.o(.revsh_text), (4 bytes).
    Removing stm32g0xx_hal_cortex.o(i.HAL_MPU_ConfigRegion), (84 bytes).
    Removing stm32g0xx_hal_cortex.o(i.HAL_MPU_Disable), (16 bytes).
    Removing stm32g0xx_hal_cortex.o(i.HAL_MPU_Enable), (24 bytes).
    Removing stm32g0xx_hal_cortex.o(i.HAL_NVIC_ClearPendingIRQ), (24 bytes).
    Removing stm32g0xx_hal_cortex.o(i.HAL_NVIC_DisableIRQ), (32 bytes).
    Removing stm32g0xx_hal_cortex.o(i.HAL_NVIC_GetPendingIRQ), (32 bytes).
    Removing stm32g0xx_hal_cortex.o(i.HAL_NVIC_GetPriority), (52 bytes).
    Removing stm32g0xx_hal_cortex.o(i.HAL_NVIC_SetPendingIRQ), (24 bytes).
    Removing stm32g0xx_hal_cortex.o(i.HAL_NVIC_SystemReset), (28 bytes).
    Removing stm32g0xx_hal_cortex.o(i.HAL_SYSTICK_CLKSourceConfig), (24 bytes).
    Removing stm32g0xx_hal_cortex.o(i.HAL_SYSTICK_Callback), (2 bytes).
    Removing stm32g0xx_hal_cortex.o(i.HAL_SYSTICK_IRQHandler), (8 bytes).
    Removing stm32g0xx_hal.o(.rev16_text), (4 bytes).
    Removing stm32g0xx_hal.o(.revsh_text), (4 bytes).
    Removing stm32g0xx_hal.o(i.HAL_DBGMCU_DisableDBGStandbyMode), (16 bytes).
    Removing stm32g0xx_hal.o(i.HAL_DBGMCU_DisableDBGStopMode), (16 bytes).
    Removing stm32g0xx_hal.o(i.HAL_DBGMCU_EnableDBGStandbyMode), (16 bytes).
    Removing stm32g0xx_hal.o(i.HAL_DBGMCU_EnableDBGStopMode), (16 bytes).
    Removing stm32g0xx_hal.o(i.HAL_DeInit), (40 bytes).
    Removing stm32g0xx_hal.o(i.HAL_GetDEVID), (16 bytes).
    Removing stm32g0xx_hal.o(i.HAL_GetHalVersion), (8 bytes).
    Removing stm32g0xx_hal.o(i.HAL_GetREVID), (12 bytes).
    Removing stm32g0xx_hal.o(i.HAL_GetTickFreq), (12 bytes).
    Removing stm32g0xx_hal.o(i.HAL_GetTickPrio), (12 bytes).
    Removing stm32g0xx_hal.o(i.HAL_GetUIDw0), (12 bytes).
    Removing stm32g0xx_hal.o(i.HAL_GetUIDw1), (12 bytes).
    Removing stm32g0xx_hal.o(i.HAL_GetUIDw2), (12 bytes).
    Removing stm32g0xx_hal.o(i.HAL_MspDeInit), (2 bytes).
    Removing stm32g0xx_hal.o(i.HAL_MspInit), (2 bytes).
    Removing stm32g0xx_hal.o(i.HAL_ResumeTick), (16 bytes).
    Removing stm32g0xx_hal.o(i.HAL_SYSCFG_DisableClampingDiode), (16 bytes).
    Removing stm32g0xx_hal.o(i.HAL_SYSCFG_DisableIOAnalogSwitchBooster), (16 bytes).
    Removing stm32g0xx_hal.o(i.HAL_SYSCFG_DisableRemap), (16 bytes).
    Removing stm32g0xx_hal.o(i.HAL_SYSCFG_DisableVREFBUF), (16 bytes).
    Removing stm32g0xx_hal.o(i.HAL_SYSCFG_EnableClampingDiode), (16 bytes).
    Removing stm32g0xx_hal.o(i.HAL_SYSCFG_EnableIOAnalogSwitchBooster), (16 bytes).
    Removing stm32g0xx_hal.o(i.HAL_SYSCFG_EnableRemap), (16 bytes).
    Removing stm32g0xx_hal.o(i.HAL_SYSCFG_EnableVREFBUF), (48 bytes).
    Removing stm32g0xx_hal.o(i.HAL_SYSCFG_VREFBUF_HighImpedanceConfig), (20 bytes).
    Removing stm32g0xx_hal.o(i.HAL_SYSCFG_VREFBUF_TrimmingConfig), (20 bytes).
    Removing stm32g0xx_hal.o(i.HAL_SYSCFG_VREFBUF_VoltageScalingConfig), (20 bytes).
    Removing stm32g0xx_hal.o(i.HAL_SetTickFreq), (32 bytes).
    Removing stm32g0xx_hal.o(i.HAL_SuspendTick), (16 bytes).
    Removing stm32g0xx_hal_exti.o(.rev16_text), (4 bytes).
    Removing stm32g0xx_hal_exti.o(.revsh_text), (4 bytes).
    Removing stm32g0xx_hal_exti.o(i.HAL_EXTI_ClearConfigLine), (120 bytes).
    Removing stm32g0xx_hal_exti.o(i.HAL_EXTI_ClearPending), (40 bytes).
    Removing stm32g0xx_hal_exti.o(i.HAL_EXTI_GenerateSWI), (28 bytes).
    Removing stm32g0xx_hal_exti.o(i.HAL_EXTI_GetConfigLine), (168 bytes).
    Removing stm32g0xx_hal_exti.o(i.HAL_EXTI_GetHandle), (14 bytes).
    Removing stm32g0xx_hal_exti.o(i.HAL_EXTI_GetPending), (44 bytes).
    Removing stm32g0xx_hal_exti.o(i.HAL_EXTI_IRQHandler), (68 bytes).
    Removing stm32g0xx_hal_exti.o(i.HAL_EXTI_RegisterCallback), (30 bytes).
    Removing stm32g0xx_hal_exti.o(i.HAL_EXTI_SetConfigLine), (172 bytes).
    Removing system_stm32g0xx.o(.rev16_text), (4 bytes).
    Removing system_stm32g0xx.o(.revsh_text), (4 bytes).
    Removing system_stm32g0xx.o(i.SystemCoreClockUpdate), (144 bytes).
    Removing common.o(.rev16_text), (4 bytes).
    Removing common.o(.revsh_text), (4 bytes).
    Removing flash_if.o(.rev16_text), (4 bytes).
    Removing flash_if.o(.revsh_text), (4 bytes).
    Removing flash_if.o(i.GetPage), (10 bytes).
    Removing menu.o(.rev16_text), (4 bytes).
    Removing menu.o(.revsh_text), (4 bytes).
    Removing menu.o(.data), (4 bytes).
    Removing ymodem.o(.rev16_text), (4 bytes).
    Removing ymodem.o(.revsh_text), (4 bytes).
    Removing ymodem.o(i.Cal_CRC16), (36 bytes).
    Removing ymodem.o(i.CalcChecksum), (20 bytes).
    Removing ymodem.o(i.UpdateCRC16), (36 bytes).
    Removing stm32g0xx_hal_dma.o(i.__ARM_common_switch8), (26 bytes).

300 unused section(s) (total 14764 bytes) removed from the image.

==============================================================================

Image Symbol Table

    Local Symbols

    Symbol Name                              Value     Ov Type        Size  Object(Section)

    ../Core/Src/crc.c                        0x00000000   Number         0  crc.o ABSOLUTE
    ../Core/Src/gpio.c                       0x00000000   Number         0  gpio.o ABSOLUTE
    ../Core/Src/main.c                       0x00000000   Number         0  main.o ABSOLUTE
    ../Core/Src/stm32g0xx_hal_msp.c          0x00000000   Number         0  stm32g0xx_hal_msp.o ABSOLUTE
    ../Core/Src/stm32g0xx_it.c               0x00000000   Number         0  stm32g0xx_it.o ABSOLUTE
    ../Core/Src/system_stm32g0xx.c           0x00000000   Number         0  system_stm32g0xx.o ABSOLUTE
    ../Core/Src/usart.c                      0x00000000   Number         0  usart.o ABSOLUTE
    ../clib/microlib/division.c              0x00000000   Number         0  uldiv.o ABSOLUTE
    ../clib/microlib/division.c              0x00000000   Number         0  uidiv.o ABSOLUTE
    ../clib/microlib/init/entry.s            0x00000000   Number         0  entry9b.o ABSOLUTE
    ../clib/microlib/init/entry.s            0x00000000   Number         0  entry10a.o ABSOLUTE
    ../clib/microlib/init/entry.s            0x00000000   Number         0  entry9a.o ABSOLUTE
    ../clib/microlib/init/entry.s            0x00000000   Number         0  entry.o ABSOLUTE
    ../clib/microlib/init/entry.s            0x00000000   Number         0  entry10b.o ABSOLUTE
    ../clib/microlib/init/entry.s            0x00000000   Number         0  entry7a.o ABSOLUTE
    ../clib/microlib/init/entry.s            0x00000000   Number         0  entry11a.o ABSOLUTE
    ../clib/microlib/init/entry.s            0x00000000   Number         0  entry11b.o ABSOLUTE
    ../clib/microlib/init/entry.s            0x00000000   Number         0  entry8b.o ABSOLUTE
    ../clib/microlib/init/entry.s            0x00000000   Number         0  entry8a.o ABSOLUTE
    ../clib/microlib/init/entry.s            0x00000000   Number         0  entry7b.o ABSOLUTE
    ../clib/microlib/init/entry.s            0x00000000   Number         0  entry5.o ABSOLUTE
    ../clib/microlib/init/entry.s            0x00000000   Number         0  entry2.o ABSOLUTE
    ../clib/microlib/longlong.c              0x00000000   Number         0  llshl.o ABSOLUTE
    ../clib/microlib/longlong.c              0x00000000   Number         0  llushr.o ABSOLUTE
    ../clib/microlib/string/memset.c         0x00000000   Number         0  memseta.o ABSOLUTE
    ../clib/microlib/unhosted.c              0x00000000   Number         0  uread4.o ABSOLUTE
    ..\Core\Src\bootloader.c                 0x00000000   Number         0  bootloader.o ABSOLUTE
    ..\Core\Src\common.c                     0x00000000   Number         0  common.o ABSOLUTE
    ..\Core\Src\crc.c                        0x00000000   Number         0  crc.o ABSOLUTE
    ..\Core\Src\flash_if.c                   0x00000000   Number         0  flash_if.o ABSOLUTE
    ..\Core\Src\gpio.c                       0x00000000   Number         0  gpio.o ABSOLUTE
    ..\Core\Src\main.c                       0x00000000   Number         0  main.o ABSOLUTE
    ..\Core\Src\menu.c                       0x00000000   Number         0  menu.o ABSOLUTE
    ..\Core\Src\stm32g0xx_hal_msp.c          0x00000000   Number         0  stm32g0xx_hal_msp.o ABSOLUTE
    ..\Core\Src\stm32g0xx_it.c               0x00000000   Number         0  stm32g0xx_it.o ABSOLUTE
    ..\Core\Src\system_stm32g0xx.c           0x00000000   Number         0  system_stm32g0xx.o ABSOLUTE
    ..\Core\Src\usart.c                      0x00000000   Number         0  usart.o ABSOLUTE
    ..\Core\Src\ymodem.c                     0x00000000   Number         0  ymodem.o ABSOLUTE
    ..\\Core\\Src\\bootloader.c              0x00000000   Number         0  bootloader.o ABSOLUTE
    ..\\Core\\Src\\common.c                  0x00000000   Number         0  common.o ABSOLUTE
    ..\\Core\\Src\\flash_if.c                0x00000000   Number         0  flash_if.o ABSOLUTE
    ..\\Core\\Src\\menu.c                    0x00000000   Number         0  menu.o ABSOLUTE
    ..\\Core\\Src\\ymodem.c                  0x00000000   Number         0  ymodem.o ABSOLUTE
    C:/Users/TANG/STM32Cube/Repository/STM32Cube_FW_G0_V1.3.0/Drivers/STM32G0xx_HAL_Driver/Src/stm32g0xx_hal.c 0x00000000   Number         0  stm32g0xx_hal.o ABSOLUTE
    C:/Users/TANG/STM32Cube/Repository/STM32Cube_FW_G0_V1.3.0/Drivers/STM32G0xx_HAL_Driver/Src/stm32g0xx_hal_cortex.c 0x00000000   Number         0  stm32g0xx_hal_cortex.o ABSOLUTE
    C:/Users/TANG/STM32Cube/Repository/STM32Cube_FW_G0_V1.3.0/Drivers/STM32G0xx_HAL_Driver/Src/stm32g0xx_hal_crc.c 0x00000000   Number         0  stm32g0xx_hal_crc.o ABSOLUTE
    C:/Users/TANG/STM32Cube/Repository/STM32Cube_FW_G0_V1.3.0/Drivers/STM32G0xx_HAL_Driver/Src/stm32g0xx_hal_crc_ex.c 0x00000000   Number         0  stm32g0xx_hal_crc_ex.o ABSOLUTE
    C:/Users/TANG/STM32Cube/Repository/STM32Cube_FW_G0_V1.3.0/Drivers/STM32G0xx_HAL_Driver/Src/stm32g0xx_hal_dma.c 0x00000000   Number         0  stm32g0xx_hal_dma.o ABSOLUTE
    C:/Users/TANG/STM32Cube/Repository/STM32Cube_FW_G0_V1.3.0/Drivers/STM32G0xx_HAL_Driver/Src/stm32g0xx_hal_dma_ex.c 0x00000000   Number         0  stm32g0xx_hal_dma_ex.o ABSOLUTE
    C:/Users/TANG/STM32Cube/Repository/STM32Cube_FW_G0_V1.3.0/Drivers/STM32G0xx_HAL_Driver/Src/stm32g0xx_hal_exti.c 0x00000000   Number         0  stm32g0xx_hal_exti.o ABSOLUTE
    C:/Users/TANG/STM32Cube/Repository/STM32Cube_FW_G0_V1.3.0/Drivers/STM32G0xx_HAL_Driver/Src/stm32g0xx_hal_flash.c 0x00000000   Number         0  stm32g0xx_hal_flash.o ABSOLUTE
    C:/Users/TANG/STM32Cube/Repository/STM32Cube_FW_G0_V1.3.0/Drivers/STM32G0xx_HAL_Driver/Src/stm32g0xx_hal_flash_ex.c 0x00000000   Number         0  stm32g0xx_hal_flash_ex.o ABSOLUTE
    C:/Users/TANG/STM32Cube/Repository/STM32Cube_FW_G0_V1.3.0/Drivers/STM32G0xx_HAL_Driver/Src/stm32g0xx_hal_gpio.c 0x00000000   Number         0  stm32g0xx_hal_gpio.o ABSOLUTE
    C:/Users/TANG/STM32Cube/Repository/STM32Cube_FW_G0_V1.3.0/Drivers/STM32G0xx_HAL_Driver/Src/stm32g0xx_hal_pwr.c 0x00000000   Number         0  stm32g0xx_hal_pwr.o ABSOLUTE
    C:/Users/TANG/STM32Cube/Repository/STM32Cube_FW_G0_V1.3.0/Drivers/STM32G0xx_HAL_Driver/Src/stm32g0xx_hal_pwr_ex.c 0x00000000   Number         0  stm32g0xx_hal_pwr_ex.o ABSOLUTE
    C:/Users/TANG/STM32Cube/Repository/STM32Cube_FW_G0_V1.3.0/Drivers/STM32G0xx_HAL_Driver/Src/stm32g0xx_hal_rcc.c 0x00000000   Number         0  stm32g0xx_hal_rcc.o ABSOLUTE
    C:/Users/TANG/STM32Cube/Repository/STM32Cube_FW_G0_V1.3.0/Drivers/STM32G0xx_HAL_Driver/Src/stm32g0xx_hal_rcc_ex.c 0x00000000   Number         0  stm32g0xx_hal_rcc_ex.o ABSOLUTE
    C:/Users/TANG/STM32Cube/Repository/STM32Cube_FW_G0_V1.3.0/Drivers/STM32G0xx_HAL_Driver/Src/stm32g0xx_hal_tim.c 0x00000000   Number         0  stm32g0xx_hal_tim.o ABSOLUTE
    C:/Users/TANG/STM32Cube/Repository/STM32Cube_FW_G0_V1.3.0/Drivers/STM32G0xx_HAL_Driver/Src/stm32g0xx_hal_tim_ex.c 0x00000000   Number         0  stm32g0xx_hal_tim_ex.o ABSOLUTE
    C:/Users/TANG/STM32Cube/Repository/STM32Cube_FW_G0_V1.3.0/Drivers/STM32G0xx_HAL_Driver/Src/stm32g0xx_hal_uart.c 0x00000000   Number         0  stm32g0xx_hal_uart.o ABSOLUTE
    C:/Users/TANG/STM32Cube/Repository/STM32Cube_FW_G0_V1.3.0/Drivers/STM32G0xx_HAL_Driver/Src/stm32g0xx_hal_uart_ex.c 0x00000000   Number         0  stm32g0xx_hal_uart_ex.o ABSOLUTE
    C:/Users/TANG/STM32Cube/Repository/STM32Cube_FW_G0_V1.3.0/Drivers/STM32G0xx_HAL_Driver/Src/stm32g0xx_ll_rcc.c 0x00000000   Number         0  stm32g0xx_ll_rcc.o ABSOLUTE
    C:\Users\TANG\STM32Cube\Repository\STM32Cube_FW_G0_V1.3.0\Drivers\STM32G0xx_HAL_Driver\Src\stm32g0xx_hal.c 0x00000000   Number         0  stm32g0xx_hal.o ABSOLUTE
    C:\Users\TANG\STM32Cube\Repository\STM32Cube_FW_G0_V1.3.0\Drivers\STM32G0xx_HAL_Driver\Src\stm32g0xx_hal_cortex.c 0x00000000   Number         0  stm32g0xx_hal_cortex.o ABSOLUTE
    C:\Users\TANG\STM32Cube\Repository\STM32Cube_FW_G0_V1.3.0\Drivers\STM32G0xx_HAL_Driver\Src\stm32g0xx_hal_crc.c 0x00000000   Number         0  stm32g0xx_hal_crc.o ABSOLUTE
    C:\Users\TANG\STM32Cube\Repository\STM32Cube_FW_G0_V1.3.0\Drivers\STM32G0xx_HAL_Driver\Src\stm32g0xx_hal_crc_ex.c 0x00000000   Number         0  stm32g0xx_hal_crc_ex.o ABSOLUTE
    C:\Users\TANG\STM32Cube\Repository\STM32Cube_FW_G0_V1.3.0\Drivers\STM32G0xx_HAL_Driver\Src\stm32g0xx_hal_dma.c 0x00000000   Number         0  stm32g0xx_hal_dma.o ABSOLUTE
    C:\Users\TANG\STM32Cube\Repository\STM32Cube_FW_G0_V1.3.0\Drivers\STM32G0xx_HAL_Driver\Src\stm32g0xx_hal_dma_ex.c 0x00000000   Number         0  stm32g0xx_hal_dma_ex.o ABSOLUTE
    C:\Users\TANG\STM32Cube\Repository\STM32Cube_FW_G0_V1.3.0\Drivers\STM32G0xx_HAL_Driver\Src\stm32g0xx_hal_exti.c 0x00000000   Number         0  stm32g0xx_hal_exti.o ABSOLUTE
    C:\Users\TANG\STM32Cube\Repository\STM32Cube_FW_G0_V1.3.0\Drivers\STM32G0xx_HAL_Driver\Src\stm32g0xx_hal_flash.c 0x00000000   Number         0  stm32g0xx_hal_flash.o ABSOLUTE
    C:\Users\TANG\STM32Cube\Repository\STM32Cube_FW_G0_V1.3.0\Drivers\STM32G0xx_HAL_Driver\Src\stm32g0xx_hal_flash_ex.c 0x00000000   Number         0  stm32g0xx_hal_flash_ex.o ABSOLUTE
    C:\Users\TANG\STM32Cube\Repository\STM32Cube_FW_G0_V1.3.0\Drivers\STM32G0xx_HAL_Driver\Src\stm32g0xx_hal_gpio.c 0x00000000   Number         0  stm32g0xx_hal_gpio.o ABSOLUTE
    C:\Users\TANG\STM32Cube\Repository\STM32Cube_FW_G0_V1.3.0\Drivers\STM32G0xx_HAL_Driver\Src\stm32g0xx_hal_pwr.c 0x00000000   Number         0  stm32g0xx_hal_pwr.o ABSOLUTE
    C:\Users\TANG\STM32Cube\Repository\STM32Cube_FW_G0_V1.3.0\Drivers\STM32G0xx_HAL_Driver\Src\stm32g0xx_hal_pwr_ex.c 0x00000000   Number         0  stm32g0xx_hal_pwr_ex.o ABSOLUTE
    C:\Users\TANG\STM32Cube\Repository\STM32Cube_FW_G0_V1.3.0\Drivers\STM32G0xx_HAL_Driver\Src\stm32g0xx_hal_rcc.c 0x00000000   Number         0  stm32g0xx_hal_rcc.o ABSOLUTE
    C:\Users\TANG\STM32Cube\Repository\STM32Cube_FW_G0_V1.3.0\Drivers\STM32G0xx_HAL_Driver\Src\stm32g0xx_hal_rcc_ex.c 0x00000000   Number         0  stm32g0xx_hal_rcc_ex.o ABSOLUTE
    C:\Users\TANG\STM32Cube\Repository\STM32Cube_FW_G0_V1.3.0\Drivers\STM32G0xx_HAL_Driver\Src\stm32g0xx_hal_tim.c 0x00000000   Number         0  stm32g0xx_hal_tim.o ABSOLUTE
    C:\Users\TANG\STM32Cube\Repository\STM32Cube_FW_G0_V1.3.0\Drivers\STM32G0xx_HAL_Driver\Src\stm32g0xx_hal_tim_ex.c 0x00000000   Number         0  stm32g0xx_hal_tim_ex.o ABSOLUTE
    C:\Users\TANG\STM32Cube\Repository\STM32Cube_FW_G0_V1.3.0\Drivers\STM32G0xx_HAL_Driver\Src\stm32g0xx_hal_uart.c 0x00000000   Number         0  stm32g0xx_hal_uart.o ABSOLUTE
    C:\Users\TANG\STM32Cube\Repository\STM32Cube_FW_G0_V1.3.0\Drivers\STM32G0xx_HAL_Driver\Src\stm32g0xx_hal_uart_ex.c 0x00000000   Number         0  stm32g0xx_hal_uart_ex.o ABSOLUTE
    dc.s                                     0x00000000   Number         0  dc.o ABSOLUTE
    handlers.s                               0x00000000   Number         0  handlers.o ABSOLUTE
    init.s                                   0x00000000   Number         0  init.o ABSOLUTE
    startup_stm32g031xx.s                    0x00000000   Number         0  startup_stm32g031xx.o ABSOLUTE
    RESET                                    0x08000000   Section      192  startup_stm32g031xx.o(RESET)
    .ARM.Collect$$$$00000000                 0x080000c0   Section        0  entry.o(.ARM.Collect$$$$00000000)
    .ARM.Collect$$$$00000001                 0x080000c0   Section        4  entry2.o(.ARM.Collect$$$$00000001)
    .ARM.Collect$$$$00000004                 0x080000c4   Section        4  entry5.o(.ARM.Collect$$$$00000004)
    .ARM.Collect$$$$00000008                 0x080000c8   Section        0  entry7b.o(.ARM.Collect$$$$00000008)
    .ARM.Collect$$$$0000000A                 0x080000c8   Section        0  entry8b.o(.ARM.Collect$$$$0000000A)
    .ARM.Collect$$$$0000000B                 0x080000c8   Section        8  entry9a.o(.ARM.Collect$$$$0000000B)
    .ARM.Collect$$$$0000000D                 0x080000d0   Section        0  entry10a.o(.ARM.Collect$$$$0000000D)
    .ARM.Collect$$$$0000000F                 0x080000d0   Section        0  entry11a.o(.ARM.Collect$$$$0000000F)
    .ARM.Collect$$$$00002712                 0x080000d0   Section        4  entry2.o(.ARM.Collect$$$$00002712)
    __lit__00000000                          0x080000d0   Data           4  entry2.o(.ARM.Collect$$$$00002712)
    .text                                    0x080000d4   Section       28  startup_stm32g031xx.o(.text)
    .text                                    0x080000f0   Section        0  uidiv.o(.text)
    .text                                    0x0800011c   Section        0  uldiv.o(.text)
    .text                                    0x0800017c   Section        0  memseta.o(.text)
    .text                                    0x080001a0   Section        0  uread4.o(.text)
    .text                                    0x080001b4   Section        0  llshl.o(.text)
    .text                                    0x080001d4   Section        0  llushr.o(.text)
    .text                                    0x080001f8   Section       36  init.o(.text)
    i.CRC_Handle_16                          0x0800021c   Section        0  stm32g0xx_hal_crc.o(i.CRC_Handle_16)
    CRC_Handle_16                            0x0800021d   Thumb Code    56  stm32g0xx_hal_crc.o(i.CRC_Handle_16)
    i.CRC_Handle_8                           0x08000254   Section        0  stm32g0xx_hal_crc.o(i.CRC_Handle_8)
    CRC_Handle_8                             0x08000255   Thumb Code   128  stm32g0xx_hal_crc.o(i.CRC_Handle_8)
    i.EXTI2_3_IRQHandler                     0x080002d4   Section        0  stm32g0xx_it.o(i.EXTI2_3_IRQHandler)
    i.Error_Handler                          0x080002de   Section        0  main.o(i.Error_Handler)
    i.FLASH_If_Erase                         0x080002e0   Section        0  flash_if.o(i.FLASH_If_Erase)
    i.FLASH_If_Init                          0x08000338   Section        0  flash_if.o(i.FLASH_If_Init)
    i.FLASH_If_Write                         0x08000354   Section        0  flash_if.o(i.FLASH_If_Write)
    i.FLASH_MassErase                        0x080003b8   Section        0  stm32g0xx_hal_flash_ex.o(i.FLASH_MassErase)
    FLASH_MassErase                          0x080003b9   Thumb Code    12  stm32g0xx_hal_flash_ex.o(i.FLASH_MassErase)
    i.FLASH_PageErase                        0x080003cc   Section        0  stm32g0xx_hal_flash_ex.o(i.FLASH_PageErase)
    i.FLASH_Program_DoubleWord               0x080003ec   Section        0  stm32g0xx_hal_flash.o(i.FLASH_Program_DoubleWord)
    FLASH_Program_DoubleWord                 0x080003ed   Thumb Code    22  stm32g0xx_hal_flash.o(i.FLASH_Program_DoubleWord)
    i.FLASH_Program_Fast                     0x08000408   Section        0  stm32g0xx_hal_flash.o(i.FLASH_Program_Fast)
    FLASH_Program_Fast                       0x08000409   Thumb Code    46  stm32g0xx_hal_flash.o(i.FLASH_Program_Fast)
    i.FLASH_WaitForLastOperation             0x0800043c   Section        0  stm32g0xx_hal_flash.o(i.FLASH_WaitForLastOperation)
    i.HAL_CRCEx_Polynomial_Set               0x080004b0   Section        0  stm32g0xx_hal_crc_ex.o(i.HAL_CRCEx_Polynomial_Set)
    i.HAL_CRC_Calculate                      0x08000500   Section        0  stm32g0xx_hal_crc.o(i.HAL_CRC_Calculate)
    i.HAL_CRC_Init                           0x0800054c   Section        0  stm32g0xx_hal_crc.o(i.HAL_CRC_Init)
    i.HAL_CRC_MspInit                        0x080005c8   Section        0  crc.o(i.HAL_CRC_MspInit)
    i.HAL_Delay                              0x080005ec   Section        0  stm32g0xx_hal.o(i.HAL_Delay)
    i.HAL_FLASHEx_Erase                      0x08000610   Section        0  stm32g0xx_hal_flash_ex.o(i.HAL_FLASHEx_Erase)
    i.HAL_FLASH_Lock                         0x08000690   Section        0  stm32g0xx_hal_flash.o(i.HAL_FLASH_Lock)
    i.HAL_FLASH_Program                      0x080006ac   Section        0  stm32g0xx_hal_flash.o(i.HAL_FLASH_Program)
    i.HAL_FLASH_Unlock                       0x0800070c   Section        0  stm32g0xx_hal_flash.o(i.HAL_FLASH_Unlock)
    i.HAL_GPIO_EXTI_Falling_Callback         0x08000734   Section        0  main.o(i.HAL_GPIO_EXTI_Falling_Callback)
    i.HAL_GPIO_EXTI_IRQHandler               0x08000738   Section        0  stm32g0xx_hal_gpio.o(i.HAL_GPIO_EXTI_IRQHandler)
    i.HAL_GPIO_EXTI_Rising_Callback          0x08000760   Section        0  stm32g0xx_hal_gpio.o(i.HAL_GPIO_EXTI_Rising_Callback)
    i.HAL_GPIO_Init                          0x08000764   Section        0  stm32g0xx_hal_gpio.o(i.HAL_GPIO_Init)
    i.HAL_GPIO_WritePin                      0x08000898   Section        0  stm32g0xx_hal_gpio.o(i.HAL_GPIO_WritePin)
    i.HAL_GetTick                            0x080008a4   Section        0  stm32g0xx_hal.o(i.HAL_GetTick)
    i.HAL_IncTick                            0x080008b0   Section        0  stm32g0xx_hal.o(i.HAL_IncTick)
    i.HAL_Init                               0x080008c0   Section        0  stm32g0xx_hal.o(i.HAL_Init)
    i.HAL_InitTick                           0x080008e8   Section        0  stm32g0xx_hal.o(i.HAL_InitTick)
    i.HAL_MspInit                            0x08000930   Section        0  stm32g0xx_hal_msp.o(i.HAL_MspInit)
    i.HAL_NVIC_EnableIRQ                     0x0800095c   Section        0  stm32g0xx_hal_cortex.o(i.HAL_NVIC_EnableIRQ)
    i.HAL_NVIC_SetPriority                   0x08000974   Section        0  stm32g0xx_hal_cortex.o(i.HAL_NVIC_SetPriority)
    i.HAL_PWREx_ControlVoltageScaling        0x0800097c   Section        0  stm32g0xx_hal_pwr_ex.o(i.HAL_PWREx_ControlVoltageScaling)
    i.HAL_RCC_ClockConfig                    0x080009c8   Section        0  stm32g0xx_hal_rcc.o(i.HAL_RCC_ClockConfig)
    i.HAL_RCC_GetPCLK1Freq                   0x08000b20   Section        0  stm32g0xx_hal_rcc.o(i.HAL_RCC_GetPCLK1Freq)
    i.HAL_RCC_GetSysClockFreq                0x08000b48   Section        0  stm32g0xx_hal_rcc.o(i.HAL_RCC_GetSysClockFreq)
    i.HAL_RCC_OscConfig                      0x08000bd4   Section        0  stm32g0xx_hal_rcc.o(i.HAL_RCC_OscConfig)
    i.HAL_SYSTICK_Config                     0x08000fc4   Section        0  stm32g0xx_hal_cortex.o(i.HAL_SYSTICK_Config)
    i.HAL_UART_Init                          0x08000ff4   Section        0  stm32g0xx_hal_uart.o(i.HAL_UART_Init)
    i.HAL_UART_MspInit                       0x08001064   Section        0  usart.o(i.HAL_UART_MspInit)
    i.HAL_UART_Receive                       0x080010c0   Section        0  stm32g0xx_hal_uart.o(i.HAL_UART_Receive)
    i.HAL_UART_Transmit                      0x080011d8   Section        0  stm32g0xx_hal_uart.o(i.HAL_UART_Transmit)
    i.HardFault_Handler                      0x080012b8   Section        0  stm32g0xx_it.o(i.HardFault_Handler)
    i.Int2Str                                0x080012bc   Section        0  common.o(i.Int2Str)
    i.MX_CRC_Init                            0x08001308   Section        0  crc.o(i.MX_CRC_Init)
    i.MX_GPIO_Init                           0x08001344   Section        0  gpio.o(i.MX_GPIO_Init)
    i.MX_USART2_UART_Init                    0x080013d0   Section        0  usart.o(i.MX_USART2_UART_Init)
    i.Main_Menu                              0x0800140c   Section        0  menu.o(i.Main_Menu)
    i.NMI_Handler                            0x08001660   Section        0  stm32g0xx_it.o(i.NMI_Handler)
    i.PendSV_Handler                         0x08001662   Section        0  stm32g0xx_it.o(i.PendSV_Handler)
    i.ReceivePacket                          0x08001664   Section        0  ymodem.o(i.ReceivePacket)
    ReceivePacket                            0x08001665   Thumb Code   190  ymodem.o(i.ReceivePacket)
    i.SVC_Handler                            0x0800172c   Section        0  stm32g0xx_it.o(i.SVC_Handler)
    i.SerialDownload                         0x08001730   Section        0  menu.o(i.SerialDownload)
    i.SerialUpload                           0x080018c4   Section        0  menu.o(i.SerialUpload)
    i.Serial_PutByte                         0x08001990   Section        0  common.o(i.Serial_PutByte)
    i.Serial_PutString                       0x080019b4   Section        0  common.o(i.Serial_PutString)
    i.Str2Int                                0x080019d4   Section        0  common.o(i.Str2Int)
    i.SysTick_Handler                        0x08001a88   Section        0  stm32g0xx_it.o(i.SysTick_Handler)
    i.SystemClock_Config                     0x08001a90   Section        0  main.o(i.SystemClock_Config)
    i.SystemInit                             0x08001af0   Section        0  system_stm32g0xx.o(i.SystemInit)
    i.UART_AdvFeatureConfig                  0x08001b00   Section        0  stm32g0xx_hal_uart.o(i.UART_AdvFeatureConfig)
    i.UART_CheckIdleState                    0x08001bcc   Section        0  stm32g0xx_hal_uart.o(i.UART_CheckIdleState)
    i.UART_SetConfig                         0x08001c30   Section        0  stm32g0xx_hal_uart.o(i.UART_SetConfig)
    i.UART_WaitOnFlagUntilTimeout            0x08002268   Section        0  stm32g0xx_hal_uart.o(i.UART_WaitOnFlagUntilTimeout)
    i.Ymodem_Receive                         0x080022d0   Section        0  ymodem.o(i.Ymodem_Receive)
    i.Ymodem_Transmit                        0x0800245c   Section        0  ymodem.o(i.Ymodem_Transmit)
    i.__NVIC_SetPriority                     0x08002768   Section        0  stm32g0xx_hal_cortex.o(i.__NVIC_SetPriority)
    __NVIC_SetPriority                       0x08002769   Thumb Code    60  stm32g0xx_hal_cortex.o(i.__NVIC_SetPriority)
    i.__scatterload_copy                     0x080027ac   Section       14  handlers.o(i.__scatterload_copy)
    i.__scatterload_null                     0x080027ba   Section        2  handlers.o(i.__scatterload_null)
    i.__scatterload_zeroinit                 0x080027bc   Section       14  handlers.o(i.__scatterload_zeroinit)
    i.main                                   0x080027ca   Section        0  main.o(i.main)
    .constdata                               0x080027e8   Section       64  system_stm32g0xx.o(.constdata)
    .constdata                               0x08002828   Section       32  system_stm32g0xx.o(.constdata)
    .conststring                             0x08002848   Section      155  menu.o(.conststring)
    .data                                    0x20000000   Section       12  stm32g0xx_hal.o(.data)
    .data                                    0x2000000c   Section        4  system_stm32g0xx.o(.data)
    .data                                    0x20000010   Section        8  menu.o(.data)
    .bss                                     0x20000018   Section       36  crc.o(.bss)
    .bss                                     0x2000003c   Section      140  usart.o(.bss)
    .bss                                     0x200000c8   Section       24  stm32g0xx_hal_flash.o(.bss)
    .bss                                     0x200000e0   Section       64  menu.o(.bss)
    .bss                                     0x20000120   Section     1030  ymodem.o(.bss)
    STACK                                    0x20000528   Section     1024  startup_stm32g031xx.o(STACK)

    Global Symbols

    Symbol Name                              Value     Ov Type        Size  Object(Section)

    BuildAttributes$$THM_ISAv3M$S$PE$A:L22$X:L11$S22$IEEE1$IW$USESV6$~STKCKD$USESV7$~SHL$OSPACE$EBA8$MICROLIB$REQ8$PRES8$EABIv2 0x00000000   Number         0  anon$$obj.o ABSOLUTE
    __ARM_use_no_argv                        0x00000000   Number         0  main.o ABSOLUTE
    __cpp_initialize__aeabi_                  - Undefined Weak Reference
    __cxa_finalize                            - Undefined Weak Reference
    __decompress                              - Undefined Weak Reference
    _clock_init                               - Undefined Weak Reference
    _microlib_exit                            - Undefined Weak Reference
    __Vectors_Size                           0x000000c0   Number         0  startup_stm32g031xx.o ABSOLUTE
    __Vectors                                0x08000000   Data           4  startup_stm32g031xx.o(RESET)
    __Vectors_End                            0x080000c0   Data           0  startup_stm32g031xx.o(RESET)
    __main                                   0x080000c1   Thumb Code     0  entry.o(.ARM.Collect$$$$00000000)
    _main_stk                                0x080000c1   Thumb Code     0  entry2.o(.ARM.Collect$$$$00000001)
    _main_scatterload                        0x080000c5   Thumb Code     0  entry5.o(.ARM.Collect$$$$00000004)
    __main_after_scatterload                 0x080000c9   Thumb Code     0  entry5.o(.ARM.Collect$$$$00000004)
    _main_clock                              0x080000c9   Thumb Code     0  entry7b.o(.ARM.Collect$$$$00000008)
    _main_cpp_init                           0x080000c9   Thumb Code     0  entry8b.o(.ARM.Collect$$$$0000000A)
    _main_init                               0x080000c9   Thumb Code     0  entry9a.o(.ARM.Collect$$$$0000000B)
    __rt_final_cpp                           0x080000d1   Thumb Code     0  entry10a.o(.ARM.Collect$$$$0000000D)
    __rt_final_exit                          0x080000d1   Thumb Code     0  entry11a.o(.ARM.Collect$$$$0000000F)
    Reset_Handler                            0x080000d5   Thumb Code     8  startup_stm32g031xx.o(.text)
    ADC1_IRQHandler                          0x080000e7   Thumb Code     0  startup_stm32g031xx.o(.text)
    DMA1_Ch4_5_DMAMUX1_OVR_IRQHandler        0x080000e7   Thumb Code     0  startup_stm32g031xx.o(.text)
    DMA1_Channel1_IRQHandler                 0x080000e7   Thumb Code     0  startup_stm32g031xx.o(.text)
    DMA1_Channel2_3_IRQHandler               0x080000e7   Thumb Code     0  startup_stm32g031xx.o(.text)
    EXTI0_1_IRQHandler                       0x080000e7   Thumb Code     0  startup_stm32g031xx.o(.text)
    EXTI4_15_IRQHandler                      0x080000e7   Thumb Code     0  startup_stm32g031xx.o(.text)
    FLASH_IRQHandler                         0x080000e7   Thumb Code     0  startup_stm32g031xx.o(.text)
    I2C1_IRQHandler                          0x080000e7   Thumb Code     0  startup_stm32g031xx.o(.text)
    I2C2_IRQHandler                          0x080000e7   Thumb Code     0  startup_stm32g031xx.o(.text)
    LPTIM1_IRQHandler                        0x080000e7   Thumb Code     0  startup_stm32g031xx.o(.text)
    LPTIM2_IRQHandler                        0x080000e7   Thumb Code     0  startup_stm32g031xx.o(.text)
    LPUART1_IRQHandler                       0x080000e7   Thumb Code     0  startup_stm32g031xx.o(.text)
    PVD_IRQHandler                           0x080000e7   Thumb Code     0  startup_stm32g031xx.o(.text)
    RCC_IRQHandler                           0x080000e7   Thumb Code     0  startup_stm32g031xx.o(.text)
    RTC_TAMP_IRQHandler                      0x080000e7   Thumb Code     0  startup_stm32g031xx.o(.text)
    SPI1_IRQHandler                          0x080000e7   Thumb Code     0  startup_stm32g031xx.o(.text)
    SPI2_IRQHandler                          0x080000e7   Thumb Code     0  startup_stm32g031xx.o(.text)
    TIM14_IRQHandler                         0x080000e7   Thumb Code     0  startup_stm32g031xx.o(.text)
    TIM16_IRQHandler                         0x080000e7   Thumb Code     0  startup_stm32g031xx.o(.text)
    TIM17_IRQHandler                         0x080000e7   Thumb Code     0  startup_stm32g031xx.o(.text)
    TIM1_BRK_UP_TRG_COM_IRQHandler           0x080000e7   Thumb Code     0  startup_stm32g031xx.o(.text)
    TIM1_CC_IRQHandler                       0x080000e7   Thumb Code     0  startup_stm32g031xx.o(.text)
    TIM2_IRQHandler                          0x080000e7   Thumb Code     0  startup_stm32g031xx.o(.text)
    TIM3_IRQHandler                          0x080000e7   Thumb Code     0  startup_stm32g031xx.o(.text)
    USART1_IRQHandler                        0x080000e7   Thumb Code     0  startup_stm32g031xx.o(.text)
    USART2_IRQHandler                        0x080000e7   Thumb Code     0  startup_stm32g031xx.o(.text)
    WWDG_IRQHandler                          0x080000e7   Thumb Code     0  startup_stm32g031xx.o(.text)
    __aeabi_uidiv                            0x080000f1   Thumb Code     0  uidiv.o(.text)
    __aeabi_uidivmod                         0x080000f1   Thumb Code    44  uidiv.o(.text)
    __aeabi_uldivmod                         0x0800011d   Thumb Code    96  uldiv.o(.text)
    __aeabi_memset                           0x0800017d   Thumb Code    14  memseta.o(.text)
    __aeabi_memset4                          0x0800017d   Thumb Code     0  memseta.o(.text)
    __aeabi_memset8                          0x0800017d   Thumb Code     0  memseta.o(.text)
    __aeabi_memclr                           0x0800018b   Thumb Code     4  memseta.o(.text)
    __aeabi_memclr4                          0x0800018b   Thumb Code     0  memseta.o(.text)
    __aeabi_memclr8                          0x0800018b   Thumb Code     0  memseta.o(.text)
    _memset$wrapper                          0x0800018f   Thumb Code    18  memseta.o(.text)
    __aeabi_uread4                           0x080001a1   Thumb Code    20  uread4.o(.text)
    __rt_uread4                              0x080001a1   Thumb Code     0  uread4.o(.text)
    _uread4                                  0x080001a1   Thumb Code     0  uread4.o(.text)
    __aeabi_llsl                             0x080001b5   Thumb Code    32  llshl.o(.text)
    _ll_shift_l                              0x080001b5   Thumb Code     0  llshl.o(.text)
    __aeabi_llsr                             0x080001d5   Thumb Code    34  llushr.o(.text)
    _ll_ushift_r                             0x080001d5   Thumb Code     0  llushr.o(.text)
    __scatterload                            0x080001f9   Thumb Code    28  init.o(.text)
    __scatterload_rt2                        0x080001f9   Thumb Code     0  init.o(.text)
    EXTI2_3_IRQHandler                       0x080002d5   Thumb Code    10  stm32g0xx_it.o(i.EXTI2_3_IRQHandler)
    Error_Handler                            0x080002df   Thumb Code     2  main.o(i.Error_Handler)
    FLASH_If_Erase                           0x080002e1   Thumb Code    80  flash_if.o(i.FLASH_If_Erase)
    FLASH_If_Init                            0x08000339   Thumb Code    18  flash_if.o(i.FLASH_If_Init)
    FLASH_If_Write                           0x08000355   Thumb Code    94  flash_if.o(i.FLASH_If_Write)
    FLASH_PageErase                          0x080003cd   Thumb Code    22  stm32g0xx_hal_flash_ex.o(i.FLASH_PageErase)
    FLASH_WaitForLastOperation               0x0800043d   Thumb Code   102  stm32g0xx_hal_flash.o(i.FLASH_WaitForLastOperation)
    HAL_CRCEx_Polynomial_Set                 0x080004b1   Thumb Code    80  stm32g0xx_hal_crc_ex.o(i.HAL_CRCEx_Polynomial_Set)
    HAL_CRC_Calculate                        0x08000501   Thumb Code    74  stm32g0xx_hal_crc.o(i.HAL_CRC_Calculate)
    HAL_CRC_Init                             0x0800054d   Thumb Code   118  stm32g0xx_hal_crc.o(i.HAL_CRC_Init)
    HAL_CRC_MspInit                          0x080005c9   Thumb Code    28  crc.o(i.HAL_CRC_MspInit)
    HAL_Delay                                0x080005ed   Thumb Code    32  stm32g0xx_hal.o(i.HAL_Delay)
    HAL_FLASHEx_Erase                        0x08000611   Thumb Code   120  stm32g0xx_hal_flash_ex.o(i.HAL_FLASHEx_Erase)
    HAL_FLASH_Lock                           0x08000691   Thumb Code    22  stm32g0xx_hal_flash.o(i.HAL_FLASH_Lock)
    HAL_FLASH_Program                        0x080006ad   Thumb Code    88  stm32g0xx_hal_flash.o(i.HAL_FLASH_Program)
    HAL_FLASH_Unlock                         0x0800070d   Thumb Code    28  stm32g0xx_hal_flash.o(i.HAL_FLASH_Unlock)
    HAL_GPIO_EXTI_Falling_Callback           0x08000735   Thumb Code     2  main.o(i.HAL_GPIO_EXTI_Falling_Callback)
    HAL_GPIO_EXTI_IRQHandler                 0x08000739   Thumb Code    36  stm32g0xx_hal_gpio.o(i.HAL_GPIO_EXTI_IRQHandler)
    HAL_GPIO_EXTI_Rising_Callback            0x08000761   Thumb Code     2  stm32g0xx_hal_gpio.o(i.HAL_GPIO_EXTI_Rising_Callback)
    HAL_GPIO_Init                            0x08000765   Thumb Code   292  stm32g0xx_hal_gpio.o(i.HAL_GPIO_Init)
    HAL_GPIO_WritePin                        0x08000899   Thumb Code    12  stm32g0xx_hal_gpio.o(i.HAL_GPIO_WritePin)
    HAL_GetTick                              0x080008a5   Thumb Code     6  stm32g0xx_hal.o(i.HAL_GetTick)
    HAL_IncTick                              0x080008b1   Thumb Code    12  stm32g0xx_hal.o(i.HAL_IncTick)
    HAL_Init                                 0x080008c1   Thumb Code    36  stm32g0xx_hal.o(i.HAL_Init)
    HAL_InitTick                             0x080008e9   Thumb Code    64  stm32g0xx_hal.o(i.HAL_InitTick)
    HAL_MspInit                              0x08000931   Thumb Code    38  stm32g0xx_hal_msp.o(i.HAL_MspInit)
    HAL_NVIC_EnableIRQ                       0x0800095d   Thumb Code    18  stm32g0xx_hal_cortex.o(i.HAL_NVIC_EnableIRQ)
    HAL_NVIC_SetPriority                     0x08000975   Thumb Code     8  stm32g0xx_hal_cortex.o(i.HAL_NVIC_SetPriority)
    HAL_PWREx_ControlVoltageScaling          0x0800097d   Thumb Code    62  stm32g0xx_hal_pwr_ex.o(i.HAL_PWREx_ControlVoltageScaling)
    HAL_RCC_ClockConfig                      0x080009c9   Thumb Code   318  stm32g0xx_hal_rcc.o(i.HAL_RCC_ClockConfig)
    HAL_RCC_GetPCLK1Freq                     0x08000b21   Thumb Code    26  stm32g0xx_hal_rcc.o(i.HAL_RCC_GetPCLK1Freq)
    HAL_RCC_GetSysClockFreq                  0x08000b49   Thumb Code   130  stm32g0xx_hal_rcc.o(i.HAL_RCC_GetSysClockFreq)
    HAL_RCC_OscConfig                        0x08000bd5   Thumb Code   970  stm32g0xx_hal_rcc.o(i.HAL_RCC_OscConfig)
    HAL_SYSTICK_Config                       0x08000fc5   Thumb Code    38  stm32g0xx_hal_cortex.o(i.HAL_SYSTICK_Config)
    HAL_UART_Init                            0x08000ff5   Thumb Code   112  stm32g0xx_hal_uart.o(i.HAL_UART_Init)
    HAL_UART_MspInit                         0x08001065   Thumb Code    84  usart.o(i.HAL_UART_MspInit)
    HAL_UART_Receive                         0x080010c1   Thumb Code   274  stm32g0xx_hal_uart.o(i.HAL_UART_Receive)
    HAL_UART_Transmit                        0x080011d9   Thumb Code   224  stm32g0xx_hal_uart.o(i.HAL_UART_Transmit)
    HardFault_Handler                        0x080012b9   Thumb Code     2  stm32g0xx_it.o(i.HardFault_Handler)
    Int2Str                                  0x080012bd   Thumb Code    70  common.o(i.Int2Str)
    MX_CRC_Init                              0x08001309   Thumb Code    46  crc.o(i.MX_CRC_Init)
    MX_GPIO_Init                             0x08001345   Thumb Code   124  gpio.o(i.MX_GPIO_Init)
    MX_USART2_UART_Init                      0x080013d1   Thumb Code    50  usart.o(i.MX_USART2_UART_Init)
    Main_Menu                                0x0800140d   Thumb Code   158  menu.o(i.Main_Menu)
    NMI_Handler                              0x08001661   Thumb Code     2  stm32g0xx_it.o(i.NMI_Handler)
    PendSV_Handler                           0x08001663   Thumb Code     2  stm32g0xx_it.o(i.PendSV_Handler)
    SVC_Handler                              0x0800172d   Thumb Code     2  stm32g0xx_it.o(i.SVC_Handler)
    SerialDownload                           0x08001731   Thumb Code   110  menu.o(i.SerialDownload)
    SerialUpload                             0x080018c5   Thumb Code    68  menu.o(i.SerialUpload)
    Serial_PutByte                           0x08001991   Thumb Code    30  common.o(i.Serial_PutByte)
    Serial_PutString                         0x080019b5   Thumb Code    28  common.o(i.Serial_PutString)
    Str2Int                                  0x080019d5   Thumb Code   180  common.o(i.Str2Int)
    SysTick_Handler                          0x08001a89   Thumb Code     8  stm32g0xx_it.o(i.SysTick_Handler)
    SystemClock_Config                       0x08001a91   Thumb Code    94  main.o(i.SystemClock_Config)
    SystemInit                               0x08001af1   Thumb Code    10  system_stm32g0xx.o(i.SystemInit)
    UART_AdvFeatureConfig                    0x08001b01   Thumb Code   202  stm32g0xx_hal_uart.o(i.UART_AdvFeatureConfig)
    UART_CheckIdleState                      0x08001bcd   Thumb Code    94  stm32g0xx_hal_uart.o(i.UART_CheckIdleState)
    UART_SetConfig                           0x08001c31   Thumb Code  1582  stm32g0xx_hal_uart.o(i.UART_SetConfig)
    UART_WaitOnFlagUntilTimeout              0x08002269   Thumb Code   102  stm32g0xx_hal_uart.o(i.UART_WaitOnFlagUntilTimeout)
    Ymodem_Receive                           0x080022d1   Thumb Code   374  ymodem.o(i.Ymodem_Receive)
    Ymodem_Transmit                          0x0800245d   Thumb Code   766  ymodem.o(i.Ymodem_Transmit)
    __scatterload_copy                       0x080027ad   Thumb Code    14  handlers.o(i.__scatterload_copy)
    __scatterload_null                       0x080027bb   Thumb Code     2  handlers.o(i.__scatterload_null)
    __scatterload_zeroinit                   0x080027bd   Thumb Code    14  handlers.o(i.__scatterload_zeroinit)
    main                                     0x080027cb   Thumb Code    30  main.o(i.main)
    AHBPrescTable                            0x080027e8   Data          64  system_stm32g0xx.o(.constdata)
    APBPrescTable                            0x08002828   Data          32  system_stm32g0xx.o(.constdata)
    Region$$Table$$Base                      0x080028e4   Number         0  anon$$obj.o(Region$$Table)
    Region$$Table$$Limit                     0x08002904   Number         0  anon$$obj.o(Region$$Table)
    uwTickPrio                               0x20000000   Data           4  stm32g0xx_hal.o(.data)
    uwTickFreq                               0x20000004   Data           4  stm32g0xx_hal.o(.data)
    uwTick                                   0x20000008   Data           4  stm32g0xx_hal.o(.data)
    SystemCoreClock                          0x2000000c   Data           4  system_stm32g0xx.o(.data)
    JumpToApplication                        0x20000010   Data           4  menu.o(.data)
    JumpAddress                              0x20000014   Data           4  menu.o(.data)
    hcrc                                     0x20000018   Data          36  crc.o(.bss)
    huart2                                   0x2000003c   Data         140  usart.o(.bss)
    pFlash                                   0x200000c8   Data          24  stm32g0xx_hal_flash.o(.bss)
    aFileName                                0x200000e0   Data          64  menu.o(.bss)
    aPacketData                              0x20000120   Data        1030  ymodem.o(.bss)
    __initial_sp                             0x20000928   Data           0  startup_stm32g031xx.o(STACK)



==============================================================================

Memory Map of the image

  Image Entry point : 0x080000c1

  Load Region LR_IROM1 (Base: 0x08000000, Size: 0x0000291c, Max: 0x00010000, ABSOLUTE)

    Execution Region ER_IROM1 (Exec base: 0x08000000, Load base: 0x08000000, Size: 0x00002904, Max: 0x00010000, ABSOLUTE)

    Exec Addr    Load Addr    Size         Type   Attr      Idx    E Section Name        Object

    0x08000000   0x08000000   0x000000c0   Data   RO            3    RESET               startup_stm32g031xx.o
    0x080000c0   0x080000c0   0x00000000   Code   RO         2431  * .ARM.Collect$$$$00000000  mc_p.l(entry.o)
    0x080000c0   0x080000c0   0x00000004   Code   RO         2442    .ARM.Collect$$$$00000001  mc_p.l(entry2.o)
    0x080000c4   0x080000c4   0x00000004   Code   RO         2445    .ARM.Collect$$$$00000004  mc_p.l(entry5.o)
    0x080000c8   0x080000c8   0x00000000   Code   RO         2447    .ARM.Collect$$$$00000008  mc_p.l(entry7b.o)
    0x080000c8   0x080000c8   0x00000000   Code   RO         2449    .ARM.Collect$$$$0000000A  mc_p.l(entry8b.o)
    0x080000c8   0x080000c8   0x00000008   Code   RO         2450    .ARM.Collect$$$$0000000B  mc_p.l(entry9a.o)
    0x080000d0   0x080000d0   0x00000000   Code   RO         2452    .ARM.Collect$$$$0000000D  mc_p.l(entry10a.o)
    0x080000d0   0x080000d0   0x00000000   Code   RO         2454    .ARM.Collect$$$$0000000F  mc_p.l(entry11a.o)
    0x080000d0   0x080000d0   0x00000004   Code   RO         2443    .ARM.Collect$$$$00002712  mc_p.l(entry2.o)
    0x080000d4   0x080000d4   0x0000001c   Code   RO            4    .text               startup_stm32g031xx.o
    0x080000f0   0x080000f0   0x0000002c   Code   RO         2434    .text               mc_p.l(uidiv.o)
    0x0800011c   0x0800011c   0x00000060   Code   RO         2436    .text               mc_p.l(uldiv.o)
    0x0800017c   0x0800017c   0x00000024   Code   RO         2438    .text               mc_p.l(memseta.o)
    0x080001a0   0x080001a0   0x00000014   Code   RO         2440    .text               mc_p.l(uread4.o)
    0x080001b4   0x080001b4   0x00000020   Code   RO         2456    .text               mc_p.l(llshl.o)
    0x080001d4   0x080001d4   0x00000022   Code   RO         2458    .text               mc_p.l(llushr.o)
    0x080001f6   0x080001f6   0x00000002   PAD
    0x080001f8   0x080001f8   0x00000024   Code   RO         2460    .text               mc_p.l(init.o)
    0x0800021c   0x0800021c   0x00000038   Code   RO          462    i.CRC_Handle_16     stm32g0xx_hal_crc.o
    0x08000254   0x08000254   0x00000080   Code   RO          463    i.CRC_Handle_8      stm32g0xx_hal_crc.o
    0x080002d4   0x080002d4   0x0000000a   Code   RO          321    i.EXTI2_3_IRQHandler  stm32g0xx_it.o
    0x080002de   0x080002de   0x00000002   Code   RO          139    i.Error_Handler     main.o
    0x080002e0   0x080002e0   0x00000058   Code   RO         2298    i.FLASH_If_Erase    flash_if.o
    0x08000338   0x08000338   0x0000001c   Code   RO         2299    i.FLASH_If_Init     flash_if.o
    0x08000354   0x08000354   0x00000064   Code   RO         2300    i.FLASH_If_Write    flash_if.o
    0x080003b8   0x080003b8   0x00000014   Code   RO         1311    i.FLASH_MassErase   stm32g0xx_hal_flash_ex.o
    0x080003cc   0x080003cc   0x00000020   Code   RO         1315    i.FLASH_PageErase   stm32g0xx_hal_flash_ex.o
    0x080003ec   0x080003ec   0x0000001c   Code   RO         1205    i.FLASH_Program_DoubleWord  stm32g0xx_hal_flash.o
    0x08000408   0x08000408   0x00000034   Code   RO         1206    i.FLASH_Program_Fast  stm32g0xx_hal_flash.o
    0x0800043c   0x0800043c   0x00000074   Code   RO         1207    i.FLASH_WaitForLastOperation  stm32g0xx_hal_flash.o
    0x080004b0   0x080004b0   0x00000050   Code   RO          530    i.HAL_CRCEx_Polynomial_Set  stm32g0xx_hal_crc_ex.o
    0x08000500   0x08000500   0x0000004a   Code   RO          465    i.HAL_CRC_Calculate  stm32g0xx_hal_crc.o
    0x0800054a   0x0800054a   0x00000002   PAD
    0x0800054c   0x0800054c   0x0000007c   Code   RO          468    i.HAL_CRC_Init      stm32g0xx_hal_crc.o
    0x080005c8   0x080005c8   0x00000024   Code   RO          228    i.HAL_CRC_MspInit   crc.o
    0x080005ec   0x080005ec   0x00000024   Code   RO         1936    i.HAL_Delay         stm32g0xx_hal.o
    0x08000610   0x08000610   0x00000080   Code   RO         1319    i.HAL_FLASHEx_Erase  stm32g0xx_hal_flash_ex.o
    0x08000690   0x08000690   0x0000001c   Code   RO         1211    i.HAL_FLASH_Lock    stm32g0xx_hal_flash.o
    0x080006ac   0x080006ac   0x00000060   Code   RO         1216    i.HAL_FLASH_Program  stm32g0xx_hal_flash.o
    0x0800070c   0x0800070c   0x00000028   Code   RO         1218    i.HAL_FLASH_Unlock  stm32g0xx_hal_flash.o
    0x08000734   0x08000734   0x00000002   Code   RO          140    i.HAL_GPIO_EXTI_Falling_Callback  main.o
    0x08000736   0x08000736   0x00000002   PAD
    0x08000738   0x08000738   0x00000028   Code   RO          396    i.HAL_GPIO_EXTI_IRQHandler  stm32g0xx_hal_gpio.o
    0x08000760   0x08000760   0x00000002   Code   RO          397    i.HAL_GPIO_EXTI_Rising_Callback  stm32g0xx_hal_gpio.o
    0x08000762   0x08000762   0x00000002   PAD
    0x08000764   0x08000764   0x00000134   Code   RO          398    i.HAL_GPIO_Init     stm32g0xx_hal_gpio.o
    0x08000898   0x08000898   0x0000000c   Code   RO          402    i.HAL_GPIO_WritePin  stm32g0xx_hal_gpio.o
    0x080008a4   0x080008a4   0x0000000c   Code   RO         1940    i.HAL_GetTick       stm32g0xx_hal.o
    0x080008b0   0x080008b0   0x00000010   Code   RO         1946    i.HAL_IncTick       stm32g0xx_hal.o
    0x080008c0   0x080008c0   0x00000028   Code   RO         1947    i.HAL_Init          stm32g0xx_hal.o
    0x080008e8   0x080008e8   0x00000048   Code   RO         1948    i.HAL_InitTick      stm32g0xx_hal.o
    0x08000930   0x08000930   0x0000002c   Code   RO          374    i.HAL_MspInit       stm32g0xx_hal_msp.o
    0x0800095c   0x0800095c   0x00000018   Code   RO         1824    i.HAL_NVIC_EnableIRQ  stm32g0xx_hal_cortex.o
    0x08000974   0x08000974   0x00000008   Code   RO         1828    i.HAL_NVIC_SetPriority  stm32g0xx_hal_cortex.o
    0x0800097c   0x0800097c   0x0000004c   Code   RO         1679    i.HAL_PWREx_ControlVoltageScaling  stm32g0xx_hal_pwr_ex.o
    0x080009c8   0x080009c8   0x00000158   Code   RO         1052    i.HAL_RCC_ClockConfig  stm32g0xx_hal_rcc.o
    0x08000b20   0x08000b20   0x00000028   Code   RO         1060    i.HAL_RCC_GetPCLK1Freq  stm32g0xx_hal_rcc.o
    0x08000b48   0x08000b48   0x0000008c   Code   RO         1061    i.HAL_RCC_GetSysClockFreq  stm32g0xx_hal_rcc.o
    0x08000bd4   0x08000bd4   0x000003f0   Code   RO         1065    i.HAL_RCC_OscConfig  stm32g0xx_hal_rcc.o
    0x08000fc4   0x08000fc4   0x00000030   Code   RO         1832    i.HAL_SYSTICK_Config  stm32g0xx_hal_cortex.o
    0x08000ff4   0x08000ff4   0x00000070   Code   RO          614    i.HAL_UART_Init     stm32g0xx_hal_uart.o
    0x08001064   0x08001064   0x0000005c   Code   RO          266    i.HAL_UART_MspInit  usart.o
    0x080010c0   0x080010c0   0x00000118   Code   RO          617    i.HAL_UART_Receive  stm32g0xx_hal_uart.o
    0x080011d8   0x080011d8   0x000000e0   Code   RO          622    i.HAL_UART_Transmit  stm32g0xx_hal_uart.o
    0x080012b8   0x080012b8   0x00000002   Code   RO          322    i.HardFault_Handler  stm32g0xx_it.o
    0x080012ba   0x080012ba   0x00000002   PAD
    0x080012bc   0x080012bc   0x0000004c   Code   RO         2257    i.Int2Str           common.o
    0x08001308   0x08001308   0x0000003c   Code   RO          229    i.MX_CRC_Init       crc.o
    0x08001344   0x08001344   0x0000008c   Code   RO          207    i.MX_GPIO_Init      gpio.o
    0x080013d0   0x080013d0   0x0000003c   Code   RO          267    i.MX_USART2_UART_Init  usart.o
    0x0800140c   0x0800140c   0x00000254   Code   RO         2336    i.Main_Menu         menu.o
    0x08001660   0x08001660   0x00000002   Code   RO          323    i.NMI_Handler       stm32g0xx_it.o
    0x08001662   0x08001662   0x00000002   Code   RO          324    i.PendSV_Handler    stm32g0xx_it.o
    0x08001664   0x08001664   0x000000c8   Code   RO         2380    i.ReceivePacket     ymodem.o
    0x0800172c   0x0800172c   0x00000002   Code   RO          325    i.SVC_Handler       stm32g0xx_it.o
    0x0800172e   0x0800172e   0x00000002   PAD
    0x08001730   0x08001730   0x00000194   Code   RO         2337    i.SerialDownload    menu.o
    0x080018c4   0x080018c4   0x000000cc   Code   RO         2338    i.SerialUpload      menu.o
    0x08001990   0x08001990   0x00000024   Code   RO         2258    i.Serial_PutByte    common.o
    0x080019b4   0x080019b4   0x00000020   Code   RO         2259    i.Serial_PutString  common.o
    0x080019d4   0x080019d4   0x000000b4   Code   RO         2260    i.Str2Int           common.o
    0x08001a88   0x08001a88   0x00000008   Code   RO          326    i.SysTick_Handler   stm32g0xx_it.o
    0x08001a90   0x08001a90   0x0000005e   Code   RO          141    i.SystemClock_Config  main.o
    0x08001aee   0x08001aee   0x00000002   PAD
    0x08001af0   0x08001af0   0x00000010   Code   RO         2224    i.SystemInit        system_stm32g0xx.o
    0x08001b00   0x08001b00   0x000000ca   Code   RO          627    i.UART_AdvFeatureConfig  stm32g0xx_hal_uart.o
    0x08001bca   0x08001bca   0x00000002   PAD
    0x08001bcc   0x08001bcc   0x00000064   Code   RO          628    i.UART_CheckIdleState  stm32g0xx_hal_uart.o
    0x08001c30   0x08001c30   0x00000638   Code   RO          645    i.UART_SetConfig    stm32g0xx_hal_uart.o
    0x08002268   0x08002268   0x00000066   Code   RO          650    i.UART_WaitOnFlagUntilTimeout  stm32g0xx_hal_uart.o
    0x080022ce   0x080022ce   0x00000002   PAD
    0x080022d0   0x080022d0   0x0000018c   Code   RO         2382    i.Ymodem_Receive    ymodem.o
    0x0800245c   0x0800245c   0x0000030c   Code   RO         2383    i.Ymodem_Transmit   ymodem.o
    0x08002768   0x08002768   0x00000044   Code   RO         1834    i.__NVIC_SetPriority  stm32g0xx_hal_cortex.o
    0x080027ac   0x080027ac   0x0000000e   Code   RO         2464    i.__scatterload_copy  mc_p.l(handlers.o)
    0x080027ba   0x080027ba   0x00000002   Code   RO         2465    i.__scatterload_null  mc_p.l(handlers.o)
    0x080027bc   0x080027bc   0x0000000e   Code   RO         2466    i.__scatterload_zeroinit  mc_p.l(handlers.o)
    0x080027ca   0x080027ca   0x0000001e   Code   RO          143    i.main              main.o
    0x080027e8   0x080027e8   0x00000040   Data   RO         2225    .constdata          system_stm32g0xx.o
    0x08002828   0x08002828   0x00000020   Data   RO         2226    .constdata          system_stm32g0xx.o
    0x08002848   0x08002848   0x0000009b   Data   RO         2340    .conststring        menu.o
    0x080028e3   0x080028e3   0x00000001   PAD
    0x080028e4   0x080028e4   0x00000020   Data   RO         2462    Region$$Table       anon$$obj.o


    Execution Region RW_IRAM1 (Exec base: 0x20000000, Load base: 0x08002904, Size: 0x00000928, Max: 0x00002000, ABSOLUTE)

    Exec Addr    Load Addr    Size         Type   Attr      Idx    E Section Name        Object

    0x20000000   0x08002904   0x0000000c   Data   RW         1965    .data               stm32g0xx_hal.o
    0x2000000c   0x08002910   0x00000004   Data   RW         2227    .data               system_stm32g0xx.o
    0x20000010   0x08002914   0x00000008   Data   RW         2342    .data               menu.o
    0x20000018        -       0x00000024   Zero   RW          230    .bss                crc.o
    0x2000003c        -       0x0000008c   Zero   RW          271    .bss                usart.o
    0x200000c8        -       0x00000018   Zero   RW         1219    .bss                stm32g0xx_hal_flash.o
    0x200000e0        -       0x00000040   Zero   RW         2339    .bss                menu.o
    0x20000120        -       0x00000406   Zero   RW         2384    .bss                ymodem.o
    0x20000526   0x0800291c   0x00000002   PAD
    0x20000528        -       0x00000400   Zero   RW            1    STACK               startup_stm32g031xx.o


==============================================================================

Image component sizes


      Code (inc. data)   RO Data    RW Data    ZI Data      Debug   Object Name

         0          0          0          0          0     377285   bootloader.o
       324         16          0          0          0       3176   common.o
        96         22          0          0         36       1463   crc.o
       216         24          0          0          0       2362   flash_if.o
       140         16          0          0          0        919   gpio.o
       128          0          0          0          0       3417   main.o
      1204        868        155          8         64       2859   menu.o
        28          8        192          0       1024        632   startup_stm32g031xx.o
       176         26          0         12          0       4161   stm32g0xx_hal.o
       148         24          0          0          0      12449   stm32g0xx_hal_cortex.o
       382          6          0          0          0       3891   stm32g0xx_hal_crc.o
        80          0          0          0          0       1459   stm32g0xx_hal_crc_ex.o
       360         52          0          0         24      18162   stm32g0xx_hal_flash.o
       180         26          0          0          0       3590   stm32g0xx_hal_flash_ex.o
       362         20          0          0          0       3659   stm32g0xx_hal_gpio.o
        44          6          0          0          0        830   stm32g0xx_hal_msp.o
        76         14          0          0          0        790   stm32g0xx_hal_pwr_ex.o
      1532         88          0          0          0      22913   stm32g0xx_hal_rcc.o
      2612         54          0          0          0       9100   stm32g0xx_hal_uart.o
        26          0          0          0          0       2600   stm32g0xx_it.o
        16          6         96          4          0       1199   system_stm32g0xx.o
       152         18          0          0        140       1706   usart.o
      1376         46          0          0       1030       5978   ymodem.o

    ----------------------------------------------------------------------
      9674       1340        476         24       2320     484600   Object Totals
         0          0         32          0          0          0   (incl. Generated)
        16          0          1          0          2          0   (incl. Padding)

    ----------------------------------------------------------------------

      Code (inc. data)   RO Data    RW Data    ZI Data      Debug   Library Member Name

         0          0          0          0          0          0   entry.o
         0          0          0          0          0          0   entry10a.o
         0          0          0          0          0          0   entry11a.o
         8          4          0          0          0          0   entry2.o
         4          0          0          0          0          0   entry5.o
         0          0          0          0          0          0   entry7b.o
         0          0          0          0          0          0   entry8b.o
         8          4          0          0          0          0   entry9a.o
        30          0          0          0          0          0   handlers.o
        36          8          0          0          0         68   init.o
        32          0          0          0          0         68   llshl.o
        34          0          0          0          0         68   llushr.o
        36          0          0          0          0        100   memseta.o
        44          0          0          0          0         72   uidiv.o
        96          0          0          0          0         84   uldiv.o
        20          0          0          0          0         60   uread4.o

    ----------------------------------------------------------------------
       350         16          0          0          0        520   Library Totals
         2          0          0          0          0          0   (incl. Padding)

    ----------------------------------------------------------------------

      Code (inc. data)   RO Data    RW Data    ZI Data      Debug   Library Name

       348         16          0          0          0        520   mc_p.l

    ----------------------------------------------------------------------
       350         16          0          0          0        520   Library Totals

    ----------------------------------------------------------------------

==============================================================================


      Code (inc. data)   RO Data    RW Data    ZI Data      Debug   

     10024       1356        476         24       2320     482236   Grand Totals
     10024       1356        476         24       2320     482236   ELF Image Totals
     10024       1356        476         24          0          0   ROM Totals

==============================================================================

    Total RO  Size (Code + RO Data)                10500 (  10.25kB)
    Total RW  Size (RW Data + ZI Data)              2344 (   2.29kB)
    Total ROM Size (Code + RO Data + RW Data)      10524 (  10.28kB)

==============================================================================

